<html>
<body>
<pre>
<h1>µVision Build Log</h1>
<h2>Tool Versions:</h2>
IDE-Version: ¦ÌVision V5.29.0.0
Copyright (C) 2019 ARM Ltd and ARM Germany GmbH. All rights reserved.
License Information: PU_LI CE, ON, LIC=KRMW3-AIZM5-KPYZY-I04MR-05QIR-TDTXL
 
Tool Versions:
Toolchain:       MDK-ARM Plus  Version: 5.29.0.0
Toolchain Path:  D:\Program Files (x86)\keil\keil5\ARM\ARMCC\Bin
C Compiler:      Armcc.exe V5.06 update 6 (build 750)
Assembler:       Armasm.exe V5.06 update 6 (build 750)
Linker/Locator:  ArmLink.exe V5.06 update 6 (build 750)
Library Manager: ArmAr.exe V5.06 update 6 (build 750)
Hex Converter:   FromElf.exe V5.06 update 6 (build 750)
CPU DLL:         SARMCM3.DLL V5.29.0.0
Dialog DLL:      DARMSTM.DLL V1.68.0.0
Target DLL:      STLink\ST-LINKIII-KEIL_SWO.dll V3.0.7.0
Dialog DLL:      TARMSTM.DLL V1.66.0.0
 
<h2>Project:</h2>
C:\Users\no\Desktop\ucosii_project\USER\LED.uvprojx
Project File Date:  07/10/2020

<h2>Output:</h2>
*** Using Compiler 'V5.06 update 6 (build 750)', folder: 'D:\Program Files (x86)\keil\keil5\ARM\ARMCC\Bin'
Rebuild target 'LED'
compiling led.c...
compiling core_cm3.c...
compiling stm32f10x_it.c...
compiling sys.c...
compiling main.c...
compiling system_stm32f10x.c...
compiling usart.c...
compiling delay.c...
assembling startup_stm32f10x_hd.s...
compiling os_dbg_r.c...
compiling os_core.c...
compiling os_flag.c...
compiling os_mbox.c...
compiling misc.c...
compiling stm32f10x_gpio.c...
compiling os_mem.c...
compiling stm32f10x_dbgmcu.c...
compiling stm32f10x_usart.c...
compiling stm32f10x_rcc.c...
compiling os_mutex.c...
compiling os_tmr.c...
compiling os_time.c...
compiling os_sem.c...
compiling os_q.c...
compiling os_task.c...
assembling os_cpu_a.asm...
compiling os_cpu_c.c...
linking...
Program Size: Code=2784 RO-data=592 RW-data=104 ZI-data=4520  
FromELF: creating hex file...
"..\OBJ\LED.axf" - 0 Error(s), 0 Warning(s).

<h2>Software Packages used:</h2>

Package Vendor: Keil
                http://www.keil.com/pack/Keil.STM32F1xx_DFP.2.3.0.pack
                Keil.STM32F1xx_DFP.2.3.0
                STMicroelectronics STM32F1 Series Device Support, Drivers and Examples

<h2>Collection of Component include folders:</h2>
  .\RTE\_LED
  D:\Program Files (x86)\keil\keil5\Keil\STM32F1xx_DFP\2.3.0\Device\Include

<h2>Collection of Component Files used:</h2>
Build Time Elapsed:  00:00:04
</pre>
</body>
</html>
