<html>
<body>
<pre>
<h1>礦ision Build Log</h1>
<h2>Project:</h2>
E:\完成设计的产品\(MCUDEV)-STM32开发板系列\(Mcudev)096寸OLED模块\(Mcudev)096寸OLED模块资料V2.0\(Mcudev)096寸OLED显示屏测试程序\1、0.96OLED显示屏_STM32F103C8系列_IIC_例程\USER\OLED.uvproj
Project File Date:  12/05/2015

<h2>Output:</h2>
Rebuild target 'Target 1'
compiling main.c...
compiling stm32f10x_it.c...
compiling system_stm32f10x.c...
compiling oled.c...
compiling delay.c...
compiling sys.c...
compiling usart.c...
compiling core_cm3.c...
assembling startup_stm32f10x_hd.s...
compiling misc.c...
compiling stm32f10x_gpio.c...
compiling stm32f10x_rcc.c...
compiling stm32f10x_usart.c...
linking...
Program Size: Code=6416 RO-data=2408 RW-data=6580 ZI-data=1836  
FromELF: creating hex file...
"..\OBJ\OLED.axf" - 0 Errors, 0 Warning(s).
Rebuild target 'Target 1'
compiling main.c...
compiling stm32f10x_it.c...
compiling system_stm32f10x.c...
compiling oled.c...
compiling delay.c...
compiling sys.c...
compiling usart.c...
compiling core_cm3.c...
assembling startup_stm32f10x_hd.s...
compiling misc.c...
compiling stm32f10x_gpio.c...
compiling stm32f10x_rcc.c...
compiling stm32f10x_usart.c...
linking...
Program Size: Code=6416 RO-data=2408 RW-data=6580 ZI-data=1836  
FromELF: creating hex file...
"..\OBJ\OLED.axf" - 0 Errors, 0 Warning(s).
Load "..\\OBJ\\OLED.axf" 
Erase Done.
Programming Done.
Verify OK.
Rebuild target 'Target 1'
compiling main.c...
compiling stm32f10x_it.c...
compiling system_stm32f10x.c...
compiling oled.c...
compiling delay.c...
compiling sys.c...
compiling usart.c...
compiling core_cm3.c...
assembling startup_stm32f10x_hd.s...
compiling misc.c...
compiling stm32f10x_gpio.c...
compiling stm32f10x_rcc.c...
compiling stm32f10x_usart.c...
linking...
Program Size: Code=6416 RO-data=2408 RW-data=6580 ZI-data=1836  
FromELF: creating hex file...
"..\OBJ\OLED.axf" - 0 Errors, 0 Warning(s).
Rebuild target 'Target 1'
compiling main.c...
compiling stm32f10x_it.c...
compiling system_stm32f10x.c...
compiling oled.c...
compiling delay.c...
compiling sys.c...
compiling usart.c...
compiling core_cm3.c...
assembling startup_stm32f10x_hd.s...
compiling misc.c...
compiling stm32f10x_gpio.c...
compiling stm32f10x_rcc.c...
compiling stm32f10x_usart.c...
linking...
Program Size: Code=6416 RO-data=2408 RW-data=6580 ZI-data=1836  
FromELF: creating hex file...
"..\OBJ\OLED.axf" - 0 Errors, 0 Warning(s).
Load "..\\OBJ\\OLED.axf" 
Erase Done.
Programming Done.
Verify OK.
Rebuild target 'Target 1'
compiling main.c...
compiling stm32f10x_it.c...
compiling system_stm32f10x.c...
compiling oled.c...
compiling delay.c...
compiling sys.c...
compiling usart.c...
compiling core_cm3.c...
assembling startup_stm32f10x_hd.s...
compiling misc.c...
compiling stm32f10x_gpio.c...
compiling stm32f10x_rcc.c...
compiling stm32f10x_usart.c...
linking...
Program Size: Code=6416 RO-data=2408 RW-data=6580 ZI-data=1836  
FromELF: creating hex file...
"..\OBJ\OLED.axf" - 0 Errors, 0 Warning(s).
Load "..\\OBJ\\OLED.axf" 
Erase Done.
Programming Done.
Verify OK.
Rebuild target 'Target 1'
compiling main.c...
compiling stm32f10x_it.c...
compiling system_stm32f10x.c...
compiling oled.c...
compiling delay.c...
compiling sys.c...
compiling usart.c...
compiling core_cm3.c...
assembling startup_stm32f10x_hd.s...
compiling misc.c...
compiling stm32f10x_gpio.c...
compiling stm32f10x_rcc.c...
compiling stm32f10x_usart.c...
linking...
Program Size: Code=6416 RO-data=2408 RW-data=6580 ZI-data=1836  
FromELF: creating hex file...
"..\OBJ\OLED.axf" - 0 Errors, 0 Warning(s).
Rebuild target 'Target 1'
compiling main.c...
compiling stm32f10x_it.c...
compiling system_stm32f10x.c...
compiling oled.c...
compiling delay.c...
compiling sys.c...
compiling usart.c...
compiling core_cm3.c...
assembling startup_stm32f10x_hd.s...
compiling misc.c...
compiling stm32f10x_gpio.c...
compiling stm32f10x_rcc.c...
compiling stm32f10x_usart.c...
linking...
Program Size: Code=6416 RO-data=2408 RW-data=6580 ZI-data=1836  
FromELF: creating hex file...
"..\OBJ\OLED.axf" - 0 Errors, 0 Warning(s).
Load "..\\OBJ\\OLED.axf" 
Erase Done.
Programming Done.
Verify OK.
Build target 'Target 1'
linking...
Program Size: Code=6416 RO-data=2408 RW-data=6580 ZI-data=1836  
FromELF: creating hex file...
"..\OBJ\OLED.axf" - 0 Errors, 0 Warning(s).
Rebuild target 'Target 1'
compiling main.c...
compiling stm32f10x_it.c...
compiling system_stm32f10x.c...
compiling oled.c...
compiling delay.c...
compiling sys.c...
compiling usart.c...
compiling core_cm3.c...
assembling startup_stm32f10x_hd.s...
compiling misc.c...
compiling stm32f10x_gpio.c...
compiling stm32f10x_rcc.c...
compiling stm32f10x_usart.c...
linking...
Program Size: Code=6416 RO-data=2408 RW-data=6580 ZI-data=1836  
FromELF: creating hex file...
"..\OBJ\OLED.axf" - 0 Errors, 0 Warning(s).
Load "..\\OBJ\\OLED.axf" 
Full Chip Erase Done.
Programming Done.
Verify OK.
Build target 'Target 1'
compiling main.c...
compiling oled.c...
linking...
Program Size: Code=6416 RO-data=2408 RW-data=6580 ZI-data=1836  
FromELF: creating hex file...
"..\OBJ\OLED.axf" - 0 Errors, 0 Warning(s).
Build target 'Target 1'
linking...
Program Size: Code=6416 RO-data=2408 RW-data=6580 ZI-data=1836  
FromELF: creating hex file...
"..\OBJ\OLED.axf" - 0 Errors, 0 Warning(s).
Load "..\\OBJ\\OLED.axf" 
Full Chip Erase Done.
Programming Done.
Verify OK.
Rebuild target 'Target 1'
compiling main.c...
compiling stm32f10x_it.c...
compiling system_stm32f10x.c...
compiling oled.c...
compiling delay.c...
compiling sys.c...
compiling usart.c...
compiling core_cm3.c...
assembling startup_stm32f10x_hd.s...
compiling misc.c...
compiling stm32f10x_gpio.c...
compiling stm32f10x_rcc.c...
compiling stm32f10x_usart.c...
linking...
Program Size: Code=6416 RO-data=2408 RW-data=6580 ZI-data=1836  
FromELF: creating hex file...
"..\OBJ\OLED.axf" - 0 Errors, 0 Warning(s).
Rebuild target 'Target 1'
compiling main.c...
compiling stm32f10x_it.c...
compiling system_stm32f10x.c...
compiling oled.c...
compiling delay.c...
compiling sys.c...
compiling usart.c...
compiling core_cm3.c...
assembling startup_stm32f10x_hd.s...
compiling misc.c...
compiling stm32f10x_gpio.c...
compiling stm32f10x_rcc.c...
compiling stm32f10x_usart.c...
linking...
Program Size: Code=6416 RO-data=2408 RW-data=6580 ZI-data=1836  
FromELF: creating hex file...
"..\OBJ\OLED.axf" - 0 Errors, 0 Warning(s).
Rebuild target 'Target 1'
compiling main.c...
compiling stm32f10x_it.c...
compiling system_stm32f10x.c...
compiling oled.c...
compiling delay.c...
compiling sys.c...
compiling usart.c...
compiling core_cm3.c...
assembling startup_stm32f10x_hd.s...
compiling misc.c...
compiling stm32f10x_gpio.c...
compiling stm32f10x_rcc.c...
compiling stm32f10x_usart.c...
linking...
Program Size: Code=6416 RO-data=2408 RW-data=6580 ZI-data=1836  
FromELF: creating hex file...
"..\OBJ\OLED.axf" - 0 Errors, 0 Warning(s).
Load "..\\OBJ\\OLED.axf" 
Full Chip Erase Done.
Programming Done.
Verify OK.
Rebuild target 'Target 1'
compiling main.c...
compiling stm32f10x_it.c...
compiling system_stm32f10x.c...
compiling oled.c...
compiling delay.c...
compiling sys.c...
compiling usart.c...
compiling core_cm3.c...
assembling startup_stm32f10x_hd.s...
compiling misc.c...
compiling stm32f10x_gpio.c...
compiling stm32f10x_rcc.c...
compiling stm32f10x_usart.c...
linking...
Program Size: Code=6416 RO-data=2408 RW-data=6580 ZI-data=1836  
FromELF: creating hex file...
"..\OBJ\OLED.axf" - 0 Errors, 0 Warning(s).
Rebuild target 'Target 1'
compiling main.c...
compiling stm32f10x_it.c...
compiling system_stm32f10x.c...
compiling oled.c...
compiling delay.c...
compiling sys.c...
compiling usart.c...
compiling core_cm3.c...
assembling startup_stm32f10x_hd.s...
compiling misc.c...
compiling stm32f10x_gpio.c...
compiling stm32f10x_rcc.c...
compiling stm32f10x_usart.c...
linking...
Program Size: Code=6416 RO-data=2408 RW-data=6580 ZI-data=1836  
FromELF: creating hex file...
"..\OBJ\OLED.axf" - 0 Errors, 0 Warning(s).
Rebuild target 'Target 1'
compiling main.c...
compiling stm32f10x_it.c...
compiling system_stm32f10x.c...
compiling oled.c...
compiling delay.c...
compiling sys.c...
compiling usart.c...
compiling core_cm3.c...
assembling startup_stm32f10x_hd.s...
compiling misc.c...
compiling stm32f10x_gpio.c...
compiling stm32f10x_rcc.c...
compiling stm32f10x_usart.c...
linking...
Program Size: Code=6416 RO-data=2408 RW-data=6580 ZI-data=1836  
FromELF: creating hex file...
"..\OBJ\OLED.axf" - 0 Errors, 0 Warning(s).
Rebuild target 'Target 1'
compiling main.c...
compiling stm32f10x_it.c...
compiling system_stm32f10x.c...
compiling oled.c...
compiling delay.c...
compiling sys.c...
compiling usart.c...
compiling core_cm3.c...
assembling startup_stm32f10x_hd.s...
compiling misc.c...
compiling stm32f10x_gpio.c...
compiling stm32f10x_rcc.c...
compiling stm32f10x_usart.c...
linking...
Program Size: Code=6416 RO-data=2408 RW-data=6580 ZI-data=1836  
FromELF: creating hex file...
"..\OBJ\OLED.axf" - 0 Errors, 0 Warning(s).
Rebuild target 'Target 1'
compiling main.c...
compiling stm32f10x_it.c...
compiling system_stm32f10x.c...
compiling oled.c...
compiling delay.c...
compiling sys.c...
compiling usart.c...
compiling core_cm3.c...
assembling startup_stm32f10x_hd.s...
compiling misc.c...
compiling stm32f10x_gpio.c...
compiling stm32f10x_rcc.c...
compiling stm32f10x_usart.c...
linking...
Program Size: Code=6416 RO-data=2408 RW-data=6580 ZI-data=1836  
FromELF: creating hex file...
"..\OBJ\OLED.axf" - 0 Errors, 0 Warning(s).
Rebuild target 'Target 1'
compiling main.c...
compiling stm32f10x_it.c...
compiling system_stm32f10x.c...
compiling oled.c...
compiling delay.c...
compiling sys.c...
compiling usart.c...
compiling core_cm3.c...
assembling startup_stm32f10x_hd.s...
compiling misc.c...
compiling stm32f10x_gpio.c...
compiling stm32f10x_rcc.c...
compiling stm32f10x_usart.c...
linking...
Program Size: Code=6416 RO-data=2408 RW-data=6580 ZI-data=1836  
FromELF: creating hex file...
"..\OBJ\OLED.axf" - 0 Errors, 0 Warning(s).
Load "..\\OBJ\\OLED.axf" 
Load "..\\OBJ\\OLED.axf" 
Full Chip Erase Done.
Programming Done.
Verify OK.
