Archive member included to satisfy reference by file (symbol)

d:/program files (x86)/gnu arm embedded toolchain/9 2020-q2-update/bin/../lib/gcc/arm-none-eabi/9.3.1/../../../../arm-none-eabi/lib/thumb/v7-m/nofp\libc.a(lib_a-exit.o)
                              d:/program files (x86)/gnu arm embedded toolchain/9 2020-q2-update/bin/../lib/gcc/arm-none-eabi/9.3.1/../../../../arm-none-eabi/lib/thumb/v7-m/nofp/crt0.o (exit)
d:/program files (x86)/gnu arm embedded toolchain/9 2020-q2-update/bin/../lib/gcc/arm-none-eabi/9.3.1/../../../../arm-none-eabi/lib/thumb/v7-m/nofp\libc.a(lib_a-impure.o)
                              d:/program files (x86)/gnu arm embedded toolchain/9 2020-q2-update/bin/../lib/gcc/arm-none-eabi/9.3.1/../../../../arm-none-eabi/lib/thumb/v7-m/nofp\libc.a(lib_a-exit.o) (_global_impure_ptr)
d:/program files (x86)/gnu arm embedded toolchain/9 2020-q2-update/bin/../lib/gcc/arm-none-eabi/9.3.1/../../../../arm-none-eabi/lib/thumb/v7-m/nofp\libc.a(lib_a-init.o)
                              d:/program files (x86)/gnu arm embedded toolchain/9 2020-q2-update/bin/../lib/gcc/arm-none-eabi/9.3.1/../../../../arm-none-eabi/lib/thumb/v7-m/nofp/crt0.o (__libc_init_array)
d:/program files (x86)/gnu arm embedded toolchain/9 2020-q2-update/bin/../lib/gcc/arm-none-eabi/9.3.1/../../../../arm-none-eabi/lib/thumb/v7-m/nofp\libc.a(lib_a-memset.o)
                              d:/program files (x86)/gnu arm embedded toolchain/9 2020-q2-update/bin/../lib/gcc/arm-none-eabi/9.3.1/../../../../arm-none-eabi/lib/thumb/v7-m/nofp/crt0.o (memset)
d:/program files (x86)/gnu arm embedded toolchain/9 2020-q2-update/bin/../lib/gcc/arm-none-eabi/9.3.1/../../../../arm-none-eabi/lib/thumb/v7-m/nofp\libc.a(lib_a-__call_atexit.o)
                              d:/program files (x86)/gnu arm embedded toolchain/9 2020-q2-update/bin/../lib/gcc/arm-none-eabi/9.3.1/../../../../arm-none-eabi/lib/thumb/v7-m/nofp\libc.a(lib_a-exit.o) (__call_exitprocs)
d:/program files (x86)/gnu arm embedded toolchain/9 2020-q2-update/bin/../lib/gcc/arm-none-eabi/9.3.1/../../../../arm-none-eabi/lib/thumb/v7-m/nofp\libc.a(lib_a-atexit.o)
                              d:/program files (x86)/gnu arm embedded toolchain/9 2020-q2-update/bin/../lib/gcc/arm-none-eabi/9.3.1/../../../../arm-none-eabi/lib/thumb/v7-m/nofp\libc.a(lib_a-__call_atexit.o) (atexit)
d:/program files (x86)/gnu arm embedded toolchain/9 2020-q2-update/bin/../lib/gcc/arm-none-eabi/9.3.1/../../../../arm-none-eabi/lib/thumb/v7-m/nofp\libc.a(lib_a-fini.o)
                              d:/program files (x86)/gnu arm embedded toolchain/9 2020-q2-update/bin/../lib/gcc/arm-none-eabi/9.3.1/../../../../arm-none-eabi/lib/thumb/v7-m/nofp\libc.a(lib_a-__call_atexit.o) (__libc_fini_array)
d:/program files (x86)/gnu arm embedded toolchain/9 2020-q2-update/bin/../lib/gcc/arm-none-eabi/9.3.1/../../../../arm-none-eabi/lib/thumb/v7-m/nofp\libc.a(lib_a-lock.o)
                              d:/program files (x86)/gnu arm embedded toolchain/9 2020-q2-update/bin/../lib/gcc/arm-none-eabi/9.3.1/../../../../arm-none-eabi/lib/thumb/v7-m/nofp\libc.a(lib_a-__call_atexit.o) (__retarget_lock_acquire_recursive)
d:/program files (x86)/gnu arm embedded toolchain/9 2020-q2-update/bin/../lib/gcc/arm-none-eabi/9.3.1/../../../../arm-none-eabi/lib/thumb/v7-m/nofp\libc.a(lib_a-__atexit.o)
                              d:/program files (x86)/gnu arm embedded toolchain/9 2020-q2-update/bin/../lib/gcc/arm-none-eabi/9.3.1/../../../../arm-none-eabi/lib/thumb/v7-m/nofp\libc.a(lib_a-atexit.o) (__register_exitproc)

Allocating common symbols
Common symbol       size              file

__lock___atexit_recursive_mutex
                    0x1               d:/program files (x86)/gnu arm embedded toolchain/9 2020-q2-update/bin/../lib/gcc/arm-none-eabi/9.3.1/../../../../arm-none-eabi/lib/thumb/v7-m/nofp\libc.a(lib_a-lock.o)
__lock___arc4random_mutex
                    0x1               d:/program files (x86)/gnu arm embedded toolchain/9 2020-q2-update/bin/../lib/gcc/arm-none-eabi/9.3.1/../../../../arm-none-eabi/lib/thumb/v7-m/nofp\libc.a(lib_a-lock.o)
__lock___env_recursive_mutex
                    0x1               d:/program files (x86)/gnu arm embedded toolchain/9 2020-q2-update/bin/../lib/gcc/arm-none-eabi/9.3.1/../../../../arm-none-eabi/lib/thumb/v7-m/nofp\libc.a(lib_a-lock.o)
__lock___sinit_recursive_mutex
                    0x1               d:/program files (x86)/gnu arm embedded toolchain/9 2020-q2-update/bin/../lib/gcc/arm-none-eabi/9.3.1/../../../../arm-none-eabi/lib/thumb/v7-m/nofp\libc.a(lib_a-lock.o)
RXData              0x14              build/usart.o
__lock___malloc_recursive_mutex
                    0x1               d:/program files (x86)/gnu arm embedded toolchain/9 2020-q2-update/bin/../lib/gcc/arm-none-eabi/9.3.1/../../../../arm-none-eabi/lib/thumb/v7-m/nofp\libc.a(lib_a-lock.o)
__lock___at_quick_exit_mutex
                    0x1               d:/program files (x86)/gnu arm embedded toolchain/9 2020-q2-update/bin/../lib/gcc/arm-none-eabi/9.3.1/../../../../arm-none-eabi/lib/thumb/v7-m/nofp\libc.a(lib_a-lock.o)
__lock___dd_hash_mutex
                    0x1               d:/program files (x86)/gnu arm embedded toolchain/9 2020-q2-update/bin/../lib/gcc/arm-none-eabi/9.3.1/../../../../arm-none-eabi/lib/thumb/v7-m/nofp\libc.a(lib_a-lock.o)
__lock___tz_mutex   0x1               d:/program files (x86)/gnu arm embedded toolchain/9 2020-q2-update/bin/../lib/gcc/arm-none-eabi/9.3.1/../../../../arm-none-eabi/lib/thumb/v7-m/nofp\libc.a(lib_a-lock.o)
__lock___sfp_recursive_mutex
                    0x1               d:/program files (x86)/gnu arm embedded toolchain/9 2020-q2-update/bin/../lib/gcc/arm-none-eabi/9.3.1/../../../../arm-none-eabi/lib/thumb/v7-m/nofp\libc.a(lib_a-lock.o)

Discarded input sections

 .text          0x00000000        0x0 d:/program files (x86)/gnu arm embedded toolchain/9 2020-q2-update/bin/../lib/gcc/arm-none-eabi/9.3.1/thumb/v7-m/nofp/crti.o
 .data          0x00000000        0x0 d:/program files (x86)/gnu arm embedded toolchain/9 2020-q2-update/bin/../lib/gcc/arm-none-eabi/9.3.1/thumb/v7-m/nofp/crti.o
 .bss           0x00000000        0x0 d:/program files (x86)/gnu arm embedded toolchain/9 2020-q2-update/bin/../lib/gcc/arm-none-eabi/9.3.1/thumb/v7-m/nofp/crti.o
 .data          0x00000000        0x4 d:/program files (x86)/gnu arm embedded toolchain/9 2020-q2-update/bin/../lib/gcc/arm-none-eabi/9.3.1/thumb/v7-m/nofp/crtbegin.o
 .text          0x00000000       0x7c d:/program files (x86)/gnu arm embedded toolchain/9 2020-q2-update/bin/../lib/gcc/arm-none-eabi/9.3.1/../../../../arm-none-eabi/lib/thumb/v7-m/nofp/crt0.o
 .data          0x00000000        0x0 d:/program files (x86)/gnu arm embedded toolchain/9 2020-q2-update/bin/../lib/gcc/arm-none-eabi/9.3.1/../../../../arm-none-eabi/lib/thumb/v7-m/nofp/crt0.o
 .bss           0x00000000        0x0 d:/program files (x86)/gnu arm embedded toolchain/9 2020-q2-update/bin/../lib/gcc/arm-none-eabi/9.3.1/../../../../arm-none-eabi/lib/thumb/v7-m/nofp/crt0.o
 .ARM.extab     0x00000000        0x0 d:/program files (x86)/gnu arm embedded toolchain/9 2020-q2-update/bin/../lib/gcc/arm-none-eabi/9.3.1/../../../../arm-none-eabi/lib/thumb/v7-m/nofp/crt0.o
 .ARM.exidx     0x00000000       0x10 d:/program files (x86)/gnu arm embedded toolchain/9 2020-q2-update/bin/../lib/gcc/arm-none-eabi/9.3.1/../../../../arm-none-eabi/lib/thumb/v7-m/nofp/crt0.o
 .ARM.attributes
                0x00000000       0x1b d:/program files (x86)/gnu arm embedded toolchain/9 2020-q2-update/bin/../lib/gcc/arm-none-eabi/9.3.1/../../../../arm-none-eabi/lib/thumb/v7-m/nofp/crt0.o
 .text          0x00000000        0x0 build/main.o
 .data          0x00000000        0x0 build/main.o
 .bss           0x00000000        0x0 build/main.o
 .data.BMP2     0x00000000      0x400 build/main.o
 .data.BMP3     0x00000000      0x400 build/main.o
 .data.BMP4     0x00000000      0x400 build/main.o
 .data.BMP5     0x00000000      0x400 build/main.o
 .data.BMP6     0x00000000      0x400 build/main.o
 .text          0x00000000        0x0 build/common.o
 .data          0x00000000        0x0 build/common.o
 .bss           0x00000000        0x0 build/common.o
 .text          0x00000000        0x0 build/stm32f10x_it.o
 .data          0x00000000        0x0 build/stm32f10x_it.o
 .bss           0x00000000        0x0 build/stm32f10x_it.o
 .text          0x00000000        0x0 build/oled.o
 .data          0x00000000        0x0 build/oled.o
 .bss           0x00000000        0x0 build/oled.o
 .data.Hzk      0x00000000      0x180 build/oled.o
 .text.fill_picture
                0x00000000       0x60 build/oled.o
 .text.Delay_50ms
                0x00000000       0x36 build/oled.o
 .text.Delay_1ms
                0x00000000       0x32 build/oled.o
 .text.OLED_Display_On
                0x00000000       0x20 build/oled.o
 .text.OLED_Display_Off
                0x00000000       0x20 build/oled.o
 .text.OLED_On  0x00000000       0x5a build/oled.o
 .text.oled_pow
                0x00000000       0x36 build/oled.o
 .text.OLED_ShowNum
                0x00000000       0xcc build/oled.o
 .text.OLED_ShowCHinese
                0x00000000       0xa4 build/oled.o
 .text          0x00000000        0x0 build/sys.o
 .data          0x00000000        0x0 build/sys.o
 .bss           0x00000000        0x0 build/sys.o
 .text          0x00000000        0x0 build/usart.o
 .data          0x00000000        0x0 build/usart.o
 .bss           0x00000000        0x0 build/usart.o
 .text.Compare_String
                0x00000000       0x34 build/usart.o
 .text          0x00000000        0x0 build/misc.o
 .data          0x00000000        0x0 build/misc.o
 .bss           0x00000000        0x0 build/misc.o
 .text.NVIC_SetVectorTable
                0x00000000       0x2c build/misc.o
 .text.NVIC_SystemLPConfig
                0x00000000       0x40 build/misc.o
 .text.SysTick_CLKSourceConfig
                0x00000000       0x38 build/misc.o
 .text          0x00000000        0x0 build/stm32f10x_rcc.o
 .data          0x00000000        0x0 build/stm32f10x_rcc.o
 .bss           0x00000000        0x0 build/stm32f10x_rcc.o
 .text.RCC_DeInit
                0x00000000       0x5c build/stm32f10x_rcc.o
 .text.RCC_HSEConfig
                0x00000000       0x5c build/stm32f10x_rcc.o
 .text.RCC_WaitForHSEStartUp
                0x00000000       0x50 build/stm32f10x_rcc.o
 .text.RCC_AdjustHSICalibrationValue
                0x00000000       0x3c build/stm32f10x_rcc.o
 .text.RCC_HSICmd
                0x00000000       0x20 build/stm32f10x_rcc.o
 .text.RCC_PLLConfig
                0x00000000       0x3c build/stm32f10x_rcc.o
 .text.RCC_PLLCmd
                0x00000000       0x20 build/stm32f10x_rcc.o
 .text.RCC_SYSCLKConfig
                0x00000000       0x38 build/stm32f10x_rcc.o
 .text.RCC_GetSYSCLKSource
                0x00000000       0x1c build/stm32f10x_rcc.o
 .text.RCC_HCLKConfig
                0x00000000       0x38 build/stm32f10x_rcc.o
 .text.RCC_PCLK1Config
                0x00000000       0x38 build/stm32f10x_rcc.o
 .text.RCC_PCLK2Config
                0x00000000       0x38 build/stm32f10x_rcc.o
 .text.RCC_ITConfig
                0x00000000       0x4c build/stm32f10x_rcc.o
 .text.RCC_USBCLKConfig
                0x00000000       0x1c build/stm32f10x_rcc.o
 .text.RCC_ADCCLKConfig
                0x00000000       0x38 build/stm32f10x_rcc.o
 .text.RCC_LSEConfig
                0x00000000       0x40 build/stm32f10x_rcc.o
 .text.RCC_LSICmd
                0x00000000       0x20 build/stm32f10x_rcc.o
 .text.RCC_RTCCLKConfig
                0x00000000       0x24 build/stm32f10x_rcc.o
 .text.RCC_RTCCLKCmd
                0x00000000       0x20 build/stm32f10x_rcc.o
 .text.RCC_AHBPeriphClockCmd
                0x00000000       0x3c build/stm32f10x_rcc.o
 .text.RCC_APB2PeriphResetCmd
                0x00000000       0x3c build/stm32f10x_rcc.o
 .text.RCC_APB1PeriphResetCmd
                0x00000000       0x3c build/stm32f10x_rcc.o
 .text.RCC_BackupResetCmd
                0x00000000       0x20 build/stm32f10x_rcc.o
 .text.RCC_ClockSecuritySystemCmd
                0x00000000       0x20 build/stm32f10x_rcc.o
 .text.RCC_MCOConfig
                0x00000000       0x20 build/stm32f10x_rcc.o
 .text.RCC_GetFlagStatus
                0x00000000       0x74 build/stm32f10x_rcc.o
 .text.RCC_ClearFlag
                0x00000000       0x1c build/stm32f10x_rcc.o
 .text.RCC_GetITStatus
                0x00000000       0x34 build/stm32f10x_rcc.o
 .text.RCC_ClearITPendingBit
                0x00000000       0x20 build/stm32f10x_rcc.o
 .text          0x00000000        0x0 build/stm32f10x_gpio.o
 .data          0x00000000        0x0 build/stm32f10x_gpio.o
 .bss           0x00000000        0x0 build/stm32f10x_gpio.o
 .text.GPIO_DeInit
                0x00000000       0xe4 build/stm32f10x_gpio.o
 .text.GPIO_AFIODeInit
                0x00000000       0x18 build/stm32f10x_gpio.o
 .text.GPIO_StructInit
                0x00000000       0x26 build/stm32f10x_gpio.o
 .text.GPIO_ReadInputDataBit
                0x00000000       0x32 build/stm32f10x_gpio.o
 .text.GPIO_ReadInputData
                0x00000000       0x18 build/stm32f10x_gpio.o
 .text.GPIO_ReadOutputDataBit
                0x00000000       0x32 build/stm32f10x_gpio.o
 .text.GPIO_ReadOutputData
                0x00000000       0x18 build/stm32f10x_gpio.o
 .text.GPIO_Write
                0x00000000       0x1c build/stm32f10x_gpio.o
 .text.GPIO_PinLockConfig
                0x00000000       0x42 build/stm32f10x_gpio.o
 .text.GPIO_EventOutputConfig
                0x00000000       0x4c build/stm32f10x_gpio.o
 .text.GPIO_EventOutputCmd
                0x00000000       0x20 build/stm32f10x_gpio.o
 .text.GPIO_PinRemapConfig
                0x00000000       0xe0 build/stm32f10x_gpio.o
 .text.GPIO_EXTILineConfig
                0x00000000       0x80 build/stm32f10x_gpio.o
 .text.GPIO_ETH_MediaInterfaceConfig
                0x00000000       0x1c build/stm32f10x_gpio.o
 .text          0x00000000        0x0 build/stm32f10x_usart.o
 .data          0x00000000        0x0 build/stm32f10x_usart.o
 .bss           0x00000000        0x0 build/stm32f10x_usart.o
 .text.USART_DeInit
                0x00000000       0xb8 build/stm32f10x_usart.o
 .text.USART_StructInit
                0x00000000       0x38 build/stm32f10x_usart.o
 .text.USART_ClockInit
                0x00000000       0x56 build/stm32f10x_usart.o
 .text.USART_ClockStructInit
                0x00000000       0x2a build/stm32f10x_usart.o
 .text.USART_DMACmd
                0x00000000       0x46 build/stm32f10x_usart.o
 .text.USART_SetAddress
                0x00000000       0x38 build/stm32f10x_usart.o
 .text.USART_WakeUpConfig
                0x00000000       0x36 build/stm32f10x_usart.o
 .text.USART_ReceiverWakeUpCmd
                0x00000000       0x3e build/stm32f10x_usart.o
 .text.USART_LINBreakDetectLengthConfig
                0x00000000       0x36 build/stm32f10x_usart.o
 .text.USART_LINCmd
                0x00000000       0x3e build/stm32f10x_usart.o
 .text.USART_SendBreak
                0x00000000       0x22 build/stm32f10x_usart.o
 .text.USART_SetGuardTime
                0x00000000       0x3a build/stm32f10x_usart.o
 .text.USART_SetPrescaler
                0x00000000       0x38 build/stm32f10x_usart.o
 .text.USART_SmartCardCmd
                0x00000000       0x3e build/stm32f10x_usart.o
 .text.USART_SmartCardNACKCmd
                0x00000000       0x3e build/stm32f10x_usart.o
 .text.USART_HalfDuplexCmd
                0x00000000       0x3e build/stm32f10x_usart.o
 .text.USART_OverSampling8Cmd
                0x00000000       0x42 build/stm32f10x_usart.o
 .text.USART_OneBitMethodCmd
                0x00000000       0x3e build/stm32f10x_usart.o
 .text.USART_IrDAConfig
                0x00000000       0x36 build/stm32f10x_usart.o
 .text.USART_IrDACmd
                0x00000000       0x3e build/stm32f10x_usart.o
 .text.USART_ClearFlag
                0x00000000       0x20 build/stm32f10x_usart.o
 .text          0x00000000        0x0 build/core_cm3.o
 .data          0x00000000        0x0 build/core_cm3.o
 .bss           0x00000000        0x0 build/core_cm3.o
 .text.__get_PSP
                0x00000000       0x10 build/core_cm3.o
 .text.__set_PSP
                0x00000000        0xa build/core_cm3.o
 .text.__get_MSP
                0x00000000       0x10 build/core_cm3.o
 .text.__set_MSP
                0x00000000        0xa build/core_cm3.o
 .text.__get_BASEPRI
                0x00000000       0x1c build/core_cm3.o
 .text.__set_BASEPRI
                0x00000000       0x18 build/core_cm3.o
 .text.__get_PRIMASK
                0x00000000       0x1c build/core_cm3.o
 .text.__set_PRIMASK
                0x00000000       0x18 build/core_cm3.o
 .text.__get_FAULTMASK
                0x00000000       0x1c build/core_cm3.o
 .text.__set_FAULTMASK
                0x00000000       0x18 build/core_cm3.o
 .text.__get_CONTROL
                0x00000000       0x1c build/core_cm3.o
 .text.__set_CONTROL
                0x00000000       0x18 build/core_cm3.o
 .text.__REV    0x00000000       0x1e build/core_cm3.o
 .text.__REV16  0x00000000       0x20 build/core_cm3.o
 .text.__REVSH  0x00000000       0x20 build/core_cm3.o
 .text.__RBIT   0x00000000       0x20 build/core_cm3.o
 .text.__LDREXB
                0x00000000       0x20 build/core_cm3.o
 .text.__LDREXH
                0x00000000       0x20 build/core_cm3.o
 .text.__LDREXW
                0x00000000       0x20 build/core_cm3.o
 .text.__STREXB
                0x00000000       0x22 build/core_cm3.o
 .text.__STREXH
                0x00000000       0x22 build/core_cm3.o
 .text.__STREXW
                0x00000000       0x24 build/core_cm3.o
 .debug_info    0x00000000      0x5da build/core_cm3.o
 .debug_abbrev  0x00000000       0xf6 build/core_cm3.o
 .debug_loc     0x00000000      0x678 build/core_cm3.o
 .debug_aranges
                0x00000000       0xc8 build/core_cm3.o
 .debug_ranges  0x00000000       0xb8 build/core_cm3.o
 .debug_line    0x00000000      0x38a build/core_cm3.o
 .debug_str     0x00000000      0x307 build/core_cm3.o
 .comment       0x00000000       0x4d build/core_cm3.o
 .debug_frame   0x00000000      0x320 build/core_cm3.o
 .ARM.attributes
                0x00000000       0x2d build/core_cm3.o
 .text          0x00000000        0x0 build/system_stm32f10x.o
 .data          0x00000000        0x0 build/system_stm32f10x.o
 .bss           0x00000000        0x0 build/system_stm32f10x.o
 .data.SystemCoreClock
                0x00000000        0x4 build/system_stm32f10x.o
 .data.AHBPrescTable
                0x00000000       0x10 build/system_stm32f10x.o
 .text.SystemCoreClockUpdate
                0x00000000       0xe4 build/system_stm32f10x.o
 .text          0x00000000       0x14 build/startup_stm32f103xe.o
 .data          0x00000000        0x0 build/startup_stm32f103xe.o
 .bss           0x00000000        0x0 build/startup_stm32f103xe.o
 .text          0x00000000        0x0 d:/program files (x86)/gnu arm embedded toolchain/9 2020-q2-update/bin/../lib/gcc/arm-none-eabi/9.3.1/../../../../arm-none-eabi/lib/thumb/v7-m/nofp\libc.a(lib_a-exit.o)
 .data          0x00000000        0x0 d:/program files (x86)/gnu arm embedded toolchain/9 2020-q2-update/bin/../lib/gcc/arm-none-eabi/9.3.1/../../../../arm-none-eabi/lib/thumb/v7-m/nofp\libc.a(lib_a-exit.o)
 .bss           0x00000000        0x0 d:/program files (x86)/gnu arm embedded toolchain/9 2020-q2-update/bin/../lib/gcc/arm-none-eabi/9.3.1/../../../../arm-none-eabi/lib/thumb/v7-m/nofp\libc.a(lib_a-exit.o)
 .text.exit     0x00000000       0x20 d:/program files (x86)/gnu arm embedded toolchain/9 2020-q2-update/bin/../lib/gcc/arm-none-eabi/9.3.1/../../../../arm-none-eabi/lib/thumb/v7-m/nofp\libc.a(lib_a-exit.o)
 .debug_frame   0x00000000       0x28 d:/program files (x86)/gnu arm embedded toolchain/9 2020-q2-update/bin/../lib/gcc/arm-none-eabi/9.3.1/../../../../arm-none-eabi/lib/thumb/v7-m/nofp\libc.a(lib_a-exit.o)
 .ARM.attributes
                0x00000000       0x2d d:/program files (x86)/gnu arm embedded toolchain/9 2020-q2-update/bin/../lib/gcc/arm-none-eabi/9.3.1/../../../../arm-none-eabi/lib/thumb/v7-m/nofp\libc.a(lib_a-exit.o)
 .text          0x00000000        0x0 d:/program files (x86)/gnu arm embedded toolchain/9 2020-q2-update/bin/../lib/gcc/arm-none-eabi/9.3.1/../../../../arm-none-eabi/lib/thumb/v7-m/nofp\libc.a(lib_a-impure.o)
 .data          0x00000000        0x0 d:/program files (x86)/gnu arm embedded toolchain/9 2020-q2-update/bin/../lib/gcc/arm-none-eabi/9.3.1/../../../../arm-none-eabi/lib/thumb/v7-m/nofp\libc.a(lib_a-impure.o)
 .bss           0x00000000        0x0 d:/program files (x86)/gnu arm embedded toolchain/9 2020-q2-update/bin/../lib/gcc/arm-none-eabi/9.3.1/../../../../arm-none-eabi/lib/thumb/v7-m/nofp\libc.a(lib_a-impure.o)
 .data._impure_ptr
                0x00000000        0x4 d:/program files (x86)/gnu arm embedded toolchain/9 2020-q2-update/bin/../lib/gcc/arm-none-eabi/9.3.1/../../../../arm-none-eabi/lib/thumb/v7-m/nofp\libc.a(lib_a-impure.o)
 .text          0x00000000        0x0 d:/program files (x86)/gnu arm embedded toolchain/9 2020-q2-update/bin/../lib/gcc/arm-none-eabi/9.3.1/../../../../arm-none-eabi/lib/thumb/v7-m/nofp\libc.a(lib_a-init.o)
 .data          0x00000000        0x0 d:/program files (x86)/gnu arm embedded toolchain/9 2020-q2-update/bin/../lib/gcc/arm-none-eabi/9.3.1/../../../../arm-none-eabi/lib/thumb/v7-m/nofp\libc.a(lib_a-init.o)
 .bss           0x00000000        0x0 d:/program files (x86)/gnu arm embedded toolchain/9 2020-q2-update/bin/../lib/gcc/arm-none-eabi/9.3.1/../../../../arm-none-eabi/lib/thumb/v7-m/nofp\libc.a(lib_a-init.o)
 .text          0x00000000        0x0 d:/program files (x86)/gnu arm embedded toolchain/9 2020-q2-update/bin/../lib/gcc/arm-none-eabi/9.3.1/../../../../arm-none-eabi/lib/thumb/v7-m/nofp\libc.a(lib_a-memset.o)
 .data          0x00000000        0x0 d:/program files (x86)/gnu arm embedded toolchain/9 2020-q2-update/bin/../lib/gcc/arm-none-eabi/9.3.1/../../../../arm-none-eabi/lib/thumb/v7-m/nofp\libc.a(lib_a-memset.o)
 .bss           0x00000000        0x0 d:/program files (x86)/gnu arm embedded toolchain/9 2020-q2-update/bin/../lib/gcc/arm-none-eabi/9.3.1/../../../../arm-none-eabi/lib/thumb/v7-m/nofp\libc.a(lib_a-memset.o)
 .text.memset   0x00000000       0xa0 d:/program files (x86)/gnu arm embedded toolchain/9 2020-q2-update/bin/../lib/gcc/arm-none-eabi/9.3.1/../../../../arm-none-eabi/lib/thumb/v7-m/nofp\libc.a(lib_a-memset.o)
 .debug_frame   0x00000000       0x38 d:/program files (x86)/gnu arm embedded toolchain/9 2020-q2-update/bin/../lib/gcc/arm-none-eabi/9.3.1/../../../../arm-none-eabi/lib/thumb/v7-m/nofp\libc.a(lib_a-memset.o)
 .ARM.attributes
                0x00000000       0x2d d:/program files (x86)/gnu arm embedded toolchain/9 2020-q2-update/bin/../lib/gcc/arm-none-eabi/9.3.1/../../../../arm-none-eabi/lib/thumb/v7-m/nofp\libc.a(lib_a-memset.o)
 .text          0x00000000        0x0 d:/program files (x86)/gnu arm embedded toolchain/9 2020-q2-update/bin/../lib/gcc/arm-none-eabi/9.3.1/../../../../arm-none-eabi/lib/thumb/v7-m/nofp\libc.a(lib_a-__call_atexit.o)
 .data          0x00000000        0x0 d:/program files (x86)/gnu arm embedded toolchain/9 2020-q2-update/bin/../lib/gcc/arm-none-eabi/9.3.1/../../../../arm-none-eabi/lib/thumb/v7-m/nofp\libc.a(lib_a-__call_atexit.o)
 .bss           0x00000000        0x0 d:/program files (x86)/gnu arm embedded toolchain/9 2020-q2-update/bin/../lib/gcc/arm-none-eabi/9.3.1/../../../../arm-none-eabi/lib/thumb/v7-m/nofp\libc.a(lib_a-__call_atexit.o)
 .text.__call_exitprocs
                0x00000000       0xc0 d:/program files (x86)/gnu arm embedded toolchain/9 2020-q2-update/bin/../lib/gcc/arm-none-eabi/9.3.1/../../../../arm-none-eabi/lib/thumb/v7-m/nofp\libc.a(lib_a-__call_atexit.o)
 .text          0x00000000        0x0 d:/program files (x86)/gnu arm embedded toolchain/9 2020-q2-update/bin/../lib/gcc/arm-none-eabi/9.3.1/../../../../arm-none-eabi/lib/thumb/v7-m/nofp\libc.a(lib_a-atexit.o)
 .data          0x00000000        0x0 d:/program files (x86)/gnu arm embedded toolchain/9 2020-q2-update/bin/../lib/gcc/arm-none-eabi/9.3.1/../../../../arm-none-eabi/lib/thumb/v7-m/nofp\libc.a(lib_a-atexit.o)
 .bss           0x00000000        0x0 d:/program files (x86)/gnu arm embedded toolchain/9 2020-q2-update/bin/../lib/gcc/arm-none-eabi/9.3.1/../../../../arm-none-eabi/lib/thumb/v7-m/nofp\libc.a(lib_a-atexit.o)
 .text          0x00000000        0x0 d:/program files (x86)/gnu arm embedded toolchain/9 2020-q2-update/bin/../lib/gcc/arm-none-eabi/9.3.1/../../../../arm-none-eabi/lib/thumb/v7-m/nofp\libc.a(lib_a-fini.o)
 .data          0x00000000        0x0 d:/program files (x86)/gnu arm embedded toolchain/9 2020-q2-update/bin/../lib/gcc/arm-none-eabi/9.3.1/../../../../arm-none-eabi/lib/thumb/v7-m/nofp\libc.a(lib_a-fini.o)
 .bss           0x00000000        0x0 d:/program files (x86)/gnu arm embedded toolchain/9 2020-q2-update/bin/../lib/gcc/arm-none-eabi/9.3.1/../../../../arm-none-eabi/lib/thumb/v7-m/nofp\libc.a(lib_a-fini.o)
 .text          0x00000000        0x0 d:/program files (x86)/gnu arm embedded toolchain/9 2020-q2-update/bin/../lib/gcc/arm-none-eabi/9.3.1/../../../../arm-none-eabi/lib/thumb/v7-m/nofp\libc.a(lib_a-lock.o)
 .data          0x00000000        0x0 d:/program files (x86)/gnu arm embedded toolchain/9 2020-q2-update/bin/../lib/gcc/arm-none-eabi/9.3.1/../../../../arm-none-eabi/lib/thumb/v7-m/nofp\libc.a(lib_a-lock.o)
 .bss           0x00000000        0x0 d:/program files (x86)/gnu arm embedded toolchain/9 2020-q2-update/bin/../lib/gcc/arm-none-eabi/9.3.1/../../../../arm-none-eabi/lib/thumb/v7-m/nofp\libc.a(lib_a-lock.o)
 .text.__retarget_lock_init
                0x00000000        0x4 d:/program files (x86)/gnu arm embedded toolchain/9 2020-q2-update/bin/../lib/gcc/arm-none-eabi/9.3.1/../../../../arm-none-eabi/lib/thumb/v7-m/nofp\libc.a(lib_a-lock.o)
 .text.__retarget_lock_init_recursive
                0x00000000        0x4 d:/program files (x86)/gnu arm embedded toolchain/9 2020-q2-update/bin/../lib/gcc/arm-none-eabi/9.3.1/../../../../arm-none-eabi/lib/thumb/v7-m/nofp\libc.a(lib_a-lock.o)
 .text.__retarget_lock_close
                0x00000000        0x4 d:/program files (x86)/gnu arm embedded toolchain/9 2020-q2-update/bin/../lib/gcc/arm-none-eabi/9.3.1/../../../../arm-none-eabi/lib/thumb/v7-m/nofp\libc.a(lib_a-lock.o)
 .text.__retarget_lock_close_recursive
                0x00000000        0x4 d:/program files (x86)/gnu arm embedded toolchain/9 2020-q2-update/bin/../lib/gcc/arm-none-eabi/9.3.1/../../../../arm-none-eabi/lib/thumb/v7-m/nofp\libc.a(lib_a-lock.o)
 .text.__retarget_lock_acquire
                0x00000000        0x4 d:/program files (x86)/gnu arm embedded toolchain/9 2020-q2-update/bin/../lib/gcc/arm-none-eabi/9.3.1/../../../../arm-none-eabi/lib/thumb/v7-m/nofp\libc.a(lib_a-lock.o)
 .text.__retarget_lock_try_acquire
                0x00000000        0x4 d:/program files (x86)/gnu arm embedded toolchain/9 2020-q2-update/bin/../lib/gcc/arm-none-eabi/9.3.1/../../../../arm-none-eabi/lib/thumb/v7-m/nofp\libc.a(lib_a-lock.o)
 .text.__retarget_lock_try_acquire_recursive
                0x00000000        0x4 d:/program files (x86)/gnu arm embedded toolchain/9 2020-q2-update/bin/../lib/gcc/arm-none-eabi/9.3.1/../../../../arm-none-eabi/lib/thumb/v7-m/nofp\libc.a(lib_a-lock.o)
 .text.__retarget_lock_release
                0x00000000        0x4 d:/program files (x86)/gnu arm embedded toolchain/9 2020-q2-update/bin/../lib/gcc/arm-none-eabi/9.3.1/../../../../arm-none-eabi/lib/thumb/v7-m/nofp\libc.a(lib_a-lock.o)
 .text          0x00000000        0x0 d:/program files (x86)/gnu arm embedded toolchain/9 2020-q2-update/bin/../lib/gcc/arm-none-eabi/9.3.1/../../../../arm-none-eabi/lib/thumb/v7-m/nofp\libc.a(lib_a-__atexit.o)
 .data          0x00000000        0x0 d:/program files (x86)/gnu arm embedded toolchain/9 2020-q2-update/bin/../lib/gcc/arm-none-eabi/9.3.1/../../../../arm-none-eabi/lib/thumb/v7-m/nofp\libc.a(lib_a-__atexit.o)
 .bss           0x00000000        0x0 d:/program files (x86)/gnu arm embedded toolchain/9 2020-q2-update/bin/../lib/gcc/arm-none-eabi/9.3.1/../../../../arm-none-eabi/lib/thumb/v7-m/nofp\libc.a(lib_a-__atexit.o)
 .text          0x00000000        0x0 d:/program files (x86)/gnu arm embedded toolchain/9 2020-q2-update/bin/../lib/gcc/arm-none-eabi/9.3.1/thumb/v7-m/nofp/crtend.o
 .data          0x00000000        0x0 d:/program files (x86)/gnu arm embedded toolchain/9 2020-q2-update/bin/../lib/gcc/arm-none-eabi/9.3.1/thumb/v7-m/nofp/crtend.o
 .bss           0x00000000        0x0 d:/program files (x86)/gnu arm embedded toolchain/9 2020-q2-update/bin/../lib/gcc/arm-none-eabi/9.3.1/thumb/v7-m/nofp/crtend.o
 .eh_frame      0x00000000        0x4 d:/program files (x86)/gnu arm embedded toolchain/9 2020-q2-update/bin/../lib/gcc/arm-none-eabi/9.3.1/thumb/v7-m/nofp/crtend.o
 .ARM.attributes
                0x00000000       0x2d d:/program files (x86)/gnu arm embedded toolchain/9 2020-q2-update/bin/../lib/gcc/arm-none-eabi/9.3.1/thumb/v7-m/nofp/crtend.o
 .text          0x00000000        0x0 d:/program files (x86)/gnu arm embedded toolchain/9 2020-q2-update/bin/../lib/gcc/arm-none-eabi/9.3.1/thumb/v7-m/nofp/crtn.o
 .data          0x00000000        0x0 d:/program files (x86)/gnu arm embedded toolchain/9 2020-q2-update/bin/../lib/gcc/arm-none-eabi/9.3.1/thumb/v7-m/nofp/crtn.o
 .bss           0x00000000        0x0 d:/program files (x86)/gnu arm embedded toolchain/9 2020-q2-update/bin/../lib/gcc/arm-none-eabi/9.3.1/thumb/v7-m/nofp/crtn.o

Memory Configuration

Name             Origin             Length             Attributes
RAM              0x20000000         0x00005000         xrw
FLASH            0x08000000         0x00010000         xr
*default*        0x00000000         0xffffffff

Linker script and memory map

LOAD d:/program files (x86)/gnu arm embedded toolchain/9 2020-q2-update/bin/../lib/gcc/arm-none-eabi/9.3.1/thumb/v7-m/nofp/crti.o
LOAD d:/program files (x86)/gnu arm embedded toolchain/9 2020-q2-update/bin/../lib/gcc/arm-none-eabi/9.3.1/thumb/v7-m/nofp/crtbegin.o
LOAD d:/program files (x86)/gnu arm embedded toolchain/9 2020-q2-update/bin/../lib/gcc/arm-none-eabi/9.3.1/../../../../arm-none-eabi/lib/thumb/v7-m/nofp/crt0.o
LOAD build/main.o
LOAD build/common.o
LOAD build/stm32f10x_it.o
LOAD build/oled.o
LOAD build/sys.o
LOAD build/usart.o
LOAD build/misc.o
LOAD build/stm32f10x_rcc.o
LOAD build/stm32f10x_gpio.o
LOAD build/stm32f10x_usart.o
LOAD build/core_cm3.o
LOAD build/system_stm32f10x.o
LOAD build/startup_stm32f103xe.o
LOAD d:/program files (x86)/gnu arm embedded toolchain/9 2020-q2-update/bin/../lib/gcc/arm-none-eabi/9.3.1/../../../../arm-none-eabi/lib/thumb/v7-m/nofp\libc.a
START GROUP
LOAD d:/program files (x86)/gnu arm embedded toolchain/9 2020-q2-update/bin/../lib/gcc/arm-none-eabi/9.3.1/thumb/v7-m/nofp\libgcc.a
LOAD d:/program files (x86)/gnu arm embedded toolchain/9 2020-q2-update/bin/../lib/gcc/arm-none-eabi/9.3.1/../../../../arm-none-eabi/lib/thumb/v7-m/nofp\libc.a
END GROUP
LOAD d:/program files (x86)/gnu arm embedded toolchain/9 2020-q2-update/bin/../lib/gcc/arm-none-eabi/9.3.1/thumb/v7-m/nofp/crtend.o
LOAD d:/program files (x86)/gnu arm embedded toolchain/9 2020-q2-update/bin/../lib/gcc/arm-none-eabi/9.3.1/thumb/v7-m/nofp/crtn.o
                0x20005000                _estack = 0x20005000
                0x00000200                _Min_Heap_Size = 0x200
                0x00000400                _Min_Stack_Size = 0x400

.isr_vector     0x08000000      0x1e4
                0x08000000                . = ALIGN (0x4)
 *(.isr_vector)
 .isr_vector    0x08000000      0x1e4 build/startup_stm32f103xe.o
                0x08000000                g_pfnVectors
                0x080001e4                . = ALIGN (0x4)

.text           0x080001e4     0x1418
                0x080001e4                . = ALIGN (0x4)
 *(.text)
 .text          0x080001e4       0x40 d:/program files (x86)/gnu arm embedded toolchain/9 2020-q2-update/bin/../lib/gcc/arm-none-eabi/9.3.1/thumb/v7-m/nofp/crtbegin.o
 *(.text*)
 .text.main     0x08000224       0xd8 build/main.o
                0x08000224                main
 .text.Delay_ms
                0x080002fc       0x58 build/common.o
                0x080002fc                Delay_ms
 .text.NMI_Handler
                0x08000354        0xc build/stm32f10x_it.o
                0x08000354                NMI_Handler
 .text.HardFault_Handler
                0x08000360        0x6 build/stm32f10x_it.o
                0x08000360                HardFault_Handler
 .text.MemManage_Handler
                0x08000366        0x6 build/stm32f10x_it.o
                0x08000366                MemManage_Handler
 .text.BusFault_Handler
                0x0800036c        0x6 build/stm32f10x_it.o
                0x0800036c                BusFault_Handler
 .text.UsageFault_Handler
                0x08000372        0x6 build/stm32f10x_it.o
                0x08000372                UsageFault_Handler
 .text.SVC_Handler
                0x08000378        0xc build/stm32f10x_it.o
                0x08000378                SVC_Handler
 .text.DebugMon_Handler
                0x08000384        0xc build/stm32f10x_it.o
                0x08000384                DebugMon_Handler
 .text.PendSV_Handler
                0x08000390        0xc build/stm32f10x_it.o
                0x08000390                PendSV_Handler
 .text.SysTick_Handler
                0x0800039c        0xc build/stm32f10x_it.o
                0x0800039c                SysTick_Handler
 .text.IIC_Start
                0x080003a8       0x2c build/oled.o
                0x080003a8                IIC_Start
 .text.IIC_Stop
                0x080003d4       0x24 build/oled.o
                0x080003d4                IIC_Stop
 .text.IIC_Wait_Ack
                0x080003f8       0x1c build/oled.o
                0x080003f8                IIC_Wait_Ack
 .text.Write_IIC_Byte
                0x08000414       0x70 build/oled.o
                0x08000414                Write_IIC_Byte
 .text.Write_IIC_Command
                0x08000484       0x3a build/oled.o
                0x08000484                Write_IIC_Command
 .text.Write_IIC_Data
                0x080004be       0x3a build/oled.o
                0x080004be                Write_IIC_Data
 .text.OLED_WR_Byte
                0x080004f8       0x2e build/oled.o
                0x080004f8                OLED_WR_Byte
 .text.OLED_Set_Pos
                0x08000526       0x46 build/oled.o
                0x08000526                OLED_Set_Pos
 .text.OLED_Clear
                0x0800056c       0x5a build/oled.o
                0x0800056c                OLED_Clear
 *fill*         0x080005c6        0x2 
 .text.OLED_ShowChar
                0x080005c8       0xfc build/oled.o
                0x080005c8                OLED_ShowChar
 .text.OLED_ShowString
                0x080006c4       0x60 build/oled.o
                0x080006c4                OLED_ShowString
 .text.OLED_DrawBMP
                0x08000724       0x92 build/oled.o
                0x08000724                OLED_DrawBMP
 *fill*         0x080007b6        0x2 
 .text.OLED_Init
                0x080007b8      0x110 build/oled.o
                0x080007b8                OLED_Init
 .text.NVIC_Configuration
                0x080008c8       0x10 build/sys.o
                0x080008c8                NVIC_Configuration
 .text.uart_init
                0x080008d8       0xbc build/usart.o
                0x080008d8                uart_init
 .text.UART_Sendstring
                0x08000994       0x50 build/usart.o
                0x08000994                UART_Sendstring
 .text.Clear_Data
                0x080009e4       0x40 build/usart.o
                0x080009e4                Clear_Data
 .text.USART2_IRQHandler
                0x08000a24       0x94 build/usart.o
                0x08000a24                USART2_IRQHandler
 .text.NVIC_PriorityGroupConfig
                0x08000ab8       0x24 build/misc.o
                0x08000ab8                NVIC_PriorityGroupConfig
 .text.NVIC_Init
                0x08000adc       0xc4 build/misc.o
                0x08000adc                NVIC_Init
 .text.RCC_GetClocksFreq
                0x08000ba0      0x16c build/stm32f10x_rcc.o
                0x08000ba0                RCC_GetClocksFreq
 .text.RCC_APB2PeriphClockCmd
                0x08000d0c       0x3c build/stm32f10x_rcc.o
                0x08000d0c                RCC_APB2PeriphClockCmd
 .text.RCC_APB1PeriphClockCmd
                0x08000d48       0x3c build/stm32f10x_rcc.o
                0x08000d48                RCC_APB1PeriphClockCmd
 .text.GPIO_Init
                0x08000d84      0x178 build/stm32f10x_gpio.o
                0x08000d84                GPIO_Init
 .text.GPIO_SetBits
                0x08000efc       0x1c build/stm32f10x_gpio.o
                0x08000efc                GPIO_SetBits
 .text.GPIO_ResetBits
                0x08000f18       0x1c build/stm32f10x_gpio.o
                0x08000f18                GPIO_ResetBits
 .text.GPIO_WriteBit
                0x08000f34       0x2e build/stm32f10x_gpio.o
                0x08000f34                GPIO_WriteBit
 *fill*         0x08000f62        0x2 
 .text.USART_Init
                0x08000f64      0x174 build/stm32f10x_usart.o
                0x08000f64                USART_Init
 .text.USART_Cmd
                0x080010d8       0x3e build/stm32f10x_usart.o
                0x080010d8                USART_Cmd
 .text.USART_ITConfig
                0x08001116       0x8e build/stm32f10x_usart.o
                0x08001116                USART_ITConfig
 .text.USART_SendData
                0x080011a4       0x22 build/stm32f10x_usart.o
                0x080011a4                USART_SendData
 .text.USART_ReceiveData
                0x080011c6       0x1e build/stm32f10x_usart.o
                0x080011c6                USART_ReceiveData
 .text.USART_GetFlagStatus
                0x080011e4       0x36 build/stm32f10x_usart.o
                0x080011e4                USART_GetFlagStatus
 .text.USART_GetITStatus
                0x0800121a       0xb4 build/stm32f10x_usart.o
                0x0800121a                USART_GetITStatus
 .text.USART_ClearITPendingBit
                0x080012ce       0x38 build/stm32f10x_usart.o
                0x080012ce                USART_ClearITPendingBit
 *fill*         0x08001306        0x2 
 .text.SystemInit
                0x08001308       0x5c build/system_stm32f10x.o
                0x08001308                SystemInit
 .text.SetSysClock
                0x08001364        0xc build/system_stm32f10x.o
 .text.SetSysClockTo72
                0x08001370      0x100 build/system_stm32f10x.o
 .text.Reset_Handler
                0x08001470       0x48 build/startup_stm32f103xe.o
                0x08001470                Reset_Handler
 .text.Default_Handler
                0x080014b8        0x2 build/startup_stm32f103xe.o
                0x080014b8                RTC_Alarm_IRQHandler
                0x080014b8                EXTI2_IRQHandler
                0x080014b8                TIM8_TRG_COM_IRQHandler
                0x080014b8                TIM8_CC_IRQHandler
                0x080014b8                TIM1_CC_IRQHandler
                0x080014b8                TIM6_IRQHandler
                0x080014b8                PVD_IRQHandler
                0x080014b8                SDIO_IRQHandler
                0x080014b8                EXTI3_IRQHandler
                0x080014b8                EXTI0_IRQHandler
                0x080014b8                I2C2_EV_IRQHandler
                0x080014b8                ADC1_2_IRQHandler
                0x080014b8                SPI1_IRQHandler
                0x080014b8                TAMPER_IRQHandler
                0x080014b8                TIM8_UP_IRQHandler
                0x080014b8                DMA2_Channel2_IRQHandler
                0x080014b8                DMA1_Channel4_IRQHandler
                0x080014b8                USART3_IRQHandler
                0x080014b8                RTC_IRQHandler
                0x080014b8                DMA1_Channel7_IRQHandler
                0x080014b8                CAN1_RX1_IRQHandler
                0x080014b8                UART5_IRQHandler
                0x080014b8                ADC3_IRQHandler
                0x080014b8                TIM4_IRQHandler
                0x080014b8                DMA2_Channel1_IRQHandler
                0x080014b8                I2C1_EV_IRQHandler
                0x080014b8                DMA1_Channel6_IRQHandler
                0x080014b8                UART4_IRQHandler
                0x080014b8                TIM3_IRQHandler
                0x080014b8                RCC_IRQHandler
                0x080014b8                TIM1_TRG_COM_IRQHandler
                0x080014b8                DMA1_Channel1_IRQHandler
                0x080014b8                Default_Handler
                0x080014b8                EXTI15_10_IRQHandler
                0x080014b8                TIM7_IRQHandler
                0x080014b8                TIM5_IRQHandler
                0x080014b8                EXTI9_5_IRQHandler
                0x080014b8                SPI2_IRQHandler
                0x080014b8                DMA1_Channel5_IRQHandler
                0x080014b8                EXTI4_IRQHandler
                0x080014b8                USB_LP_CAN1_RX0_IRQHandler
                0x080014b8                USB_HP_CAN1_TX_IRQHandler
                0x080014b8                DMA1_Channel3_IRQHandler
                0x080014b8                FSMC_IRQHandler
                0x080014b8                TIM1_UP_IRQHandler
                0x080014b8                WWDG_IRQHandler
                0x080014b8                TIM2_IRQHandler
                0x080014b8                TIM1_BRK_IRQHandler
                0x080014b8                EXTI1_IRQHandler
                0x080014b8                DMA2_Channel4_5_IRQHandler
                0x080014b8                I2C2_ER_IRQHandler
                0x080014b8                DMA1_Channel2_IRQHandler
                0x080014b8                TIM8_BRK_IRQHandler
                0x080014b8                CAN1_SCE_IRQHandler
                0x080014b8                FLASH_IRQHandler
                0x080014b8                USART1_IRQHandler
                0x080014b8                SPI3_IRQHandler
                0x080014b8                I2C1_ER_IRQHandler
                0x080014b8                USBWakeUp_IRQHandler
                0x080014b8                DMA2_Channel3_IRQHandler
 *fill*         0x080014ba        0x2 
 .text.__libc_init_array
                0x080014bc       0x48 d:/program files (x86)/gnu arm embedded toolchain/9 2020-q2-update/bin/../lib/gcc/arm-none-eabi/9.3.1/../../../../arm-none-eabi/lib/thumb/v7-m/nofp\libc.a(lib_a-init.o)
                0x080014bc                __libc_init_array
 .text.startup.register_fini
                0x08001504       0x14 d:/program files (x86)/gnu arm embedded toolchain/9 2020-q2-update/bin/../lib/gcc/arm-none-eabi/9.3.1/../../../../arm-none-eabi/lib/thumb/v7-m/nofp\libc.a(lib_a-__call_atexit.o)
 .text.atexit   0x08001518        0xc d:/program files (x86)/gnu arm embedded toolchain/9 2020-q2-update/bin/../lib/gcc/arm-none-eabi/9.3.1/../../../../arm-none-eabi/lib/thumb/v7-m/nofp\libc.a(lib_a-atexit.o)
                0x08001518                atexit
 .text.__libc_fini_array
                0x08001524       0x2c d:/program files (x86)/gnu arm embedded toolchain/9 2020-q2-update/bin/../lib/gcc/arm-none-eabi/9.3.1/../../../../arm-none-eabi/lib/thumb/v7-m/nofp\libc.a(lib_a-fini.o)
                0x08001524                __libc_fini_array
 .text.__retarget_lock_acquire_recursive
                0x08001550        0x4 d:/program files (x86)/gnu arm embedded toolchain/9 2020-q2-update/bin/../lib/gcc/arm-none-eabi/9.3.1/../../../../arm-none-eabi/lib/thumb/v7-m/nofp\libc.a(lib_a-lock.o)
                0x08001550                __retarget_lock_acquire_recursive
 .text.__retarget_lock_release_recursive
                0x08001554        0x4 d:/program files (x86)/gnu arm embedded toolchain/9 2020-q2-update/bin/../lib/gcc/arm-none-eabi/9.3.1/../../../../arm-none-eabi/lib/thumb/v7-m/nofp\libc.a(lib_a-lock.o)
                0x08001554                __retarget_lock_release_recursive
 .text.__register_exitproc
                0x08001558       0x8c d:/program files (x86)/gnu arm embedded toolchain/9 2020-q2-update/bin/../lib/gcc/arm-none-eabi/9.3.1/../../../../arm-none-eabi/lib/thumb/v7-m/nofp\libc.a(lib_a-__atexit.o)
                0x08001558                __register_exitproc
 *(.glue_7)
 .glue_7        0x080015e4        0x0 linker stubs
 *(.glue_7t)
 .glue_7t       0x080015e4        0x0 linker stubs
 *(.eh_frame)
 .eh_frame      0x080015e4        0x0 d:/program files (x86)/gnu arm embedded toolchain/9 2020-q2-update/bin/../lib/gcc/arm-none-eabi/9.3.1/thumb/v7-m/nofp/crtbegin.o
 *(.init)
 .init          0x080015e4        0x4 d:/program files (x86)/gnu arm embedded toolchain/9 2020-q2-update/bin/../lib/gcc/arm-none-eabi/9.3.1/thumb/v7-m/nofp/crti.o
                0x080015e4                _init
 .init          0x080015e8        0x8 d:/program files (x86)/gnu arm embedded toolchain/9 2020-q2-update/bin/../lib/gcc/arm-none-eabi/9.3.1/thumb/v7-m/nofp/crtn.o
 *(.fini)
 .fini          0x080015f0        0x4 d:/program files (x86)/gnu arm embedded toolchain/9 2020-q2-update/bin/../lib/gcc/arm-none-eabi/9.3.1/thumb/v7-m/nofp/crti.o
                0x080015f0                _fini
 .fini          0x080015f4        0x8 d:/program files (x86)/gnu arm embedded toolchain/9 2020-q2-update/bin/../lib/gcc/arm-none-eabi/9.3.1/thumb/v7-m/nofp/crtn.o
                0x080015fc                . = ALIGN (0x4)
                0x080015fc                _etext = .

.vfp11_veneer   0x080015fc        0x0
 .vfp11_veneer  0x080015fc        0x0 linker stubs

.v4_bx          0x080015fc        0x0
 .v4_bx         0x080015fc        0x0 linker stubs

.iplt           0x080015fc        0x0
 .iplt          0x080015fc        0x0 d:/program files (x86)/gnu arm embedded toolchain/9 2020-q2-update/bin/../lib/gcc/arm-none-eabi/9.3.1/thumb/v7-m/nofp/crtbegin.o

.rodata         0x080015fc      0x854
                0x080015fc                . = ALIGN (0x4)
 *(.rodata)
 .rodata        0x080015fc       0x35 build/main.o
 *(.rodata*)
 *fill*         0x08001631        0x3 
 .rodata.F6x8   0x08001634      0x228 build/oled.o
                0x08001634                F6x8
 .rodata.F8X16  0x0800185c      0x5f0 build/oled.o
                0x0800185c                F8X16
 .rodata._global_impure_ptr
                0x08001e4c        0x4 d:/program files (x86)/gnu arm embedded toolchain/9 2020-q2-update/bin/../lib/gcc/arm-none-eabi/9.3.1/../../../../arm-none-eabi/lib/thumb/v7-m/nofp\libc.a(lib_a-impure.o)
                0x08001e4c                _global_impure_ptr
                0x08001e50                . = ALIGN (0x4)

.rel.dyn        0x08001e50        0x0
 .rel.iplt      0x08001e50        0x0 d:/program files (x86)/gnu arm embedded toolchain/9 2020-q2-update/bin/../lib/gcc/arm-none-eabi/9.3.1/thumb/v7-m/nofp/crtbegin.o

.ARM.extab
 *(.ARM.extab* .gnu.linkonce.armextab.*)

.ARM            0x08001e50        0x0
                0x08001e50                __exidx_start = .
 *(.ARM.exidx*)
                0x08001e50                __exidx_end = .

.preinit_array  0x08001e50        0x0
                0x08001e50                PROVIDE (__preinit_array_start = .)
 *(.preinit_array*)
                0x08001e50                PROVIDE (__preinit_array_end = .)

.init_array     0x08001e50        0x8
                0x08001e50                PROVIDE (__init_array_start = .)
 *(SORT_BY_NAME(.init_array.*))
 .init_array.00000
                0x08001e50        0x4 d:/program files (x86)/gnu arm embedded toolchain/9 2020-q2-update/bin/../lib/gcc/arm-none-eabi/9.3.1/../../../../arm-none-eabi/lib/thumb/v7-m/nofp\libc.a(lib_a-__call_atexit.o)
 *(.init_array*)
 .init_array    0x08001e54        0x4 d:/program files (x86)/gnu arm embedded toolchain/9 2020-q2-update/bin/../lib/gcc/arm-none-eabi/9.3.1/thumb/v7-m/nofp/crtbegin.o
                0x08001e58                PROVIDE (__init_array_end = .)

.fini_array     0x08001e58        0x4
                0x08001e58                PROVIDE (__fini_array_start = .)
 *(SORT_BY_NAME(.fini_array.*))
 *(.fini_array*)
 .fini_array    0x08001e58        0x4 d:/program files (x86)/gnu arm embedded toolchain/9 2020-q2-update/bin/../lib/gcc/arm-none-eabi/9.3.1/thumb/v7-m/nofp/crtbegin.o
                0x08001e5c                PROVIDE (__fini_array_end = .)
                0x08001e5c                _sidata = LOADADDR (.data)

.data           0x20000000      0x844 load address 0x08001e5c
                0x20000000                . = ALIGN (0x4)
                0x20000000                _sdata = .
 *(.data)
 *(.data*)
 .data.BMP1     0x20000000      0x400 build/main.o
                0x20000000                BMP1
 .data.APBAHBPrescTable
                0x20000400       0x10 build/stm32f10x_rcc.o
 .data.ADCPrescTable
                0x20000410        0x4 build/stm32f10x_rcc.o
 *fill*         0x20000414        0x4 
 .data.impure_data
                0x20000418      0x428 d:/program files (x86)/gnu arm embedded toolchain/9 2020-q2-update/bin/../lib/gcc/arm-none-eabi/9.3.1/../../../../arm-none-eabi/lib/thumb/v7-m/nofp\libc.a(lib_a-impure.o)
 .data.__atexit_recursive_mutex
                0x20000840        0x4 d:/program files (x86)/gnu arm embedded toolchain/9 2020-q2-update/bin/../lib/gcc/arm-none-eabi/9.3.1/../../../../arm-none-eabi/lib/thumb/v7-m/nofp\libc.a(lib_a-__call_atexit.o)
                0x20000840                __atexit_recursive_mutex
                0x20000844                . = ALIGN (0x4)
                0x20000844                _edata = .

.igot.plt       0x20000844        0x0 load address 0x080026a0
 .igot.plt      0x20000844        0x0 d:/program files (x86)/gnu arm embedded toolchain/9 2020-q2-update/bin/../lib/gcc/arm-none-eabi/9.3.1/thumb/v7-m/nofp/crtbegin.o
                0x20000844                . = ALIGN (0x4)

.bss            0x20000844       0x5c load address 0x080026a0
                0x20000844                _sbss = .
                0x20000844                __bss_start__ = _sbss
 *(.bss)
 .bss           0x20000844       0x1c d:/program files (x86)/gnu arm embedded toolchain/9 2020-q2-update/bin/../lib/gcc/arm-none-eabi/9.3.1/thumb/v7-m/nofp/crtbegin.o
 *(.bss*)
 .bss.RXcont    0x20000860        0x4 build/usart.o
 .bss.Vale      0x20000864        0x4 build/usart.o
 *(COMMON)
 COMMON         0x20000868       0x14 build/usart.o
                0x20000868                RXData
 COMMON         0x2000087c       0x21 d:/program files (x86)/gnu arm embedded toolchain/9 2020-q2-update/bin/../lib/gcc/arm-none-eabi/9.3.1/../../../../arm-none-eabi/lib/thumb/v7-m/nofp\libc.a(lib_a-lock.o)
                0x2000087c                __lock___atexit_recursive_mutex
                0x20000880                __lock___arc4random_mutex
                0x20000884                __lock___env_recursive_mutex
                0x20000888                __lock___sinit_recursive_mutex
                0x2000088c                __lock___malloc_recursive_mutex
                0x20000890                __lock___at_quick_exit_mutex
                0x20000894                __lock___dd_hash_mutex
                0x20000898                __lock___tz_mutex
                0x2000089c                __lock___sfp_recursive_mutex
                0x200008a0                . = ALIGN (0x4)
 *fill*         0x2000089d        0x3 
                0x200008a0                _ebss = .
                0x200008a0                __bss_end__ = _ebss

._user_heap_stack
                0x200008a0      0x600 load address 0x080026a0
                0x200008a0                . = ALIGN (0x8)
                [!provide]                PROVIDE (end = .)
                [!provide]                PROVIDE (_end = .)
                0x20000aa0                . = (. + _Min_Heap_Size)
 *fill*         0x200008a0      0x200 
                0x20000ea0                . = (. + _Min_Stack_Size)
 *fill*         0x20000aa0      0x400 
                0x20000ea0                . = ALIGN (0x8)

/DISCARD/
 libc.a(*)
 libm.a(*)
 libgcc.a(*)

.ARM.attributes
                0x00000000       0x29
 *(.ARM.attributes)
 .ARM.attributes
                0x00000000       0x1d d:/program files (x86)/gnu arm embedded toolchain/9 2020-q2-update/bin/../lib/gcc/arm-none-eabi/9.3.1/thumb/v7-m/nofp/crti.o
 .ARM.attributes
                0x0000001d       0x2d d:/program files (x86)/gnu arm embedded toolchain/9 2020-q2-update/bin/../lib/gcc/arm-none-eabi/9.3.1/thumb/v7-m/nofp/crtbegin.o
 .ARM.attributes
                0x0000004a       0x2d build/main.o
 .ARM.attributes
                0x00000077       0x2d build/common.o
 .ARM.attributes
                0x000000a4       0x2d build/stm32f10x_it.o
 .ARM.attributes
                0x000000d1       0x2d build/oled.o
 .ARM.attributes
                0x000000fe       0x2d build/sys.o
 .ARM.attributes
                0x0000012b       0x2d build/usart.o
 .ARM.attributes
                0x00000158       0x2d build/misc.o
 .ARM.attributes
                0x00000185       0x2d build/stm32f10x_rcc.o
 .ARM.attributes
                0x000001b2       0x2d build/stm32f10x_gpio.o
 .ARM.attributes
                0x000001df       0x2d build/stm32f10x_usart.o
 .ARM.attributes
                0x0000020c       0x2d build/system_stm32f10x.o
 .ARM.attributes
                0x00000239       0x21 build/startup_stm32f103xe.o
 .ARM.attributes
                0x0000025a       0x2d d:/program files (x86)/gnu arm embedded toolchain/9 2020-q2-update/bin/../lib/gcc/arm-none-eabi/9.3.1/../../../../arm-none-eabi/lib/thumb/v7-m/nofp\libc.a(lib_a-impure.o)
 .ARM.attributes
                0x00000287       0x2d d:/program files (x86)/gnu arm embedded toolchain/9 2020-q2-update/bin/../lib/gcc/arm-none-eabi/9.3.1/../../../../arm-none-eabi/lib/thumb/v7-m/nofp\libc.a(lib_a-init.o)
 .ARM.attributes
                0x000002b4       0x2d d:/program files (x86)/gnu arm embedded toolchain/9 2020-q2-update/bin/../lib/gcc/arm-none-eabi/9.3.1/../../../../arm-none-eabi/lib/thumb/v7-m/nofp\libc.a(lib_a-__call_atexit.o)
 .ARM.attributes
                0x000002e1       0x2d d:/program files (x86)/gnu arm embedded toolchain/9 2020-q2-update/bin/../lib/gcc/arm-none-eabi/9.3.1/../../../../arm-none-eabi/lib/thumb/v7-m/nofp\libc.a(lib_a-atexit.o)
 .ARM.attributes
                0x0000030e       0x2d d:/program files (x86)/gnu arm embedded toolchain/9 2020-q2-update/bin/../lib/gcc/arm-none-eabi/9.3.1/../../../../arm-none-eabi/lib/thumb/v7-m/nofp\libc.a(lib_a-fini.o)
 .ARM.attributes
                0x0000033b       0x2d d:/program files (x86)/gnu arm embedded toolchain/9 2020-q2-update/bin/../lib/gcc/arm-none-eabi/9.3.1/../../../../arm-none-eabi/lib/thumb/v7-m/nofp\libc.a(lib_a-lock.o)
 .ARM.attributes
                0x00000368       0x2d d:/program files (x86)/gnu arm embedded toolchain/9 2020-q2-update/bin/../lib/gcc/arm-none-eabi/9.3.1/../../../../arm-none-eabi/lib/thumb/v7-m/nofp\libc.a(lib_a-__atexit.o)
 .ARM.attributes
                0x00000395       0x1d d:/program files (x86)/gnu arm embedded toolchain/9 2020-q2-update/bin/../lib/gcc/arm-none-eabi/9.3.1/thumb/v7-m/nofp/crtn.o
OUTPUT(build/vscode_STM32F103RCT6.elf elf32-littlearm)
LOAD linker stubs
LOAD d:/program files (x86)/gnu arm embedded toolchain/9 2020-q2-update/bin/../lib/gcc/arm-none-eabi/9.3.1/../../../../arm-none-eabi/lib/thumb/v7-m/nofp\libc.a
LOAD d:/program files (x86)/gnu arm embedded toolchain/9 2020-q2-update/bin/../lib/gcc/arm-none-eabi/9.3.1/../../../../arm-none-eabi/lib/thumb/v7-m/nofp\libm.a
LOAD d:/program files (x86)/gnu arm embedded toolchain/9 2020-q2-update/bin/../lib/gcc/arm-none-eabi/9.3.1/thumb/v7-m/nofp\libgcc.a

.debug_info     0x00000000     0x6289
 .debug_info    0x00000000      0xce5 build/main.o
 .debug_info    0x00000ce5      0x14d build/common.o
 .debug_info    0x00000e32      0x179 build/stm32f10x_it.o
 .debug_info    0x00000fab     0x1202 build/oled.o
 .debug_info    0x000021ad      0xa4a build/sys.o
 .debug_info    0x00002bf7     0x1095 build/usart.o
 .debug_info    0x00003c8c      0x59d build/misc.o
 .debug_info    0x00004229      0x9d7 build/stm32f10x_rcc.o
 .debug_info    0x00004c00      0x7cc build/stm32f10x_gpio.o
 .debug_info    0x000053cc      0xb4c build/stm32f10x_usart.o
 .debug_info    0x00005f18      0x34f build/system_stm32f10x.o
 .debug_info    0x00006267       0x22 build/startup_stm32f103xe.o

.debug_abbrev   0x00000000     0x146c
 .debug_abbrev  0x00000000      0x247 build/main.o
 .debug_abbrev  0x00000247       0xfa build/common.o
 .debug_abbrev  0x00000341       0x82 build/stm32f10x_it.o
 .debug_abbrev  0x000003c3      0x335 build/oled.o
 .debug_abbrev  0x000006f8      0x1b6 build/sys.o
 .debug_abbrev  0x000008ae      0x2bd build/usart.o
 .debug_abbrev  0x00000b6b      0x187 build/misc.o
 .debug_abbrev  0x00000cf2      0x1fb build/stm32f10x_rcc.o
 .debug_abbrev  0x00000eed      0x211 build/stm32f10x_gpio.o
 .debug_abbrev  0x000010fe      0x1b9 build/stm32f10x_usart.o
 .debug_abbrev  0x000012b7      0x1a3 build/system_stm32f10x.o
 .debug_abbrev  0x0000145a       0x12 build/startup_stm32f103xe.o

.debug_loc      0x00000000     0x293c
 .debug_loc     0x00000000       0x38 build/main.o
 .debug_loc     0x00000038       0x5c build/common.o
 .debug_loc     0x00000094      0x204 build/stm32f10x_it.o
 .debug_loc     0x00000298      0x650 build/oled.o
 .debug_loc     0x000008e8       0x2c build/sys.o
 .debug_loc     0x00000914      0x190 build/usart.o
 .debug_loc     0x00000aa4      0x1cc build/misc.o
 .debug_loc     0x00000c70      0xb2c build/stm32f10x_rcc.o
 .debug_loc     0x0000179c      0x63c build/stm32f10x_gpio.o
 .debug_loc     0x00001dd8      0xa54 build/stm32f10x_usart.o
 .debug_loc     0x0000282c      0x110 build/system_stm32f10x.o

.debug_aranges  0x00000000      0x528
 .debug_aranges
                0x00000000       0x20 build/main.o
 .debug_aranges
                0x00000020       0x20 build/common.o
 .debug_aranges
                0x00000040       0x60 build/stm32f10x_it.o
 .debug_aranges
                0x000000a0       0xc8 build/oled.o
 .debug_aranges
                0x00000168       0x20 build/sys.o
 .debug_aranges
                0x00000188       0x40 build/usart.o
 .debug_aranges
                0x000001c8       0x40 build/misc.o
 .debug_aranges
                0x00000208      0x118 build/stm32f10x_rcc.o
 .debug_aranges
                0x00000320       0xa8 build/stm32f10x_gpio.o
 .debug_aranges
                0x000003c8      0x100 build/stm32f10x_usart.o
 .debug_aranges
                0x000004c8       0x38 build/system_stm32f10x.o
 .debug_aranges
                0x00000500       0x28 build/startup_stm32f103xe.o

.debug_ranges   0x00000000      0x470
 .debug_ranges  0x00000000       0x10 build/main.o
 .debug_ranges  0x00000010       0x10 build/common.o
 .debug_ranges  0x00000020       0x50 build/stm32f10x_it.o
 .debug_ranges  0x00000070       0xb8 build/oled.o
 .debug_ranges  0x00000128       0x10 build/sys.o
 .debug_ranges  0x00000138       0x30 build/usart.o
 .debug_ranges  0x00000168       0x30 build/misc.o
 .debug_ranges  0x00000198      0x108 build/stm32f10x_rcc.o
 .debug_ranges  0x000002a0       0x98 build/stm32f10x_gpio.o
 .debug_ranges  0x00000338       0xf0 build/stm32f10x_usart.o
 .debug_ranges  0x00000428       0x28 build/system_stm32f10x.o
 .debug_ranges  0x00000450       0x20 build/startup_stm32f103xe.o

.debug_line     0x00000000     0x2f6a
 .debug_line    0x00000000      0x358 build/main.o
 .debug_line    0x00000358      0x1d8 build/common.o
 .debug_line    0x00000530      0x233 build/stm32f10x_it.o
 .debug_line    0x00000763      0x870 build/oled.o
 .debug_line    0x00000fd3      0x221 build/sys.o
 .debug_line    0x000011f4      0x3b4 build/usart.o
 .debug_line    0x000015a8      0x2a3 build/misc.o
 .debug_line    0x0000184b      0x730 build/stm32f10x_rcc.o
 .debug_line    0x00001f7b      0x595 build/stm32f10x_gpio.o
 .debug_line    0x00002510      0x6dc build/stm32f10x_usart.o
 .debug_line    0x00002bec      0x304 build/system_stm32f10x.o
 .debug_line    0x00002ef0       0x7a build/startup_stm32f103xe.o

.debug_str      0x00000000     0x19fa
 .debug_str     0x00000000      0x6c5 build/main.o
                                0x737 (size before relaxing)
 .debug_str     0x000006c5       0x34 build/common.o
                                0x1b4 (size before relaxing)
 .debug_str     0x000006f9       0xa4 build/stm32f10x_it.o
                                0x224 (size before relaxing)
 .debug_str     0x0000079d      0x17f build/oled.o
                                0x880 (size before relaxing)
 .debug_str     0x0000091c       0x2d build/sys.o
                                0x59a (size before relaxing)
 .debug_str     0x00000949      0x4bd build/usart.o
                                0xbab (size before relaxing)
 .debug_str     0x00000e06      0x160 build/misc.o
                                0x3e1 (size before relaxing)
 .debug_str     0x00000f66      0x440 build/stm32f10x_rcc.o
                                0x643 (size before relaxing)
 .debug_str     0x000013a6      0x21a build/stm32f10x_gpio.o
                                0x542 (size before relaxing)
 .debug_str     0x000015c0      0x375 build/stm32f10x_usart.o
                                0x6b9 (size before relaxing)
 .debug_str     0x00001935       0x99 build/system_stm32f10x.o
                                0x2c2 (size before relaxing)
 .debug_str     0x000019ce       0x2c build/startup_stm32f103xe.o
                                 0x6d (size before relaxing)

.comment        0x00000000       0x4c
 .comment       0x00000000       0x4c build/main.o
                                 0x4d (size before relaxing)
 .comment       0x0000004c       0x4d build/common.o
 .comment       0x0000004c       0x4d build/stm32f10x_it.o
 .comment       0x0000004c       0x4d build/oled.o
 .comment       0x0000004c       0x4d build/sys.o
 .comment       0x0000004c       0x4d build/usart.o
 .comment       0x0000004c       0x4d build/misc.o
 .comment       0x0000004c       0x4d build/stm32f10x_rcc.o
 .comment       0x0000004c       0x4d build/stm32f10x_gpio.o
 .comment       0x0000004c       0x4d build/stm32f10x_usart.o
 .comment       0x0000004c       0x4d build/system_stm32f10x.o

.debug_frame    0x00000000     0x1500
 .debug_frame   0x00000000       0x30 build/main.o
 .debug_frame   0x00000030       0x38 build/common.o
 .debug_frame   0x00000068      0x110 build/stm32f10x_it.o
 .debug_frame   0x00000178      0x314 build/oled.o
 .debug_frame   0x0000048c       0x2c build/sys.o
 .debug_frame   0x000004b8       0xc4 build/usart.o
 .debug_frame   0x0000057c       0xd8 build/misc.o
 .debug_frame   0x00000654      0x4f4 build/stm32f10x_rcc.o
 .debug_frame   0x00000b48      0x2d0 build/stm32f10x_gpio.o
 .debug_frame   0x00000e18      0x490 build/stm32f10x_usart.o
 .debug_frame   0x000012a8       0x98 build/system_stm32f10x.o
 .debug_frame   0x00001340       0x2c d:/program files (x86)/gnu arm embedded toolchain/9 2020-q2-update/bin/../lib/gcc/arm-none-eabi/9.3.1/../../../../arm-none-eabi/lib/thumb/v7-m/nofp\libc.a(lib_a-init.o)
 .debug_frame   0x0000136c       0x5c d:/program files (x86)/gnu arm embedded toolchain/9 2020-q2-update/bin/../lib/gcc/arm-none-eabi/9.3.1/../../../../arm-none-eabi/lib/thumb/v7-m/nofp\libc.a(lib_a-__call_atexit.o)
 .debug_frame   0x000013c8       0x20 d:/program files (x86)/gnu arm embedded toolchain/9 2020-q2-update/bin/../lib/gcc/arm-none-eabi/9.3.1/../../../../arm-none-eabi/lib/thumb/v7-m/nofp\libc.a(lib_a-atexit.o)
 .debug_frame   0x000013e8       0x34 d:/program files (x86)/gnu arm embedded toolchain/9 2020-q2-update/bin/../lib/gcc/arm-none-eabi/9.3.1/../../../../arm-none-eabi/lib/thumb/v7-m/nofp\libc.a(lib_a-fini.o)
 .debug_frame   0x0000141c       0xb0 d:/program files (x86)/gnu arm embedded toolchain/9 2020-q2-update/bin/../lib/gcc/arm-none-eabi/9.3.1/../../../../arm-none-eabi/lib/thumb/v7-m/nofp\libc.a(lib_a-lock.o)
 .debug_frame   0x000014cc       0x34 d:/program files (x86)/gnu arm embedded toolchain/9 2020-q2-update/bin/../lib/gcc/arm-none-eabi/9.3.1/../../../../arm-none-eabi/lib/thumb/v7-m/nofp\libc.a(lib_a-__atexit.o)

Cross Reference Table

Symbol                                            File
ADC1_2_IRQHandler                                 build/startup_stm32f103xe.o
ADC3_IRQHandler                                   build/startup_stm32f103xe.o
AHBPrescTable                                     build/system_stm32f10x.o
BMP1                                              build/main.o
BMP2                                              build/main.o
BMP3                                              build/main.o
BMP4                                              build/main.o
BMP5                                              build/main.o
BMP6                                              build/main.o
BusFault_Handler                                  build/stm32f10x_it.o
CAN1_RX1_IRQHandler                               build/startup_stm32f103xe.o
CAN1_SCE_IRQHandler                               build/startup_stm32f103xe.o
Clear_Data                                        build/usart.o
Compare_String                                    build/usart.o
DMA1_Channel1_IRQHandler                          build/startup_stm32f103xe.o
DMA1_Channel2_IRQHandler                          build/startup_stm32f103xe.o
DMA1_Channel3_IRQHandler                          build/startup_stm32f103xe.o
DMA1_Channel4_IRQHandler                          build/startup_stm32f103xe.o
DMA1_Channel5_IRQHandler                          build/startup_stm32f103xe.o
DMA1_Channel6_IRQHandler                          build/startup_stm32f103xe.o
DMA1_Channel7_IRQHandler                          build/startup_stm32f103xe.o
DMA2_Channel1_IRQHandler                          build/startup_stm32f103xe.o
DMA2_Channel2_IRQHandler                          build/startup_stm32f103xe.o
DMA2_Channel3_IRQHandler                          build/startup_stm32f103xe.o
DMA2_Channel4_5_IRQHandler                        build/startup_stm32f103xe.o
DebugMon_Handler                                  build/stm32f10x_it.o
Default_Handler                                   build/startup_stm32f103xe.o
Delay_1ms                                         build/oled.o
Delay_50ms                                        build/oled.o
Delay_ms                                          build/common.o
                                                  build/main.o
EXTI0_IRQHandler                                  build/startup_stm32f103xe.o
EXTI15_10_IRQHandler                              build/startup_stm32f103xe.o
EXTI1_IRQHandler                                  build/startup_stm32f103xe.o
EXTI2_IRQHandler                                  build/startup_stm32f103xe.o
EXTI3_IRQHandler                                  build/startup_stm32f103xe.o
EXTI4_IRQHandler                                  build/startup_stm32f103xe.o
EXTI9_5_IRQHandler                                build/startup_stm32f103xe.o
F6x8                                              build/oled.o
F8X16                                             build/oled.o
FLASH_IRQHandler                                  build/startup_stm32f103xe.o
FSMC_IRQHandler                                   build/startup_stm32f103xe.o
GPIO_AFIODeInit                                   build/stm32f10x_gpio.o
GPIO_DeInit                                       build/stm32f10x_gpio.o
GPIO_ETH_MediaInterfaceConfig                     build/stm32f10x_gpio.o
GPIO_EXTILineConfig                               build/stm32f10x_gpio.o
GPIO_EventOutputCmd                               build/stm32f10x_gpio.o
GPIO_EventOutputConfig                            build/stm32f10x_gpio.o
GPIO_Init                                         build/stm32f10x_gpio.o
                                                  build/usart.o
                                                  build/oled.o
                                                  build/main.o
GPIO_PinLockConfig                                build/stm32f10x_gpio.o
GPIO_PinRemapConfig                               build/stm32f10x_gpio.o
GPIO_ReadInputData                                build/stm32f10x_gpio.o
GPIO_ReadInputDataBit                             build/stm32f10x_gpio.o
GPIO_ReadOutputData                               build/stm32f10x_gpio.o
GPIO_ReadOutputDataBit                            build/stm32f10x_gpio.o
GPIO_ResetBits                                    build/stm32f10x_gpio.o
                                                  build/oled.o
GPIO_SetBits                                      build/stm32f10x_gpio.o
                                                  build/oled.o
GPIO_StructInit                                   build/stm32f10x_gpio.o
GPIO_Write                                        build/stm32f10x_gpio.o
GPIO_WriteBit                                     build/stm32f10x_gpio.o
                                                  build/main.o
HardFault_Handler                                 build/stm32f10x_it.o
Hzk                                               build/oled.o
I2C1_ER_IRQHandler                                build/startup_stm32f103xe.o
I2C1_EV_IRQHandler                                build/startup_stm32f103xe.o
I2C2_ER_IRQHandler                                build/startup_stm32f103xe.o
I2C2_EV_IRQHandler                                build/startup_stm32f103xe.o
IIC_Start                                         build/oled.o
IIC_Stop                                          build/oled.o
IIC_Wait_Ack                                      build/oled.o
MemManage_Handler                                 build/stm32f10x_it.o
NMI_Handler                                       build/stm32f10x_it.o
NVIC_Configuration                                build/sys.o
                                                  build/main.o
NVIC_Init                                         build/misc.o
                                                  build/usart.o
NVIC_PriorityGroupConfig                          build/misc.o
                                                  build/usart.o
                                                  build/sys.o
NVIC_SetVectorTable                               build/misc.o
NVIC_SystemLPConfig                               build/misc.o
OLED_Clear                                        build/oled.o
                                                  build/main.o
OLED_Display_Off                                  build/oled.o
OLED_Display_On                                   build/oled.o
OLED_DrawBMP                                      build/oled.o
                                                  build/main.o
OLED_Init                                         build/oled.o
                                                  build/main.o
OLED_On                                           build/oled.o
OLED_Set_Pos                                      build/oled.o
OLED_ShowCHinese                                  build/oled.o
OLED_ShowChar                                     build/oled.o
OLED_ShowNum                                      build/oled.o
OLED_ShowString                                   build/oled.o
                                                  build/main.o
OLED_WR_Byte                                      build/oled.o
PVD_IRQHandler                                    build/startup_stm32f103xe.o
PendSV_Handler                                    build/stm32f10x_it.o
RCC_ADCCLKConfig                                  build/stm32f10x_rcc.o
RCC_AHBPeriphClockCmd                             build/stm32f10x_rcc.o
RCC_APB1PeriphClockCmd                            build/stm32f10x_rcc.o
                                                  build/usart.o
RCC_APB1PeriphResetCmd                            build/stm32f10x_rcc.o
                                                  build/stm32f10x_usart.o
RCC_APB2PeriphClockCmd                            build/stm32f10x_rcc.o
                                                  build/usart.o
                                                  build/oled.o
                                                  build/main.o
RCC_APB2PeriphResetCmd                            build/stm32f10x_rcc.o
                                                  build/stm32f10x_usart.o
                                                  build/stm32f10x_gpio.o
RCC_AdjustHSICalibrationValue                     build/stm32f10x_rcc.o
RCC_BackupResetCmd                                build/stm32f10x_rcc.o
RCC_ClearFlag                                     build/stm32f10x_rcc.o
RCC_ClearITPendingBit                             build/stm32f10x_rcc.o
RCC_ClockSecuritySystemCmd                        build/stm32f10x_rcc.o
RCC_DeInit                                        build/stm32f10x_rcc.o
RCC_GetClocksFreq                                 build/stm32f10x_rcc.o
                                                  build/stm32f10x_usart.o
RCC_GetFlagStatus                                 build/stm32f10x_rcc.o
RCC_GetITStatus                                   build/stm32f10x_rcc.o
RCC_GetSYSCLKSource                               build/stm32f10x_rcc.o
RCC_HCLKConfig                                    build/stm32f10x_rcc.o
RCC_HSEConfig                                     build/stm32f10x_rcc.o
RCC_HSICmd                                        build/stm32f10x_rcc.o
RCC_IRQHandler                                    build/startup_stm32f103xe.o
RCC_ITConfig                                      build/stm32f10x_rcc.o
RCC_LSEConfig                                     build/stm32f10x_rcc.o
RCC_LSICmd                                        build/stm32f10x_rcc.o
RCC_MCOConfig                                     build/stm32f10x_rcc.o
RCC_PCLK1Config                                   build/stm32f10x_rcc.o
RCC_PCLK2Config                                   build/stm32f10x_rcc.o
RCC_PLLCmd                                        build/stm32f10x_rcc.o
RCC_PLLConfig                                     build/stm32f10x_rcc.o
RCC_RTCCLKCmd                                     build/stm32f10x_rcc.o
RCC_RTCCLKConfig                                  build/stm32f10x_rcc.o
RCC_SYSCLKConfig                                  build/stm32f10x_rcc.o
RCC_USBCLKConfig                                  build/stm32f10x_rcc.o
RCC_WaitForHSEStartUp                             build/stm32f10x_rcc.o
RTC_Alarm_IRQHandler                              build/startup_stm32f103xe.o
RTC_IRQHandler                                    build/startup_stm32f103xe.o
RXData                                            build/usart.o
Reset_Handler                                     build/startup_stm32f103xe.o
SDIO_IRQHandler                                   build/startup_stm32f103xe.o
SPI1_IRQHandler                                   build/startup_stm32f103xe.o
SPI2_IRQHandler                                   build/startup_stm32f103xe.o
SPI3_IRQHandler                                   build/startup_stm32f103xe.o
SVC_Handler                                       build/stm32f10x_it.o
SysTick_CLKSourceConfig                           build/misc.o
SysTick_Handler                                   build/stm32f10x_it.o
SystemCoreClock                                   build/system_stm32f10x.o
SystemCoreClockUpdate                             build/system_stm32f10x.o
SystemInit                                        build/system_stm32f10x.o
                                                  build/startup_stm32f103xe.o
TAMPER_IRQHandler                                 build/startup_stm32f103xe.o
TIM1_BRK_IRQHandler                               build/startup_stm32f103xe.o
TIM1_CC_IRQHandler                                build/startup_stm32f103xe.o
TIM1_TRG_COM_IRQHandler                           build/startup_stm32f103xe.o
TIM1_UP_IRQHandler                                build/startup_stm32f103xe.o
TIM2_IRQHandler                                   build/startup_stm32f103xe.o
TIM3_IRQHandler                                   build/startup_stm32f103xe.o
TIM4_IRQHandler                                   build/startup_stm32f103xe.o
TIM5_IRQHandler                                   build/startup_stm32f103xe.o
TIM6_IRQHandler                                   build/startup_stm32f103xe.o
TIM7_IRQHandler                                   build/startup_stm32f103xe.o
TIM8_BRK_IRQHandler                               build/startup_stm32f103xe.o
TIM8_CC_IRQHandler                                build/startup_stm32f103xe.o
TIM8_TRG_COM_IRQHandler                           build/startup_stm32f103xe.o
TIM8_UP_IRQHandler                                build/startup_stm32f103xe.o
UART4_IRQHandler                                  build/startup_stm32f103xe.o
UART5_IRQHandler                                  build/startup_stm32f103xe.o
UART_Sendstring                                   build/usart.o
                                                  build/main.o
USART1_IRQHandler                                 build/startup_stm32f103xe.o
USART2_IRQHandler                                 build/usart.o
USART3_IRQHandler                                 build/startup_stm32f103xe.o
USART_ClearFlag                                   build/stm32f10x_usart.o
USART_ClearITPendingBit                           build/stm32f10x_usart.o
                                                  build/usart.o
USART_ClockInit                                   build/stm32f10x_usart.o
USART_ClockStructInit                             build/stm32f10x_usart.o
USART_Cmd                                         build/stm32f10x_usart.o
                                                  build/usart.o
USART_DMACmd                                      build/stm32f10x_usart.o
USART_DeInit                                      build/stm32f10x_usart.o
USART_GetFlagStatus                               build/stm32f10x_usart.o
                                                  build/usart.o
USART_GetITStatus                                 build/stm32f10x_usart.o
                                                  build/usart.o
USART_HalfDuplexCmd                               build/stm32f10x_usart.o
USART_ITConfig                                    build/stm32f10x_usart.o
                                                  build/usart.o
USART_Init                                        build/stm32f10x_usart.o
                                                  build/usart.o
USART_IrDACmd                                     build/stm32f10x_usart.o
USART_IrDAConfig                                  build/stm32f10x_usart.o
USART_LINBreakDetectLengthConfig                  build/stm32f10x_usart.o
USART_LINCmd                                      build/stm32f10x_usart.o
USART_OneBitMethodCmd                             build/stm32f10x_usart.o
USART_OverSampling8Cmd                            build/stm32f10x_usart.o
USART_ReceiveData                                 build/stm32f10x_usart.o
                                                  build/usart.o
USART_ReceiverWakeUpCmd                           build/stm32f10x_usart.o
USART_SendBreak                                   build/stm32f10x_usart.o
USART_SendData                                    build/stm32f10x_usart.o
                                                  build/usart.o
USART_SetAddress                                  build/stm32f10x_usart.o
USART_SetGuardTime                                build/stm32f10x_usart.o
USART_SetPrescaler                                build/stm32f10x_usart.o
USART_SmartCardCmd                                build/stm32f10x_usart.o
USART_SmartCardNACKCmd                            build/stm32f10x_usart.o
USART_StructInit                                  build/stm32f10x_usart.o
USART_WakeUpConfig                                build/stm32f10x_usart.o
USBWakeUp_IRQHandler                              build/startup_stm32f103xe.o
USB_HP_CAN1_TX_IRQHandler                         build/startup_stm32f103xe.o
USB_LP_CAN1_RX0_IRQHandler                        build/startup_stm32f103xe.o
UsageFault_Handler                                build/stm32f10x_it.o
WWDG_IRQHandler                                   build/startup_stm32f103xe.o
Write_IIC_Byte                                    build/oled.o
Write_IIC_Command                                 build/oled.o
Write_IIC_Data                                    build/oled.o
__LDREXB                                          build/core_cm3.o
__LDREXH                                          build/core_cm3.o
__LDREXW                                          build/core_cm3.o
__RBIT                                            build/core_cm3.o
__REV                                             build/core_cm3.o
__REV16                                           build/core_cm3.o
__REVSH                                           build/core_cm3.o
__STREXB                                          build/core_cm3.o
__STREXH                                          build/core_cm3.o
__STREXW                                          build/core_cm3.o
__atexit_recursive_mutex                          d:/program files (x86)/gnu arm embedded toolchain/9 2020-q2-update/bin/../lib/gcc/arm-none-eabi/9.3.1/../../../../arm-none-eabi/lib/thumb/v7-m/nofp\libc.a(lib_a-__call_atexit.o)
                                                  d:/program files (x86)/gnu arm embedded toolchain/9 2020-q2-update/bin/../lib/gcc/arm-none-eabi/9.3.1/../../../../arm-none-eabi/lib/thumb/v7-m/nofp\libc.a(lib_a-__atexit.o)
__bss_end__                                       d:/program files (x86)/gnu arm embedded toolchain/9 2020-q2-update/bin/../lib/gcc/arm-none-eabi/9.3.1/../../../../arm-none-eabi/lib/thumb/v7-m/nofp/crt0.o
__bss_start__                                     d:/program files (x86)/gnu arm embedded toolchain/9 2020-q2-update/bin/../lib/gcc/arm-none-eabi/9.3.1/../../../../arm-none-eabi/lib/thumb/v7-m/nofp/crt0.o
__call_exitprocs                                  d:/program files (x86)/gnu arm embedded toolchain/9 2020-q2-update/bin/../lib/gcc/arm-none-eabi/9.3.1/../../../../arm-none-eabi/lib/thumb/v7-m/nofp\libc.a(lib_a-__call_atexit.o)
                                                  d:/program files (x86)/gnu arm embedded toolchain/9 2020-q2-update/bin/../lib/gcc/arm-none-eabi/9.3.1/../../../../arm-none-eabi/lib/thumb/v7-m/nofp\libc.a(lib_a-exit.o)
__deregister_frame_info                           d:/program files (x86)/gnu arm embedded toolchain/9 2020-q2-update/bin/../lib/gcc/arm-none-eabi/9.3.1/thumb/v7-m/nofp/crtbegin.o
__dso_handle                                      d:/program files (x86)/gnu arm embedded toolchain/9 2020-q2-update/bin/../lib/gcc/arm-none-eabi/9.3.1/thumb/v7-m/nofp/crtbegin.o
__fini_array_end                                  d:/program files (x86)/gnu arm embedded toolchain/9 2020-q2-update/bin/../lib/gcc/arm-none-eabi/9.3.1/../../../../arm-none-eabi/lib/thumb/v7-m/nofp\libc.a(lib_a-fini.o)
__fini_array_start                                d:/program files (x86)/gnu arm embedded toolchain/9 2020-q2-update/bin/../lib/gcc/arm-none-eabi/9.3.1/../../../../arm-none-eabi/lib/thumb/v7-m/nofp\libc.a(lib_a-fini.o)
__get_BASEPRI                                     build/core_cm3.o
__get_CONTROL                                     build/core_cm3.o
__get_FAULTMASK                                   build/core_cm3.o
__get_MSP                                         build/core_cm3.o
__get_PRIMASK                                     build/core_cm3.o
__get_PSP                                         build/core_cm3.o
__init_array_end                                  d:/program files (x86)/gnu arm embedded toolchain/9 2020-q2-update/bin/../lib/gcc/arm-none-eabi/9.3.1/../../../../arm-none-eabi/lib/thumb/v7-m/nofp\libc.a(lib_a-init.o)
__init_array_start                                d:/program files (x86)/gnu arm embedded toolchain/9 2020-q2-update/bin/../lib/gcc/arm-none-eabi/9.3.1/../../../../arm-none-eabi/lib/thumb/v7-m/nofp\libc.a(lib_a-init.o)
__libc_fini                                       d:/program files (x86)/gnu arm embedded toolchain/9 2020-q2-update/bin/../lib/gcc/arm-none-eabi/9.3.1/../../../../arm-none-eabi/lib/thumb/v7-m/nofp\libc.a(lib_a-__call_atexit.o)
__libc_fini_array                                 d:/program files (x86)/gnu arm embedded toolchain/9 2020-q2-update/bin/../lib/gcc/arm-none-eabi/9.3.1/../../../../arm-none-eabi/lib/thumb/v7-m/nofp\libc.a(lib_a-fini.o)
                                                  d:/program files (x86)/gnu arm embedded toolchain/9 2020-q2-update/bin/../lib/gcc/arm-none-eabi/9.3.1/../../../../arm-none-eabi/lib/thumb/v7-m/nofp\libc.a(lib_a-__call_atexit.o)
                                                  d:/program files (x86)/gnu arm embedded toolchain/9 2020-q2-update/bin/../lib/gcc/arm-none-eabi/9.3.1/../../../../arm-none-eabi/lib/thumb/v7-m/nofp/crt0.o
__libc_init_array                                 d:/program files (x86)/gnu arm embedded toolchain/9 2020-q2-update/bin/../lib/gcc/arm-none-eabi/9.3.1/../../../../arm-none-eabi/lib/thumb/v7-m/nofp\libc.a(lib_a-init.o)
                                                  build/startup_stm32f103xe.o
                                                  d:/program files (x86)/gnu arm embedded toolchain/9 2020-q2-update/bin/../lib/gcc/arm-none-eabi/9.3.1/../../../../arm-none-eabi/lib/thumb/v7-m/nofp/crt0.o
__lock___arc4random_mutex                         d:/program files (x86)/gnu arm embedded toolchain/9 2020-q2-update/bin/../lib/gcc/arm-none-eabi/9.3.1/../../../../arm-none-eabi/lib/thumb/v7-m/nofp\libc.a(lib_a-lock.o)
__lock___at_quick_exit_mutex                      d:/program files (x86)/gnu arm embedded toolchain/9 2020-q2-update/bin/../lib/gcc/arm-none-eabi/9.3.1/../../../../arm-none-eabi/lib/thumb/v7-m/nofp\libc.a(lib_a-lock.o)
__lock___atexit_recursive_mutex                   d:/program files (x86)/gnu arm embedded toolchain/9 2020-q2-update/bin/../lib/gcc/arm-none-eabi/9.3.1/../../../../arm-none-eabi/lib/thumb/v7-m/nofp\libc.a(lib_a-lock.o)
                                                  d:/program files (x86)/gnu arm embedded toolchain/9 2020-q2-update/bin/../lib/gcc/arm-none-eabi/9.3.1/../../../../arm-none-eabi/lib/thumb/v7-m/nofp\libc.a(lib_a-__call_atexit.o)
__lock___dd_hash_mutex                            d:/program files (x86)/gnu arm embedded toolchain/9 2020-q2-update/bin/../lib/gcc/arm-none-eabi/9.3.1/../../../../arm-none-eabi/lib/thumb/v7-m/nofp\libc.a(lib_a-lock.o)
__lock___env_recursive_mutex                      d:/program files (x86)/gnu arm embedded toolchain/9 2020-q2-update/bin/../lib/gcc/arm-none-eabi/9.3.1/../../../../arm-none-eabi/lib/thumb/v7-m/nofp\libc.a(lib_a-lock.o)
__lock___malloc_recursive_mutex                   d:/program files (x86)/gnu arm embedded toolchain/9 2020-q2-update/bin/../lib/gcc/arm-none-eabi/9.3.1/../../../../arm-none-eabi/lib/thumb/v7-m/nofp\libc.a(lib_a-lock.o)
__lock___sfp_recursive_mutex                      d:/program files (x86)/gnu arm embedded toolchain/9 2020-q2-update/bin/../lib/gcc/arm-none-eabi/9.3.1/../../../../arm-none-eabi/lib/thumb/v7-m/nofp\libc.a(lib_a-lock.o)
__lock___sinit_recursive_mutex                    d:/program files (x86)/gnu arm embedded toolchain/9 2020-q2-update/bin/../lib/gcc/arm-none-eabi/9.3.1/../../../../arm-none-eabi/lib/thumb/v7-m/nofp\libc.a(lib_a-lock.o)
__lock___tz_mutex                                 d:/program files (x86)/gnu arm embedded toolchain/9 2020-q2-update/bin/../lib/gcc/arm-none-eabi/9.3.1/../../../../arm-none-eabi/lib/thumb/v7-m/nofp\libc.a(lib_a-lock.o)
__preinit_array_end                               d:/program files (x86)/gnu arm embedded toolchain/9 2020-q2-update/bin/../lib/gcc/arm-none-eabi/9.3.1/../../../../arm-none-eabi/lib/thumb/v7-m/nofp\libc.a(lib_a-init.o)
__preinit_array_start                             d:/program files (x86)/gnu arm embedded toolchain/9 2020-q2-update/bin/../lib/gcc/arm-none-eabi/9.3.1/../../../../arm-none-eabi/lib/thumb/v7-m/nofp\libc.a(lib_a-init.o)
__register_exitproc                               d:/program files (x86)/gnu arm embedded toolchain/9 2020-q2-update/bin/../lib/gcc/arm-none-eabi/9.3.1/../../../../arm-none-eabi/lib/thumb/v7-m/nofp\libc.a(lib_a-__atexit.o)
                                                  d:/program files (x86)/gnu arm embedded toolchain/9 2020-q2-update/bin/../lib/gcc/arm-none-eabi/9.3.1/../../../../arm-none-eabi/lib/thumb/v7-m/nofp\libc.a(lib_a-atexit.o)
__register_frame_info                             d:/program files (x86)/gnu arm embedded toolchain/9 2020-q2-update/bin/../lib/gcc/arm-none-eabi/9.3.1/thumb/v7-m/nofp/crtbegin.o
__retarget_lock_acquire                           d:/program files (x86)/gnu arm embedded toolchain/9 2020-q2-update/bin/../lib/gcc/arm-none-eabi/9.3.1/../../../../arm-none-eabi/lib/thumb/v7-m/nofp\libc.a(lib_a-lock.o)
__retarget_lock_acquire_recursive                 d:/program files (x86)/gnu arm embedded toolchain/9 2020-q2-update/bin/../lib/gcc/arm-none-eabi/9.3.1/../../../../arm-none-eabi/lib/thumb/v7-m/nofp\libc.a(lib_a-lock.o)
                                                  d:/program files (x86)/gnu arm embedded toolchain/9 2020-q2-update/bin/../lib/gcc/arm-none-eabi/9.3.1/../../../../arm-none-eabi/lib/thumb/v7-m/nofp\libc.a(lib_a-__atexit.o)
                                                  d:/program files (x86)/gnu arm embedded toolchain/9 2020-q2-update/bin/../lib/gcc/arm-none-eabi/9.3.1/../../../../arm-none-eabi/lib/thumb/v7-m/nofp\libc.a(lib_a-__call_atexit.o)
__retarget_lock_close                             d:/program files (x86)/gnu arm embedded toolchain/9 2020-q2-update/bin/../lib/gcc/arm-none-eabi/9.3.1/../../../../arm-none-eabi/lib/thumb/v7-m/nofp\libc.a(lib_a-lock.o)
__retarget_lock_close_recursive                   d:/program files (x86)/gnu arm embedded toolchain/9 2020-q2-update/bin/../lib/gcc/arm-none-eabi/9.3.1/../../../../arm-none-eabi/lib/thumb/v7-m/nofp\libc.a(lib_a-lock.o)
__retarget_lock_init                              d:/program files (x86)/gnu arm embedded toolchain/9 2020-q2-update/bin/../lib/gcc/arm-none-eabi/9.3.1/../../../../arm-none-eabi/lib/thumb/v7-m/nofp\libc.a(lib_a-lock.o)
__retarget_lock_init_recursive                    d:/program files (x86)/gnu arm embedded toolchain/9 2020-q2-update/bin/../lib/gcc/arm-none-eabi/9.3.1/../../../../arm-none-eabi/lib/thumb/v7-m/nofp\libc.a(lib_a-lock.o)
__retarget_lock_release                           d:/program files (x86)/gnu arm embedded toolchain/9 2020-q2-update/bin/../lib/gcc/arm-none-eabi/9.3.1/../../../../arm-none-eabi/lib/thumb/v7-m/nofp\libc.a(lib_a-lock.o)
__retarget_lock_release_recursive                 d:/program files (x86)/gnu arm embedded toolchain/9 2020-q2-update/bin/../lib/gcc/arm-none-eabi/9.3.1/../../../../arm-none-eabi/lib/thumb/v7-m/nofp\libc.a(lib_a-lock.o)
                                                  d:/program files (x86)/gnu arm embedded toolchain/9 2020-q2-update/bin/../lib/gcc/arm-none-eabi/9.3.1/../../../../arm-none-eabi/lib/thumb/v7-m/nofp\libc.a(lib_a-__atexit.o)
                                                  d:/program files (x86)/gnu arm embedded toolchain/9 2020-q2-update/bin/../lib/gcc/arm-none-eabi/9.3.1/../../../../arm-none-eabi/lib/thumb/v7-m/nofp\libc.a(lib_a-__call_atexit.o)
__retarget_lock_try_acquire                       d:/program files (x86)/gnu arm embedded toolchain/9 2020-q2-update/bin/../lib/gcc/arm-none-eabi/9.3.1/../../../../arm-none-eabi/lib/thumb/v7-m/nofp\libc.a(lib_a-lock.o)
__retarget_lock_try_acquire_recursive             d:/program files (x86)/gnu arm embedded toolchain/9 2020-q2-update/bin/../lib/gcc/arm-none-eabi/9.3.1/../../../../arm-none-eabi/lib/thumb/v7-m/nofp\libc.a(lib_a-lock.o)
__set_BASEPRI                                     build/core_cm3.o
__set_CONTROL                                     build/core_cm3.o
__set_FAULTMASK                                   build/core_cm3.o
__set_MSP                                         build/core_cm3.o
__set_PRIMASK                                     build/core_cm3.o
__set_PSP                                         build/core_cm3.o
__stack                                           d:/program files (x86)/gnu arm embedded toolchain/9 2020-q2-update/bin/../lib/gcc/arm-none-eabi/9.3.1/../../../../arm-none-eabi/lib/thumb/v7-m/nofp/crt0.o
_ebss                                             build/startup_stm32f103xe.o
_edata                                            build/startup_stm32f103xe.o
_estack                                           build/startup_stm32f103xe.o
_exit                                             d:/program files (x86)/gnu arm embedded toolchain/9 2020-q2-update/bin/../lib/gcc/arm-none-eabi/9.3.1/../../../../arm-none-eabi/lib/thumb/v7-m/nofp\libc.a(lib_a-exit.o)
_fini                                             d:/program files (x86)/gnu arm embedded toolchain/9 2020-q2-update/bin/../lib/gcc/arm-none-eabi/9.3.1/thumb/v7-m/nofp/crti.o
                                                  d:/program files (x86)/gnu arm embedded toolchain/9 2020-q2-update/bin/../lib/gcc/arm-none-eabi/9.3.1/../../../../arm-none-eabi/lib/thumb/v7-m/nofp\libc.a(lib_a-fini.o)
_global_impure_ptr                                d:/program files (x86)/gnu arm embedded toolchain/9 2020-q2-update/bin/../lib/gcc/arm-none-eabi/9.3.1/../../../../arm-none-eabi/lib/thumb/v7-m/nofp\libc.a(lib_a-impure.o)
                                                  d:/program files (x86)/gnu arm embedded toolchain/9 2020-q2-update/bin/../lib/gcc/arm-none-eabi/9.3.1/../../../../arm-none-eabi/lib/thumb/v7-m/nofp\libc.a(lib_a-__atexit.o)
                                                  d:/program files (x86)/gnu arm embedded toolchain/9 2020-q2-update/bin/../lib/gcc/arm-none-eabi/9.3.1/../../../../arm-none-eabi/lib/thumb/v7-m/nofp\libc.a(lib_a-__call_atexit.o)
                                                  d:/program files (x86)/gnu arm embedded toolchain/9 2020-q2-update/bin/../lib/gcc/arm-none-eabi/9.3.1/../../../../arm-none-eabi/lib/thumb/v7-m/nofp\libc.a(lib_a-exit.o)
_impure_ptr                                       d:/program files (x86)/gnu arm embedded toolchain/9 2020-q2-update/bin/../lib/gcc/arm-none-eabi/9.3.1/../../../../arm-none-eabi/lib/thumb/v7-m/nofp\libc.a(lib_a-impure.o)
_init                                             d:/program files (x86)/gnu arm embedded toolchain/9 2020-q2-update/bin/../lib/gcc/arm-none-eabi/9.3.1/thumb/v7-m/nofp/crti.o
                                                  d:/program files (x86)/gnu arm embedded toolchain/9 2020-q2-update/bin/../lib/gcc/arm-none-eabi/9.3.1/../../../../arm-none-eabi/lib/thumb/v7-m/nofp\libc.a(lib_a-init.o)
_mainCRTStartup                                   d:/program files (x86)/gnu arm embedded toolchain/9 2020-q2-update/bin/../lib/gcc/arm-none-eabi/9.3.1/../../../../arm-none-eabi/lib/thumb/v7-m/nofp/crt0.o
_sbss                                             build/startup_stm32f103xe.o
_sdata                                            build/startup_stm32f103xe.o
_sidata                                           build/startup_stm32f103xe.o
_stack_init                                       d:/program files (x86)/gnu arm embedded toolchain/9 2020-q2-update/bin/../lib/gcc/arm-none-eabi/9.3.1/../../../../arm-none-eabi/lib/thumb/v7-m/nofp/crt0.o
_start                                            d:/program files (x86)/gnu arm embedded toolchain/9 2020-q2-update/bin/../lib/gcc/arm-none-eabi/9.3.1/../../../../arm-none-eabi/lib/thumb/v7-m/nofp/crt0.o
atexit                                            d:/program files (x86)/gnu arm embedded toolchain/9 2020-q2-update/bin/../lib/gcc/arm-none-eabi/9.3.1/../../../../arm-none-eabi/lib/thumb/v7-m/nofp\libc.a(lib_a-atexit.o)
                                                  d:/program files (x86)/gnu arm embedded toolchain/9 2020-q2-update/bin/../lib/gcc/arm-none-eabi/9.3.1/../../../../arm-none-eabi/lib/thumb/v7-m/nofp\libc.a(lib_a-__call_atexit.o)
                                                  d:/program files (x86)/gnu arm embedded toolchain/9 2020-q2-update/bin/../lib/gcc/arm-none-eabi/9.3.1/../../../../arm-none-eabi/lib/thumb/v7-m/nofp/crt0.o
exit                                              d:/program files (x86)/gnu arm embedded toolchain/9 2020-q2-update/bin/../lib/gcc/arm-none-eabi/9.3.1/../../../../arm-none-eabi/lib/thumb/v7-m/nofp\libc.a(lib_a-exit.o)
                                                  d:/program files (x86)/gnu arm embedded toolchain/9 2020-q2-update/bin/../lib/gcc/arm-none-eabi/9.3.1/../../../../arm-none-eabi/lib/thumb/v7-m/nofp/crt0.o
fill_picture                                      build/oled.o
g_pfnVectors                                      build/startup_stm32f103xe.o
hardware_init_hook                                d:/program files (x86)/gnu arm embedded toolchain/9 2020-q2-update/bin/../lib/gcc/arm-none-eabi/9.3.1/../../../../arm-none-eabi/lib/thumb/v7-m/nofp/crt0.o
main                                              build/main.o
                                                  build/startup_stm32f103xe.o
                                                  d:/program files (x86)/gnu arm embedded toolchain/9 2020-q2-update/bin/../lib/gcc/arm-none-eabi/9.3.1/../../../../arm-none-eabi/lib/thumb/v7-m/nofp/crt0.o
memset                                            d:/program files (x86)/gnu arm embedded toolchain/9 2020-q2-update/bin/../lib/gcc/arm-none-eabi/9.3.1/../../../../arm-none-eabi/lib/thumb/v7-m/nofp\libc.a(lib_a-memset.o)
                                                  d:/program files (x86)/gnu arm embedded toolchain/9 2020-q2-update/bin/../lib/gcc/arm-none-eabi/9.3.1/../../../../arm-none-eabi/lib/thumb/v7-m/nofp/crt0.o
oled_pow                                          build/oled.o
software_init_hook                                d:/program files (x86)/gnu arm embedded toolchain/9 2020-q2-update/bin/../lib/gcc/arm-none-eabi/9.3.1/../../../../arm-none-eabi/lib/thumb/v7-m/nofp/crt0.o
uart_init                                         build/usart.o
                                                  build/main.o
