Component: ARM Compiler 5.06 update 6 (build 750) Tool: armlink [4d35ed]

==============================================================================

Section Cross References

    main.o(i.float_task) refers to _printf_percent.o(.ARM.Collect$$_printf_percent$$00000000) for _printf_percent
    main.o(i.float_task) refers to _printf_f.o(.ARM.Collect$$_printf_percent$$00000003) for _printf_f
    main.o(i.float_task) refers to printf1.o(x$fpl$printf1) for _printf_fp_dec
    main.o(i.float_task) refers to faddsub_clz.o(x$fpl$fadd) for __aeabi_fadd
    main.o(i.float_task) refers to cpu_a.o(.text) for CPU_SR_Save
    main.o(i.float_task) refers to cpu_core.o(i.CPU_IntDisMeasStart) for CPU_IntDisMeasStart
    main.o(i.float_task) refers to os_core.o(i.OS_SchedLockTimeMeasStart) for OS_SchedLockTimeMeasStart
    main.o(i.float_task) refers to cpu_core.o(i.CPU_IntDisMeasStop) for CPU_IntDisMeasStop
    main.o(i.float_task) refers to f2d.o(x$fpl$f2d) for __aeabi_f2d
    main.o(i.float_task) refers to noretval__2printf.o(.text) for __2printf
    main.o(i.float_task) refers to os_core.o(i.OS_SchedLockTimeMeasStop) for OS_SchedLockTimeMeasStop
    main.o(i.float_task) refers to os_core.o(i.OS_Sched0) for OS_Sched0
    main.o(i.float_task) refers to delay.o(i.delay_ms) for delay_ms
    main.o(i.float_task) refers to main.o(.data) for float_num
    main.o(i.float_task) refers to os_var.o(.data) for OSSchedLockNestingCtr
    main.o(i.led0_task) refers to os_time.o(i.OSTimeDlyHMSM) for OSTimeDlyHMSM
    main.o(i.led1_task) refers to os_time.o(i.OSTimeDlyHMSM) for OSTimeDlyHMSM
    main.o(i.main) refers to delay.o(i.delay_init) for delay_init
    main.o(i.main) refers to misc.o(i.NVIC_PriorityGroupConfig) for NVIC_PriorityGroupConfig
    main.o(i.main) refers to usart.o(i.uart_init) for uart_init
    main.o(i.main) refers to led.o(i.LED_Init) for LED_Init
    main.o(i.main) refers to os_core.o(i.OSInit) for OSInit
    main.o(i.main) refers to cpu_a.o(.text) for CPU_SR_Save
    main.o(i.main) refers to cpu_core.o(i.CPU_IntDisMeasStart) for CPU_IntDisMeasStart
    main.o(i.main) refers to os_core.o(i.OS_SchedLockTimeMeasStart) for OS_SchedLockTimeMeasStart
    main.o(i.main) refers to cpu_core.o(i.CPU_IntDisMeasStop) for CPU_IntDisMeasStop
    main.o(i.main) refers to os_task.o(i.OSTaskCreate) for OSTaskCreate
    main.o(i.main) refers to os_core.o(i.OS_SchedLockTimeMeasStop) for OS_SchedLockTimeMeasStop
    main.o(i.main) refers to os_core.o(i.OS_Sched0) for OS_Sched0
    main.o(i.main) refers to os_core.o(i.OSStart) for OSStart
    main.o(i.main) refers to os_var.o(.data) for OSSchedLockNestingCtr
    main.o(i.main) refers to main.o(.bss) for START_TASK_STK
    main.o(i.main) refers to main.o(i.start_task) for start_task
    main.o(i.start_task) refers to cpu_core.o(i.CPU_Init) for CPU_Init
    main.o(i.start_task) refers to os_stat.o(i.OSStatTaskCPUUsageInit) for OSStatTaskCPUUsageInit
    main.o(i.start_task) refers to cpu_core.o(i.CPU_IntDisMeasMaxCurReset) for CPU_IntDisMeasMaxCurReset
    main.o(i.start_task) refers to os_core.o(i.OSSchedRoundRobinCfg) for OSSchedRoundRobinCfg
    main.o(i.start_task) refers to cpu_a.o(.text) for CPU_SR_Save
    main.o(i.start_task) refers to cpu_core.o(i.CPU_IntDisMeasStart) for CPU_IntDisMeasStart
    main.o(i.start_task) refers to os_core.o(i.OS_SchedLockTimeMeasStart) for OS_SchedLockTimeMeasStart
    main.o(i.start_task) refers to cpu_core.o(i.CPU_IntDisMeasStop) for CPU_IntDisMeasStop
    main.o(i.start_task) refers to os_task.o(i.OSTaskCreate) for OSTaskCreate
    main.o(i.start_task) refers to os_task.o(i.OS_TaskSuspend) for OS_TaskSuspend
    main.o(i.start_task) refers to os_core.o(i.OS_SchedLockTimeMeasStop) for OS_SchedLockTimeMeasStop
    main.o(i.start_task) refers to os_core.o(i.OS_Sched0) for OS_Sched0
    main.o(i.start_task) refers to os_var.o(.data) for OSSchedLockNestingCtr
    main.o(i.start_task) refers to main.o(.bss) for LED0_TASK_STK
    main.o(i.start_task) refers to main.o(i.led0_task) for led0_task
    main.o(i.start_task) refers to main.o(i.led1_task) for led1_task
    main.o(i.start_task) refers to main.o(i.float_task) for float_task
    system_stm32f10x.o(i.SetSysClock) refers to system_stm32f10x.o(i.SetSysClockTo72) for SetSysClockTo72
    system_stm32f10x.o(i.SystemCoreClockUpdate) refers to system_stm32f10x.o(.data) for SystemCoreClock
    system_stm32f10x.o(i.SystemInit) refers to system_stm32f10x.o(i.SetSysClock) for SetSysClock
    led.o(i.LED_Init) refers to stm32f10x_rcc.o(i.RCC_APB2PeriphClockCmd) for RCC_APB2PeriphClockCmd
    led.o(i.LED_Init) refers to stm32f10x_gpio.o(i.GPIO_Init) for GPIO_Init
    led.o(i.LED_Init) refers to stm32f10x_gpio.o(i.GPIO_SetBits) for GPIO_SetBits
    delay.o(i.SysTick_Handler) refers to os_core.o(i.OSIntEnter) for OSIntEnter
    delay.o(i.SysTick_Handler) refers to os_time.o(i.OSTimeTick) for OSTimeTick
    delay.o(i.SysTick_Handler) refers to os_core.o(i.OSIntExit) for OSIntExit
[...]
    __arm_preinit_                            - Undefined Weak Reference
    __cpp_initialize__aeabi_                  - Undefined Weak Reference
    __cxa_finalize                            - Undefined Weak Reference
    __sigvec_lookup                           - Undefined Weak Reference
    _atexit_init                              - Undefined Weak Reference
    _call_atexit_fns                          - Undefined Weak Reference
    _clock_init                               - Undefined Weak Reference
    _fp_trap_init                             - Undefined Weak Reference
    _fp_trap_shutdown                         - Undefined Weak Reference
    _get_lc_collate                           - Undefined Weak Reference
    _get_lc_ctype                             - Undefined Weak Reference
    _get_lc_monetary                          - Undefined Weak Reference
    _get_lc_time                              - Undefined Weak Reference
    _getenv_init                              - Undefined Weak Reference
    _handle_redirection                       - Undefined Weak Reference
    _init_alloc                               - Undefined Weak Reference
    _init_user_alloc                          - Undefined Weak Reference
    _initio                                   - Undefined Weak Reference
    _mutex_acquire                            - Undefined Weak Reference
    _mutex_release                            - Undefined Weak Reference
    _printf_post_padding                      - Undefined Weak Reference
    _printf_pre_padding                       - Undefined Weak Reference
    _rand_init                                - Undefined Weak Reference
    _signal_finish                            - Undefined Weak Reference
    _signal_init                              - Undefined Weak Reference
    _terminate_alloc                          - Undefined Weak Reference
    _terminate_user_alloc                     - Undefined Weak Reference
    _terminateio                              - Undefined Weak Reference
    __Vectors_Size                           0x00000130   Number         0  startup_stm32f10x_hd.o ABSOLUTE
    __Vectors                                0x08000000   Data           4  startup_stm32f10x_hd.o(RESET)
    __Vectors_End                            0x08000130   Data           0  startup_stm32f10x_hd.o(RESET)
    __main                                   0x08000131   Thumb Code     8  __main.o(!!!main)
    __scatterload                            0x08000139   Thumb Code     0  __scatter.o(!!!scatter)
    __scatterload_rt2                        0x08000139   Thumb Code    44  __scatter.o(!!!scatter)
    __scatterload_rt2_thumb_only             0x08000139   Thumb Code     0  __scatter.o(!!!scatter)
    __scatterload_null                       0x08000147   Thumb Code     0  __scatter.o(!!!scatter)
    __decompress                             0x0800016d   Thumb Code    90  __dczerorl2.o(!!dczerorl2)
    __decompress1                            0x0800016d   Thumb Code     0  __dczerorl2.o(!!dczerorl2)
    __scatterload_zeroinit                   0x080001c9   Thumb Code    28  __scatter_zi.o(!!handler_zi)
    _printf_f                                0x080001e5   Thumb Code     0  _printf_f.o(.ARM.Collect$$_printf_percent$$00000003)
    _printf_percent                          0x080001e5   Thumb Code     0  _printf_percent.o(.ARM.Collect$$_printf_percent$$00000000)
    _printf_percent_end                      0x080001eb   Thumb Code     0  _printf_percent_end.o(.ARM.Collect$$_printf_percent$$00000017)
    __rt_lib_init                            0x080001ef   Thumb Code     0  libinit.o(.ARM.Collect$$libinit$$00000000)
    __rt_lib_init_fp_1                       0x080001f1   Thumb Code     0  libinit2.o(.ARM.Collect$$libinit$$00000002)
    __rt_lib_init_heap_1                     0x080001f1   Thumb Code     0  libinit2.o(.ARM.Collect$$libinit$$0000000A)
    __rt_lib_init_lc_common                  0x080001f1   Thumb Code     0  libinit2.o(.ARM.Collect$$libinit$$0000000F)
    __rt_lib_init_preinit_1                  0x080001f1   Thumb Code     0  libinit2.o(.ARM.Collect$$libinit$$00000004)
    __rt_lib_init_rand_1                     0x080001f1   Thumb Code     0  libinit2.o(.ARM.Collect$$libinit$$0000000E)
    __rt_lib_init_user_alloc_1               0x080001f1   Thumb Code     0  libinit2.o(.ARM.Collect$$libinit$$0000000C)
    __rt_lib_init_lc_collate_1               0x080001f7   Thumb Code     0  libinit2.o(.ARM.Collect$$libinit$$00000011)
    __rt_lib_init_lc_ctype_1                 0x080001f7   Thumb Code     0  libinit2.o(.ARM.Collect$$libinit$$00000013)
    __rt_lib_init_lc_monetary_1              0x080001f7   Thumb Code     0  libinit2.o(.ARM.Collect$$libinit$$00000015)
    __rt_lib_init_lc_numeric_2               0x080001f7   Thumb Code     0  libinit2.o(.ARM.Collect$$libinit$$00000016)
    __rt_lib_init_alloca_1                   0x08000201   Thumb Code     0  libinit2.o(.ARM.Collect$$libinit$$0000002E)
    __rt_lib_init_argv_1                     0x08000201   Thumb Code     0  libinit2.o(.ARM.Collect$$libinit$$0000002C)
    __rt_lib_init_atexit_1                   0x08000201   Thumb Code     0  libinit2.o(.ARM.Collect$$libinit$$0000001B)
    __rt_lib_init_clock_1                    0x08000201   Thumb Code     0  libinit2.o(.ARM.Collect$$libinit$$00000021)
    __rt_lib_init_cpp_1                      0x08000201   Thumb Code     0  libinit2.o(.ARM.Collect$$libinit$$00000032)
    __rt_lib_init_exceptions_1               0x08000201   Thumb Code     0  libinit2.o(.ARM.Collect$$libinit$$00000030)
    __rt_lib_init_fp_trap_1                  0x08000201   Thumb Code     0  libinit2.o(.ARM.Collect$$libinit$$0000001F)
    __rt_lib_init_getenv_1                   0x08000201   Thumb Code     0  libinit2.o(.ARM.Collect$$libinit$$00000023)
    __rt_lib_init_lc_numeric_1               0x08000201   Thumb Code     0  libinit2.o(.ARM.Collect$$libinit$$00000017)
    __rt_lib_init_lc_time_1                  0x08000201   Thumb Code     0  libinit2.o(.ARM.Collect$$libinit$$00000019)
    __rt_lib_init_return                     0x08000201   Thumb Code     0  libinit2.o(.ARM.Collect$$libinit$$00000033)
    __rt_lib_init_signal_1                   0x08000201   Thumb Code     0  libinit2.o(.ARM.Collect$$libinit$$0000001D)
    __rt_lib_init_stdio_1                    0x08000201   Thumb Code     0  libinit2.o(.ARM.Collect$$libinit$$00000025)
    __rt_lib_shutdown                        0x08000203   Thumb Code     0  libshutdown.o(.ARM.Collect$$libshutdown$$00000000)
    __rt_lib_shutdown_cpp_1                  0x08000205   Thumb Code     0  libshutdown2.o(.ARM.Collect$$libshutdown$$00000002)
    __rt_lib_shutdown_fp_trap_1              0x08000205   Thumb Code     0  libshutdown2.o(.ARM.Collect$$libshutdown$$00000007)
    __rt_lib_shutdown_heap_1                 0x08000205   Thumb Code     0  libshutdown2.o(.ARM.Collect$$libshutdown$$0000000F)
    __rt_lib_shutdown_return                 0x08000205   Thumb Code     0  libshutdown2.o(.ARM.Collect$$libshutdown$$00000010)
    __rt_lib_shutdown_signal_1               0x08000205   Thumb Code     0  libshutdown2.o(.ARM.Collect$$libshutdown$$0000000A)
    __rt_lib_shutdown_stdio_1                0x08000205   Thumb Code     0  libshutdown2.o(.ARM.Collect$$libshutdown$$00000004)
    __rt_lib_shutdown_user_alloc_1           0x08000205   Thumb Code     0  libshutdown2.o(.ARM.Collect$$libshutdown$$0000000C)
    __rt_entry                               0x08000207   Thumb Code     0  __rtentry.o(.ARM.Collect$$rtentry$$00000000)
    __rt_entry_presh_1                       0x08000207   Thumb Code     0  __rtentry2.o(.ARM.Collect$$rtentry$$00000002)
    __rt_entry_sh                            0x08000207   Thumb Code     0  __rtentry4.o(.ARM.Collect$$rtentry$$00000004)
    __rt_entry_li                            0x0800020d   Thumb Code     0  __rtentry2.o(.ARM.Collect$$rtentry$$0000000A)
    __rt_entry_postsh_1                      0x0800020d   Thumb Code     0  __rtentry2.o(.ARM.Collect$$rtentry$$00000009)
    __rt_entry_main                          0x08000211   Thumb Code     0  __rtentry2.o(.ARM.Collect$$rtentry$$0000000D)
    __rt_entry_postli_1                      0x08000211   Thumb Code     0  __rtentry2.o(.ARM.Collect$$rtentry$$0000000C)
    __rt_exit                                0x08000219   Thumb Code     0  rtexit.o(.ARM.Collect$$rtexit$$00000000)
    __rt_exit_ls                             0x0800021b   Thumb Code     0  rtexit2.o(.ARM.Collect$$rtexit$$00000003)
    __rt_exit_prels_1                        0x0800021b   Thumb Code     0  rtexit2.o(.ARM.Collect$$rtexit$$00000002)
    __rt_exit_exit                           0x0800021f   Thumb Code     0  rtexit2.o(.ARM.Collect$$rtexit$$00000004)
    Reset_Handler                            0x08000225   Thumb Code     8  startup_stm32f10x_hd.o(.text)
    ADC1_2_IRQHandler                        0x0800023f   Thumb Code     0  startup_stm32f10x_hd.o(.text)
    ADC3_IRQHandler                          0x0800023f   Thumb Code     0  startup_stm32f10x_hd.o(.text)
    CAN1_RX1_IRQHandler                      0x0800023f   Thumb Code     0  startup_stm32f10x_hd.o(.text)
    CAN1_SCE_IRQHandler                      0x0800023f   Thumb Code     0  startup_stm32f10x_hd.o(.text)
    DMA1_Channel1_IRQHandler                 0x0800023f   Thumb Code     0  startup_stm32f10x_hd.o(.text)
    DMA1_Channel2_IRQHandler                 0x0800023f   Thumb Code     0  startup_stm32f10x_hd.o(.text)
    DMA1_Channel3_IRQHandler                 0x0800023f   Thumb Code     0  startup_stm32f10x_hd.o(.text)
    DMA1_Channel4_IRQHandler                 0x0800023f   Thumb Code     0  startup_stm32f10x_hd.o(.text)
    DMA1_Channel5_IRQHandler                 0x0800023f   Thumb Code     0  startup_stm32f10x_hd.o(.text)
    DMA1_Channel6_IRQHandler                 0x0800023f   Thumb Code     0  startup_stm32f10x_hd.o(.text)
    DMA1_Channel7_IRQHandler                 0x0800023f   Thumb Code     0  startup_stm32f10x_hd.o(.text)
    DMA2_Channel1_IRQHandler                 0x0800023f   Thumb Code     0  startup_stm32f10x_hd.o(.text)
    DMA2_Channel2_IRQHandler                 0x0800023f   Thumb Code     0  startup_stm32f10x_hd.o(.text)
    DMA2_Channel3_IRQHandler                 0x0800023f   Thumb Code     0  startup_stm32f10x_hd.o(.text)
    DMA2_Channel4_5_IRQHandler               0x0800023f   Thumb Code     0  startup_stm32f10x_hd.o(.text)
    EXTI0_IRQHandler                         0x0800023f   Thumb Code     0  startup_stm32f10x_hd.o(.text)
    EXTI15_10_IRQHandler                     0x0800023f   Thumb Code     0  startup_stm32f10x_hd.o(.text)
    EXTI1_IRQHandler                         0x0800023f   Thumb Code     0  startup_stm32f10x_hd.o(.text)
    EXTI2_IRQHandler                         0x0800023f   Thumb Code     0  startup_stm32f10x_hd.o(.text)
    EXTI3_IRQHandler                         0x0800023f   Thumb Code     0  startup_stm32f10x_hd.o(.text)
    EXTI4_IRQHandler                         0x0800023f   Thumb Code     0  startup_stm32f10x_hd.o(.text)
    EXTI9_5_IRQHandler                       0x0800023f   Thumb Code     0  startup_stm32f10x_hd.o(.text)
    FLASH_IRQHandler                         0x0800023f   Thumb Code     0  startup_stm32f10x_hd.o(.text)
    FSMC_IRQHandler                          0x0800023f   Thumb Code     0  startup_stm32f10x_hd.o(.text)
    I2C1_ER_IRQHandler                       0x0800023f   Thumb Code     0  startup_stm32f10x_hd.o(.text)
    I2C1_EV_IRQHandler                       0x0800023f   Thumb Code     0  startup_stm32f10x_hd.o(.text)
    I2C2_ER_IRQHandler                       0x0800023f   Thumb Code     0  startup_stm32f10x_hd.o(.text)
    I2C2_EV_IRQHandler                       0x0800023f   Thumb Code     0  startup_stm32f10x_hd.o(.text)
    PVD_IRQHandler                           0x0800023f   Thumb Code     0  startup_stm32f10x_hd.o(.text)
    RCC_IRQHandler                           0x0800023f   Thumb Code     0  startup_stm32f10x_hd.o(.text)
    RTCAlarm_IRQHandler                      0x0800023f   Thumb Code     0  startup_stm32f10x_hd.o(.text)
    RTC_IRQHandler                           0x0800023f   Thumb Code     0  startup_stm32f10x_hd.o(.text)
    SDIO_IRQHandler                          0x0800023f   Thumb Code     0  startup_stm32f10x_hd.o(.text)
    SPI1_IRQHandler                          0x0800023f   Thumb Code     0  startup_stm32f10x_hd.o(.text)
    SPI2_IRQHandler                          0x0800023f   Thumb Code     0  startup_stm32f10x_hd.o(.text)
    SPI3_IRQHandler                          0x0800023f   Thumb Code     0  startup_stm32f10x_hd.o(.text)
    TAMPER_IRQHandler                        0x0800023f   Thumb Code     0  startup_stm32f10x_hd.o(.text)
    TIM1_BRK_IRQHandler                      0x0800023f   Thumb Code     0  startup_stm32f10x_hd.o(.text)
    TIM1_CC_IRQHandler                       0x0800023f   Thumb Code     0  startup_stm32f10x_hd.o(.text)
    TIM1_TRG_COM_IRQHandler                  0x0800023f   Thumb Code     0  startup_stm32f10x_hd.o(.text)
    TIM1_UP_IRQHandler                       0x0800023f   Thumb Code     0  startup_stm32f10x_hd.o(.text)
    TIM2_IRQHandler                          0x0800023f   Thumb Code     0  startup_stm32f10x_hd.o(.text)
    TIM3_IRQHandler                          0x0800023f   Thumb Code     0  startup_stm32f10x_hd.o(.text)
    TIM4_IRQHandler                          0x0800023f   Thumb Code     0  startup_stm32f10x_hd.o(.text)
    TIM5_IRQHandler                          0x0800023f   Thumb Code     0  startup_stm32f10x_hd.o(.text)
    TIM6_IRQHandler                          0x0800023f   Thumb Code     0  startup_stm32f10x_hd.o(.text)
    TIM7_IRQHandler                          0x0800023f   Thumb Code     0  startup_stm32f10x_hd.o(.text)
    TIM8_BRK_IRQHandler                      0x0800023f   Thumb Code     0  startup_stm32f10x_hd.o(.text)
    TIM8_CC_IRQHandler                       0x0800023f   Thumb Code     0  startup_stm32f10x_hd.o(.text)
    TIM8_TRG_COM_IRQHandler                  0x0800023f   Thumb Code     0  startup_stm32f10x_hd.o(.text)
    TIM8_UP_IRQHandler                       0x0800023f   Thumb Code     0  startup_stm32f10x_hd.o(.text)
    UART4_IRQHandler                         0x0800023f   Thumb Code     0  startup_stm32f10x_hd.o(.text)
    UART5_IRQHandler                         0x0800023f   Thumb Code     0  startup_stm32f10x_hd.o(.text)
    USART2_IRQHandler                        0x0800023f   Thumb Code     0  startup_stm32f10x_hd.o(.text)
    USART3_IRQHandler                        0x0800023f   Thumb Code     0  startup_stm32f10x_hd.o(.text)
    USBWakeUp_IRQHandler                     0x0800023f   Thumb Code     0  startup_stm32f10x_hd.o(.text)
    USB_HP_CAN1_TX_IRQHandler                0x0800023f   Thumb Code     0  startup_stm32f10x_hd.o(.text)
    USB_LP_CAN1_RX0_IRQHandler               0x0800023f   Thumb Code     0  startup_stm32f10x_hd.o(.text)
    WWDG_IRQHandler                          0x0800023f   Thumb Code     0  startup_stm32f10x_hd.o(.text)
    __user_initial_stackheap                 0x08000241   Thumb Code     0  startup_stm32f10x_hd.o(.text)
    CPU_IntDis                               0x08000265   Thumb Code     0  cpu_a.o(.text)
    CPU_IntEn                                0x08000269   Thumb Code     0  cpu_a.o(.text)
    CPU_SR_Save                              0x0800026d   Thumb Code     0  cpu_a.o(.text)
    CPU_SR_Restore                           0x08000275   Thumb Code     0  cpu_a.o(.text)
    CPU_WaitForInt                           0x0800027b   Thumb Code     0  cpu_a.o(.text)
    CPU_WaitForExcept                        0x0800027f   Thumb Code     0  cpu_a.o(.text)
    CPU_CntLeadZeros                         0x08000283   Thumb Code     0  cpu_a.o(.text)
    CPU_CntTrailZeros                        0x08000289   Thumb Code     0  cpu_a.o(.text)
    CPU_RevBits                              0x08000293   Thumb Code     0  cpu_a.o(.text)
    __use_no_semihosting                     0x08000299   Thumb Code     2  use_no_semi_2.o(.text)
    __2printf                                0x0800029d   Thumb Code    20  noretval__2printf.o(.text)
    __printf                                 0x080002b5   Thumb Code   270  __printf_wp.o(.text)
    __use_two_region_memory                  0x080003c3   Thumb Code     2  heapauxi.o(.text)
    __rt_heap_escrow$2region                 0x080003c5   Thumb Code     2  heapauxi.o(.text)
    __rt_heap_expand$2region                 0x080003c7   Thumb Code     2  heapauxi.o(.text)
    __I$use$semihosting                      0x080003c9   Thumb Code     0  use_no_semi.o(.text)
    __use_no_semihosting_swi                 0x080003c9   Thumb Code     2  use_no_semi.o(.text)
    __lib_sel_fp_printf                      0x080003cb   Thumb Code     2  _printf_fp_dec.o(.text)
    _printf_fp_dec_real                      0x0800057d   Thumb Code   620  _printf_fp_dec.o(.text)
    _printf_char_file                        0x080007e9   Thumb Code    32  _printf_char_file.o(.text)
    __rt_locale                              0x0800080d   Thumb Code     8  rt_locale_intlibspace.o(.text)
    _ll_udiv10                               0x08000815   Thumb Code   138  lludiv10.o(.text)
    _printf_char_common                      0x080008ab   Thumb Code    32  _printf_char_common.o(.text)
    _printf_fp_infnan                        0x080008d1   Thumb Code   112  _printf_fp_infnan.o(.text)
    _btod_etento                             0x08000951   Thumb Code   224  bigflt0.o(.text)
    ferror                                   0x08000a35   Thumb Code     8  ferror.o(.text)
    __user_libspace                          0x08000a3d   Thumb Code     8  libspace.o(.text)
    __user_perproc_libspace                  0x08000a3d   Thumb Code     0  libspace.o(.text)
    __user_perthread_libspace                0x08000a3d   Thumb Code     0  libspace.o(.text)
    __user_setup_stackheap                   0x08000a45   Thumb Code    74  sys_stackheap_outer.o(.text)
    exit                                     0x08000a8f   Thumb Code    18  exit.o(.text)
    strcmp                                   0x08000aa1   Thumb Code   128  strcmpv7m.o(.text)
    _btod_d2e                                0x08000b21   Thumb Code    62  btod.o(CL$$btod_d2e)
    _d2e_denorm_low                          0x08000b5f   Thumb Code    70  btod.o(CL$$btod_d2e_denorm_low)
    _d2e_norm_op1                            0x08000ba5   Thumb Code    96  btod.o(CL$$btod_d2e_norm_op1)
    __btod_div_common                        0x08000c05   Thumb Code   696  btod.o(CL$$btod_div_common)
    _e2e                                     0x08000f3d   Thumb Code   220  btod.o(CL$$btod_e2e)
    _btod_ediv                               0x08001019   Thumb Code    42  btod.o(CL$$btod_ediv)
    _btod_emul                               0x08001043   Thumb Code    42  btod.o(CL$$btod_emul)
    __btod_mult_common                       0x0800106d   Thumb Code   580  btod.o(CL$$btod_mult_common)
    OSStartHighRdy                           0x080012b1   Thumb Code     0  os_cpu_a.o(CODE)
    PendSV_Handler                           0x080012e7   Thumb Code     0  os_cpu_a.o(CODE)
    BSP_CPU_ClkFreq                          0x08001349   Thumb Code    16  bsp.o(i.BSP_CPU_ClkFreq)
    BusFault_Handler                         0x08001359   Thumb Code     4  stm32f10x_it.o(i.BusFault_Handler)
    CPU_Init                                 0x0800135d   Thumb Code    16  cpu_core.o(i.CPU_Init)
    CPU_IntDisMeasMaxCurGet                  0x0800140d   Thumb Code    40  cpu_core.o(i.CPU_IntDisMeasMaxCurGet)
    CPU_IntDisMeasMaxCurReset                0x08001439   Thumb Code    40  cpu_core.o(i.CPU_IntDisMeasMaxCurReset)
    CPU_IntDisMeasMaxGet                     0x08001465   Thumb Code    40  cpu_core.o(i.CPU_IntDisMeasMaxGet)
    CPU_IntDisMeasStart                      0x08001491   Thumb Code    38  cpu_core.o(i.CPU_IntDisMeasStart)
    CPU_IntDisMeasStop                       0x080014c5   Thumb Code    62  cpu_core.o(i.CPU_IntDisMeasStop)
    CPU_NameClr                              0x08001519   Thumb Code    50  cpu_core.o(i.CPU_NameClr)
    CPU_TS_TmrFreqSet                        0x0800156d   Thumb Code     6  cpu_core.o(i.CPU_TS_TmrFreqSet)
    CPU_TS_TmrInit                           0x08001579   Thumb Code    44  bsp.o(i.CPU_TS_TmrInit)
    CPU_TS_TmrRd                             0x080015ad   Thumb Code     6  bsp.o(i.CPU_TS_TmrRd)
    DebugMon_Handler                         0x080015b9   Thumb Code     2  stm32f10x_it.o(i.DebugMon_Handler)
    GPIO_Init                                0x080015bb   Thumb Code   278  stm32f10x_gpio.o(i.GPIO_Init)
    GPIO_SetBits                             0x080016d1   Thumb Code     4  stm32f10x_gpio.o(i.GPIO_SetBits)
    HardFault_Handler                        0x080016d5   Thumb Code     4  stm32f10x_it.o(i.HardFault_Handler)
    LED_Init                                 0x080016d9   Thumb Code    68  led.o(i.LED_Init)
    MemManage_Handler                        0x08001725   Thumb Code     4  stm32f10x_it.o(i.MemManage_Handler)
    Mem_Clr                                  0x08001729   Thumb Code    18  lib_mem.o(i.Mem_Clr)
    Mem_Set                                  0x0800173b   Thumb Code    98  lib_mem.o(i.Mem_Set)
    NMI_Handler                              0x0800179d   Thumb Code     2  stm32f10x_it.o(i.NMI_Handler)
    NVIC_Init                                0x080017a1   Thumb Code   100  misc.o(i.NVIC_Init)
    NVIC_PriorityGroupConfig                 0x08001811   Thumb Code    10  misc.o(i.NVIC_PriorityGroupConfig)
    OSCfg_Init                               0x08001825   Thumb Code     2  os_cfg_app.o(i.OSCfg_Init)
    OSIdleTaskHook                           0x08001829   Thumb Code    16  os_cpu_c.o(i.OSIdleTaskHook)
    OSInit                                   0x0800183d   Thumb Code   300  os_core.o(i.OSInit)
    OSInitHook                               0x080019c9   Thumb Code    42  os_cpu_c.o(i.OSInitHook)
    OSIntEnter                               0x08001a01   Thumb Code    34  os_core.o(i.OSIntEnter)
    OSIntExit                                0x08001a2d   Thumb Code   192  os_core.o(i.OSIntExit)
    OSSched                                  0x08001b11   Thumb Code   134  os_core.o(i.OSSched)
    OSSchedLock                              0x08001bb9   Thumb Code   112  os_core.o(i.OSSchedLock)
    OSSchedRoundRobinCfg                     0x08001c35   Thumb Code    96  os_core.o(i.OSSchedRoundRobinCfg)
    OSSchedUnlock                            0x08001ca1   Thumb Code   148  os_core.o(i.OSSchedUnlock)
    OSStart                                  0x08001d41   Thumb Code    78  os_core.o(i.OSStart)
    OSStatReset                              0x08001da9   Thumb Code   316  os_stat.o(i.OSStatReset)
    OSStatTaskCPUUsageInit                   0x08001f11   Thumb Code   228  os_stat.o(i.OSStatTaskCPUUsageInit)
    OSStatTaskHook                           0x08002011   Thumb Code    16  os_cpu_c.o(i.OSStatTaskHook)
    OSTaskCreate                             0x08002025   Thumb Code   624  os_task.o(i.OSTaskCreate)
    OSTaskCreateHook                         0x080022b9   Thumb Code    20  os_cpu_c.o(i.OSTaskCreateHook)
    OSTaskDel                                0x080022d1   Thumb Code   490  os_task.o(i.OSTaskDel)
    OSTaskDelHook                            0x080024d9   Thumb Code    20  os_cpu_c.o(i.OSTaskDelHook)
    OSTaskResume                             0x080024f1   Thumb Code   124  os_task.o(i.OSTaskResume)
    OSTaskReturnHook                         0x08002579   Thumb Code    20  os_cpu_c.o(i.OSTaskReturnHook)
    OSTaskSemPend                            0x08002591   Thumb Code   578  os_task.o(i.OSTaskSemPend)
    OSTaskStkChk                             0x080027e1   Thumb Code   220  os_task.o(i.OSTaskStkChk)
    OSTaskStkInit                            0x080028c5   Thumb Code   188  os_cpu_c.o(i.OSTaskStkInit)
    OSTaskSuspend                            0x08002985   Thumb Code    78  os_task.o(i.OSTaskSuspend)
    OSTaskSwHook                             0x080029e5   Thumb Code   146  os_cpu_c.o(i.OSTaskSwHook)
    OSTimeDly                                0x08002a89   Thumb Code   322  os_time.o(i.OSTimeDly)
    OSTimeDlyHMSM                            0x08002bd9   Thumb Code   538  os_time.o(i.OSTimeDlyHMSM)
    OSTimeTick                               0x08002e05   Thumb Code    54  os_time.o(i.OSTimeTick)
    OSTimeTickHook                           0x08002e49   Thumb Code    16  os_cpu_c.o(i.OSTimeTickHook)
    OS_Dbg_Init                              0x08002e5d   Thumb Code   150  os_dbg.o(i.OS_Dbg_Init)
    OS_FlagInit                              0x08003011   Thumb Code    14  os_flag.o(i.OS_FlagInit)
    OS_FlagPost                              0x08003029   Thumb Code   626  os_flag.o(i.OS_FlagPost)
    OS_FlagTaskRdy                           0x080032a5   Thumb Code    86  os_flag.o(i.OS_FlagTaskRdy)
    OS_IdleTask                              0x080032fd   Thumb Code    68  os_core.o(i.OS_IdleTask)
    OS_IdleTaskInit                          0x08003349   Thumb Code    66  os_core.o(i.OS_IdleTaskInit)
    OS_IntQPost                              0x080033b9   Thumb Code   224  os_int.o(i.OS_IntQPost)
    OS_IntQRePost                            0x080034bd   Thumb Code   360  os_int.o(i.OS_IntQRePost)
    OS_IntQTask                              0x08003661   Thumb Code   182  os_int.o(i.OS_IntQTask)
    OS_IntQTaskInit                          0x08003729   Thumb Code   206  os_int.o(i.OS_IntQTaskInit)
    OS_MemInit                               0x08003851   Thumb Code    14  os_mem.o(i.OS_MemInit)
    OS_MsgPoolInit                           0x08003869   Thumb Code   110  os_msg.o(i.OS_MsgPoolInit)
    OS_MsgQFreeAll                           0x080038e5   Thumb Code    62  os_msg.o(i.OS_MsgQFreeAll)
    OS_MsgQInit                              0x08003929   Thumb Code    14  os_msg.o(i.OS_MsgQInit)
    OS_MsgQPut                               0x08003939   Thumb Code   254  os_msg.o(i.OS_MsgQPut)
    OS_MutexInit                             0x08003a3d   Thumb Code    14  os_mutex.o(i.OS_MutexInit)
    OS_Pend                                  0x08003a55   Thumb Code    98  os_core.o(i.OS_Pend)
    OS_PendDataInit                          0x08003abd   Thumb Code    38  os_core.o(i.OS_PendDataInit)
    OS_PendDbgNameAdd                        0x08003ae5   Thumb Code    66  os_core.o(i.OS_PendDbgNameAdd)
    OS_PendDbgNameRemove                     0x08003b41   Thumb Code    30  os_core.o(i.OS_PendDbgNameRemove)
    OS_PendListInsertPrio                    0x08003b65   Thumb Code   102  os_core.o(i.OS_PendListInsertPrio)
    OS_PendListRemove                        0x08003bcb   Thumb Code    48  os_core.o(i.OS_PendListRemove)
    OS_PendListRemove1                       0x08003bfb   Thumb Code    66  os_core.o(i.OS_PendListRemove1)
    OS_Post                                  0x08003c3d   Thumb Code   192  os_core.o(i.OS_Post)
    OS_Post1                                 0x08003cfd   Thumb Code    42  os_core.o(i.OS_Post1)
    OS_PrioGetHighest                        0x08003d29   Thumb Code    36  os_prio.o(i.OS_PrioGetHighest)
    OS_PrioInit                              0x08003d51   Thumb Code    20  os_prio.o(i.OS_PrioInit)
    OS_PrioInsert                            0x08003d69   Thumb Code    32  os_prio.o(i.OS_PrioInsert)
    OS_PrioRemove                            0x08003d8d   Thumb Code    32  os_prio.o(i.OS_PrioRemove)
    OS_QInit                                 0x08003db1   Thumb Code    14  os_q.o(i.OS_QInit)
    OS_QPost                                 0x08003dc9   Thumb Code   382  os_q.o(i.OS_QPost)
    OS_RdyListInit                           0x08003f51   Thumb Code    32  os_core.o(i.OS_RdyListInit)
    OS_RdyListInsert                         0x08003f75   Thumb Code    40  os_core.o(i.OS_RdyListInsert)
    OS_RdyListInsertHead                     0x08003fa1   Thumb Code    58  os_core.o(i.OS_RdyListInsertHead)
    OS_RdyListInsertTail                     0x08003fe1   Thumb Code    56  os_core.o(i.OS_RdyListInsertTail)
    OS_RdyListMoveHeadToTail                 0x0800401d   Thumb Code    68  os_core.o(i.OS_RdyListMoveHeadToTail)
    OS_RdyListRemove                         0x08004061   Thumb Code    86  os_core.o(i.OS_RdyListRemove)
    OS_Sched0                                0x080040bd   Thumb Code    72  os_core.o(i.OS_Sched0)
    OS_SchedLockTimeMeasStart                0x08004119   Thumb Code    20  os_core.o(i.OS_SchedLockTimeMeasStart)
    OS_SchedLockTimeMeasStop                 0x08004135   Thumb Code    44  os_core.o(i.OS_SchedLockTimeMeasStop)
    OS_SchedRoundRobin                       0x08004171   Thumb Code   218  os_core.o(i.OS_SchedRoundRobin)
    OS_SemInit                               0x0800425d   Thumb Code    14  os_sem.o(i.OS_SemInit)
    OS_SemPost                               0x08004275   Thumb Code   404  os_sem.o(i.OS_SemPost)
    OS_StatTask                              0x0800440d   Thumb Code   878  os_stat.o(i.OS_StatTask)
    OS_StatTaskInit                          0x080047c5   Thumb Code   136  os_stat.o(i.OS_StatTaskInit)
    OS_TaskBlock                             0x08004891   Thumb Code    56  os_core.o(i.OS_TaskBlock)
    OS_TaskDbgListAdd                        0x080048c9   Thumb Code    42  os_task.o(i.OS_TaskDbgListAdd)
    OS_TaskDbgListRemove                     0x080048f9   Thumb Code    64  os_task.o(i.OS_TaskDbgListRemove)
    OS_TaskInit                              0x0800493d   Thumb Code    18  os_task.o(i.OS_TaskInit)
    OS_TaskInitTCB                           0x0800495d   Thumb Code   194  os_task.o(i.OS_TaskInitTCB)
    OS_TaskQPost                             0x08004a2d   Thumb Code   606  os_task.o(i.OS_TaskQPost)
    OS_TaskRdy                               0x08004c99   Thumb Code    28  os_core.o(i.OS_TaskRdy)
    OS_TaskResume                            0x08004cb5   Thumb Code   374  os_task.o(i.OS_TaskResume)
    OS_TaskReturn                            0x08004e31   Thumb Code    20  os_task.o(i.OS_TaskReturn)
    OS_TaskSemPost                           0x08004e49   Thumb Code  1438  os_task.o(i.OS_TaskSemPost)
    OS_TaskSuspend                           0x080053f1   Thumb Code   392  os_task.o(i.OS_TaskSuspend)
    OS_TickListInit                          0x08005581   Thumb Code    32  os_tick.o(i.OS_TickListInit)
    OS_TickListInsert                        0x080055a9   Thumb Code   430  os_tick.o(i.OS_TickListInsert)
    OS_TickListRemove                        0x08005765   Thumb Code    56  os_tick.o(i.OS_TickListRemove)
    OS_TickListResetPeak                     0x0800579d   Thumb Code    28  os_tick.o(i.OS_TickListResetPeak)
    OS_TickListUpdate                        0x080057c1   Thumb Code   520  os_tick.o(i.OS_TickListUpdate)
    OS_TickTask                              0x080059e1   Thumb Code    38  os_tick.o(i.OS_TickTask)
    OS_TickTaskInit                          0x08005a0d   Thumb Code   128  os_tick.o(i.OS_TickTaskInit)
    OS_TmrInit                               0x08005ac5   Thumb Code   206  os_tmr.o(i.OS_TmrInit)
    OS_TmrLink                               0x08005bed   Thumb Code   196  os_tmr.o(i.OS_TmrLink)
    OS_TmrResetPeak                          0x08005cbd   Thumb Code    28  os_tmr.o(i.OS_TmrResetPeak)
    OS_TmrTask                               0x08005ce1   Thumb Code   176  os_tmr.o(i.OS_TmrTask)
    OS_TmrUnlink                             0x08005da1   Thumb Code    72  os_tmr.o(i.OS_TmrUnlink)
    RCC_APB2PeriphClockCmd                   0x08005df1   Thumb Code    26  stm32f10x_rcc.o(i.RCC_APB2PeriphClockCmd)
    RCC_GetClocksFreq                        0x08005e11   Thumb Code   192  stm32f10x_rcc.o(i.RCC_GetClocksFreq)
    SVC_Handler                              0x08005ee5   Thumb Code     2  stm32f10x_it.o(i.SVC_Handler)
    SysTick_CLKSourceConfig                  0x08005fd1   Thumb Code    40  misc.o(i.SysTick_CLKSourceConfig)
    SysTick_Handler                          0x08005ff9   Thumb Code    24  delay.o(i.SysTick_Handler)
    SystemInit                               0x08006015   Thumb Code    78  system_stm32f10x.o(i.SystemInit)
    USART1_IRQHandler                        0x08006075   Thumb Code   130  usart.o(i.USART1_IRQHandler)
    USART_Cmd                                0x08006105   Thumb Code    24  stm32f10x_usart.o(i.USART_Cmd)
    USART_GetITStatus                        0x0800611d   Thumb Code    84  stm32f10x_usart.o(i.USART_GetITStatus)
    USART_ITConfig                           0x08006171   Thumb Code    74  stm32f10x_usart.o(i.USART_ITConfig)
    USART_Init                               0x080061bd   Thumb Code   210  stm32f10x_usart.o(i.USART_Init)
    USART_ReceiveData                        0x08006295   Thumb Code    10  stm32f10x_usart.o(i.USART_ReceiveData)
    UsageFault_Handler                       0x0800629f   Thumb Code     4  stm32f10x_it.o(i.UsageFault_Handler)
    __ARM_fpclassify                         0x080062a3   Thumb Code    40  fpclassify.o(i.__ARM_fpclassify)
    _is_digit                                0x080062cb   Thumb Code    14  __printf_wp.o(i._is_digit)
    _sys_exit                                0x080062d9   Thumb Code     4  usart.o(i._sys_exit)
    delay_init                               0x080062dd   Thumb Code    92  delay.o(i.delay_init)
    delay_ms                                 0x0800634d   Thumb Code    66  delay.o(i.delay_ms)
    delay_osschedlock                        0x0800639d   Thumb Code    10  delay.o(i.delay_osschedlock)
    delay_osschedunlock                      0x080063a7   Thumb Code    10  delay.o(i.delay_osschedunlock)
    delay_ostimedly                          0x080063b1   Thumb Code    16  delay.o(i.delay_ostimedly)
    delay_us                                 0x080063c1   Thumb Code    86  delay.o(i.delay_us)
    float_task                               0x0800641d   Thumb Code   220  main.o(i.float_task)
    fputc                                    0x08006521   Thumb Code    24  usart.o(i.fputc)
    led0_task                                0x0800653d   Thumb Code    58  main.o(i.led0_task)
    led1_task                                0x08006581   Thumb Code    38  main.o(i.led1_task)
    main                                     0x080065b1   Thumb Code   264  main.o(i.main)
    start_task                               0x080066d9   Thumb Code   356  main.o(i.start_task)
    uart_init                                0x08006895   Thumb Code   152  usart.o(i.uart_init)
    _get_lc_numeric                          0x08006935   Thumb Code    44  lc_numeric_c.o(locale$$code)
    __fpl_dretinf                            0x08006961   Thumb Code    12  dretinf.o(x$fpl$dretinf)
    __aeabi_f2d                              0x0800696d   Thumb Code     0  f2d.o(x$fpl$f2d)
    _f2d                                     0x0800696d   Thumb Code    86  f2d.o(x$fpl$f2d)
    __aeabi_fadd                             0x080069c5   Thumb Code     0  faddsub_clz.o(x$fpl$fadd)
    _fadd                                    0x080069c5   Thumb Code   196  faddsub_clz.o(x$fpl$fadd)
    __fpl_fnaninf                            0x08006a89   Thumb Code   140  fnaninf.o(x$fpl$fnaninf)
    __fpl_fretinf                            0x08006b15   Thumb Code    10  fretinf.o(x$fpl$fretinf)
    __aeabi_fsub                             0x08006b21   Thumb Code     0  faddsub_clz.o(x$fpl$fsub)
    _fsub                                    0x08006b21   Thumb Code   234  faddsub_clz.o(x$fpl$fsub)
    _printf_fp_dec                           0x08006c0b   Thumb Code     4  printf1.o(x$fpl$printf1)
    __I$use$fp                               0x08006c0e   Number         0  usenofp.o(x$fpl$usenofp)
    OSCfg_IdleTaskStkBasePtr                 0x08006c10   Data           4  os_cfg_app.o(.constdata)
    OSCfg_IdleTaskStkLimit                   0x08006c14   Data           4  os_cfg_app.o(.constdata)
    OSCfg_IdleTaskStkSize                    0x08006c18   Data           4  os_cfg_app.o(.constdata)
    OSCfg_IdleTaskStkSizeRAM                 0x08006c1c   Data           4  os_cfg_app.o(.constdata)
    OSCfg_IntQBasePtr                        0x08006c20   Data           4  os_cfg_app.o(.constdata)
    OSCfg_IntQSize                           0x08006c24   Data           2  os_cfg_app.o(.constdata)
    OSCfg_IntQSizeRAM                        0x08006c28   Data           4  os_cfg_app.o(.constdata)
    OSCfg_IntQTaskStkBasePtr                 0x08006c2c   Data           4  os_cfg_app.o(.constdata)
    OSCfg_IntQTaskStkLimit                   0x08006c30   Data           4  os_cfg_app.o(.constdata)
    OSCfg_IntQTaskStkSize                    0x08006c34   Data           4  os_cfg_app.o(.constdata)
    OSCfg_IntQTaskStkSizeRAM                 0x08006c38   Data           4  os_cfg_app.o(.constdata)
    OSCfg_ISRStkBasePtr                      0x08006c3c   Data           4  os_cfg_app.o(.constdata)
    OSCfg_ISRStkSize                         0x08006c40   Data           4  os_cfg_app.o(.constdata)
    OSCfg_ISRStkSizeRAM                      0x08006c44   Data           4  os_cfg_app.o(.constdata)
    OSCfg_MsgPoolSize                        0x08006c48   Data           2  os_cfg_app.o(.constdata)
    OSCfg_MsgPoolSizeRAM                     0x08006c4c   Data           4  os_cfg_app.o(.constdata)
    OSCfg_MsgPoolBasePtr                     0x08006c50   Data           4  os_cfg_app.o(.constdata)
    OSCfg_StatTaskPrio                       0x08006c54   Data           1  os_cfg_app.o(.constdata)
    OSCfg_StatTaskRate_Hz                    0x08006c58   Data           4  os_cfg_app.o(.constdata)
    OSCfg_StatTaskStkBasePtr                 0x08006c5c   Data           4  os_cfg_app.o(.constdata)
    OSCfg_StatTaskStkLimit                   0x08006c60   Data           4  os_cfg_app.o(.constdata)
    OSCfg_StatTaskStkSize                    0x08006c64   Data           4  os_cfg_app.o(.constdata)
    OSCfg_StatTaskStkSizeRAM                 0x08006c68   Data           4  os_cfg_app.o(.constdata)
    OSCfg_StkSizeMin                         0x08006c6c   Data           4  os_cfg_app.o(.constdata)
    OSCfg_TickRate_Hz                        0x08006c70   Data           4  os_cfg_app.o(.constdata)
    OSCfg_TickTaskPrio                       0x08006c74   Data           1  os_cfg_app.o(.constdata)
    OSCfg_TickTaskStkBasePtr                 0x08006c78   Data           4  os_cfg_app.o(.constdata)
    OSCfg_TickTaskStkLimit                   0x08006c7c   Data           4  os_cfg_app.o(.constdata)
    OSCfg_TickTaskStkSize                    0x08006c80   Data           4  os_cfg_app.o(.constdata)
    OSCfg_TickTaskStkSizeRAM                 0x08006c84   Data           4  os_cfg_app.o(.constdata)
    OSCfg_TickWheelSize                      0x08006c88   Data           2  os_cfg_app.o(.constdata)
    OSCfg_TickWheelSizeRAM                   0x08006c8c   Data           4  os_cfg_app.o(.constdata)
    OSCfg_TmrTaskPrio                        0x08006c90   Data           1  os_cfg_app.o(.constdata)
    OSCfg_TmrTaskRate_Hz                     0x08006c94   Data           4  os_cfg_app.o(.constdata)
    OSCfg_TmrTaskStkBasePtr                  0x08006c98   Data           4  os_cfg_app.o(.constdata)
    OSCfg_TmrTaskStkLimit                    0x08006c9c   Data           4  os_cfg_app.o(.constdata)
    OSCfg_TmrTaskStkSize                     0x08006ca0   Data           4  os_cfg_app.o(.constdata)
    OSCfg_TmrTaskStkSizeRAM                  0x08006ca4   Data           4  os_cfg_app.o(.constdata)
    OSCfg_TmrWheelSize                       0x08006ca8   Data           2  os_cfg_app.o(.constdata)
    OSCfg_TmrWheelSizeRAM                    0x08006cac   Data           4  os_cfg_app.o(.constdata)
    OSCfg_DataSizeRAM                        0x08006cb0   Data           4  os_cfg_app.o(.constdata)
    OSDbg_DbgEn                              0x08006cb4   Data           1  os_dbg.o(.constdata)
    OSDbg_ArgChkEn                           0x08006cb5   Data           1  os_dbg.o(.constdata)
    OSDbg_AppHooksEn                         0x08006cb6   Data           1  os_dbg.o(.constdata)
    OSDbg_EndiannessTest                     0x08006cb8   Data           4  os_dbg.o(.constdata)
    OSDbg_CalledFromISRChkEn                 0x08006cbc   Data           1  os_dbg.o(.constdata)
    OSDbg_FlagEn                             0x08006cbd   Data           1  os_dbg.o(.constdata)
    OSDbg_FlagGrp                            0x08006cc0   Data          40  os_dbg.o(.constdata)
    OSDbg_FlagDelEn                          0x08006ce8   Data           1  os_dbg.o(.constdata)
    OSDbg_FlagModeClrEn                      0x08006ce9   Data           1  os_dbg.o(.constdata)
    OSDbg_FlagPendAbortEn                    0x08006cea   Data           1  os_dbg.o(.constdata)
    OSDbg_FlagGrpSize                        0x08006cec   Data           2  os_dbg.o(.constdata)
    OSDbg_FlagWidth                          0x08006cee   Data           2  os_dbg.o(.constdata)
    OSDbg_IntQ                               0x08006cf0   Data           2  os_dbg.o(.constdata)
    OSDbg_ISRPostDeferredEn                  0x08006cf2   Data           1  os_dbg.o(.constdata)
    OSDbg_Mem                                0x08006cf4   Data          32  os_dbg.o(.constdata)
    OSDbg_MemEn                              0x08006d14   Data           1  os_dbg.o(.constdata)
    OSDbg_MemSize                            0x08006d16   Data           2  os_dbg.o(.constdata)
    OSDbg_MsgEn                              0x08006d18   Data           1  os_dbg.o(.constdata)
    OSDbg_MsgSize                            0x08006d1a   Data           2  os_dbg.o(.constdata)
    OSDbg_MsgPoolSize                        0x08006d1c   Data           2  os_dbg.o(.constdata)
    OSDbg_MsgQSize                           0x08006d1e   Data           2  os_dbg.o(.constdata)
    OSDbg_Mutex                              0x08006d20   Data          44  os_dbg.o(.constdata)
    OSDbg_MutexEn                            0x08006d4c   Data           1  os_dbg.o(.constdata)
    OSDbg_MutexDelEn                         0x08006d4d   Data           1  os_dbg.o(.constdata)
    OSDbg_MutexPendAbortEn                   0x08006d4e   Data           1  os_dbg.o(.constdata)
    OSDbg_MutexSize                          0x08006d50   Data           2  os_dbg.o(.constdata)
    OSDbg_ObjTypeChkEn                       0x08006d52   Data           1  os_dbg.o(.constdata)
    OSDbg_PendMultiEn                        0x08006d53   Data           1  os_dbg.o(.constdata)
    OSDbg_PendDataSize                       0x08006d54   Data           2  os_dbg.o(.constdata)
    OSDbg_PendListSize                       0x08006d56   Data           2  os_dbg.o(.constdata)
    OSDbg_PendObjSize                        0x08006d58   Data           2  os_dbg.o(.constdata)
    OSDbg_PrioMax                            0x08006d5a   Data           2  os_dbg.o(.constdata)
    OSDbg_PrioTblSize                        0x08006d5c   Data           2  os_dbg.o(.constdata)
    OSDbg_PtrSize                            0x08006d5e   Data           2  os_dbg.o(.constdata)
    OSDbg_Q                                  0x08006d60   Data          48  os_dbg.o(.constdata)
    OSDbg_QEn                                0x08006d90   Data           1  os_dbg.o(.constdata)
    OSDbg_QDelEn                             0x08006d91   Data           1  os_dbg.o(.constdata)
    OSDbg_QFlushEn                           0x08006d92   Data           1  os_dbg.o(.constdata)
    OSDbg_QPendAbortEn                       0x08006d93   Data           1  os_dbg.o(.constdata)
    OSDbg_QSize                              0x08006d94   Data           2  os_dbg.o(.constdata)
    OSDbg_SchedRoundRobinEn                  0x08006d96   Data           1  os_dbg.o(.constdata)
    OSDbg_Sem                                0x08006d98   Data          40  os_dbg.o(.constdata)
    OSDbg_SemEn                              0x08006dc0   Data           1  os_dbg.o(.constdata)
    OSDbg_SemDelEn                           0x08006dc1   Data           1  os_dbg.o(.constdata)
    OSDbg_SemPendAbortEn                     0x08006dc2   Data           1  os_dbg.o(.constdata)
    OSDbg_SemSetEn                           0x08006dc3   Data           1  os_dbg.o(.constdata)
    OSDbg_SemSize                            0x08006dc4   Data           2  os_dbg.o(.constdata)
    OSDbg_RdyList                            0x08006dc6   Data           2  os_dbg.o(.constdata)
    OSDbg_RdyListSize                        0x08006dc8   Data           4  os_dbg.o(.constdata)
    OSDbg_StkWidth                           0x08006dcc   Data           1  os_dbg.o(.constdata)
    OSDbg_StatTaskEn                         0x08006dcd   Data           1  os_dbg.o(.constdata)
    OSDbg_StatTaskStkChkEn                   0x08006dce   Data           1  os_dbg.o(.constdata)
    OSDbg_TaskChangePrioEn                   0x08006dcf   Data           1  os_dbg.o(.constdata)
    OSDbg_TaskDelEn                          0x08006dd0   Data           1  os_dbg.o(.constdata)
    OSDbg_TaskQEn                            0x08006dd1   Data           1  os_dbg.o(.constdata)
    OSDbg_TaskQPendAbortEn                   0x08006dd2   Data           1  os_dbg.o(.constdata)
    OSDbg_TaskProfileEn                      0x08006dd3   Data           1  os_dbg.o(.constdata)
    OSDbg_TaskRegTblSize                     0x08006dd4   Data           2  os_dbg.o(.constdata)
    OSDbg_TaskSemPendAbortEn                 0x08006dd6   Data           1  os_dbg.o(.constdata)
    OSDbg_TaskSuspendEn                      0x08006dd7   Data           1  os_dbg.o(.constdata)
    OSDbg_TCBSize                            0x08006dd8   Data           2  os_dbg.o(.constdata)
    OSDbg_TickSpokeSize                      0x08006dda   Data           2  os_dbg.o(.constdata)
    OSDbg_TimeDlyHMSMEn                      0x08006ddc   Data           1  os_dbg.o(.constdata)
    OSDbg_TimeDlyResumeEn                    0x08006ddd   Data           1  os_dbg.o(.constdata)
    OSDbg_TLS_TblSize                        0x08006dde   Data           2  os_dbg.o(.constdata)
    OSDbg_Tmr                                0x08006de0   Data          52  os_dbg.o(.constdata)
    OSDbg_TmrEn                              0x08006e14   Data           1  os_dbg.o(.constdata)
    OSDbg_TmrDelEn                           0x08006e15   Data           1  os_dbg.o(.constdata)
    OSDbg_TmrSize                            0x08006e16   Data           2  os_dbg.o(.constdata)
    OSDbg_TmrSpokeSize                       0x08006e18   Data           2  os_dbg.o(.constdata)
    OSDbg_VersionNbr                         0x08006e1a   Data           2  os_dbg.o(.constdata)
    OSDbg_DataSize                           0x08006e1c   Data           4  os_dbg.o(.constdata)
    Region$$Table$$Base                      0x08006eb4   Number         0  anon$$obj.o(Region$$Table)
    Region$$Table$$Limit                     0x08006ed4   Number         0  anon$$obj.o(Region$$Table)
    SystemCoreClock                          0x20000004   Data           4  system_stm32f10x.o(.data)
    AHBPrescTable                            0x20000008   Data          16  system_stm32f10x.o(.data)
    __stdout                                 0x2000001c   Data           4  usart.o(.data)
    USART_RX_STA                             0x20000020   Data           2  usart.o(.data)
    CPU_TS_TmrFreq_Hz                        0x20000038   Data           4  cpu_core.o(.data)
    CPU_IntDisMeasCtr                        0x2000003c   Data           2  cpu_core.o(.data)
    CPU_IntDisNestCtr                        0x2000003e   Data           2  cpu_core.o(.data)
    CPU_IntDisMeasStart_cnts                 0x20000040   Data           4  cpu_core.o(.data)
    CPU_IntDisMeasStop_cnts                  0x20000044   Data           4  cpu_core.o(.data)
    CPU_IntDisMeasOvrhd_cnts                 0x20000048   Data           4  cpu_core.o(.data)
    CPU_IntDisMeasMaxCur_cnts                0x2000004c   Data           4  cpu_core.o(.data)
    CPU_IntDisMeasMax_cnts                   0x20000050   Data           4  cpu_core.o(.data)
    OSPrioTbl                                0x20000054   Data           4  os_prio.o(.data)
    OS_AppTaskCreateHookPtr                  0x20000058   Data           4  os_var.o(.data)
    OS_AppTaskDelHookPtr                     0x2000005c   Data           4  os_var.o(.data)
    OS_AppTaskReturnHookPtr                  0x20000060   Data           4  os_var.o(.data)
    OS_AppIdleTaskHookPtr                    0x20000064   Data           4  os_var.o(.data)
    OS_AppStatTaskHookPtr                    0x20000068   Data           4  os_var.o(.data)
    OS_AppTaskSwHookPtr                      0x2000006c   Data           4  os_var.o(.data)
    OS_AppTimeTickHookPtr                    0x20000070   Data           4  os_var.o(.data)
    OSIdleTaskCtr                            0x20000074   Data           4  os_var.o(.data)
    OSIntNestingCtr                          0x20000078   Data           1  os_var.o(.data)
    OSIntDisTimeMax                          0x2000007c   Data           4  os_var.o(.data)
    OSRunning                                0x20000080   Data           1  os_var.o(.data)
    OSIntQInPtr                              0x20000084   Data           4  os_var.o(.data)
    OSIntQOutPtr                             0x20000088   Data           4  os_var.o(.data)
    OSIntQNbrEntries                         0x2000008c   Data           2  os_var.o(.data)
    OSIntQNbrEntriesMax                      0x2000008e   Data           2  os_var.o(.data)
    OSIntQOvfCtr                             0x20000090   Data           2  os_var.o(.data)
    OSIntQTaskTimeMax                        0x20000094   Data           4  os_var.o(.data)
    OSFlagDbgListPtr                         0x20000098   Data           4  os_var.o(.data)
    OSFlagQty                                0x2000009c   Data           2  os_var.o(.data)
    OSMemDbgListPtr                          0x200000a0   Data           4  os_var.o(.data)
    OSMemQty                                 0x200000a4   Data           2  os_var.o(.data)
    OSMutexDbgListPtr                        0x200000a8   Data           4  os_var.o(.data)
    OSMutexQty                               0x200000ac   Data           2  os_var.o(.data)
    OSPrioCur                                0x200000ae   Data           1  os_var.o(.data)
    OSPrioHighRdy                            0x200000af   Data           1  os_var.o(.data)
    OSPrioSaved                              0x200000b0   Data           1  os_var.o(.data)
    OSQDbgListPtr                            0x200000b4   Data           4  os_var.o(.data)
    OSQQty                                   0x200000b8   Data           2  os_var.o(.data)
    OSSchedLockTimeBegin                     0x200000bc   Data           4  os_var.o(.data)
    OSSchedLockTimeMax                       0x200000c0   Data           4  os_var.o(.data)
    OSSchedLockTimeMaxCur                    0x200000c4   Data           4  os_var.o(.data)
    OSSchedLockNestingCtr                    0x200000c8   Data           1  os_var.o(.data)
    OSSchedRoundRobinDfltTimeQuanta          0x200000cc   Data           4  os_var.o(.data)
    OSSchedRoundRobinEn                      0x200000d0   Data           1  os_var.o(.data)
    OSSemDbgListPtr                          0x200000d4   Data           4  os_var.o(.data)
    OSSemQty                                 0x200000d8   Data           2  os_var.o(.data)
    OSStatResetFlag                          0x200000da   Data           1  os_var.o(.data)
    OSStatTaskCPUUsage                       0x200000dc   Data           2  os_var.o(.data)
    OSStatTaskCPUUsageMax                    0x200000de   Data           2  os_var.o(.data)
    OSStatTaskCtr                            0x200000e0   Data           4  os_var.o(.data)
    OSStatTaskCtrMax                         0x200000e4   Data           4  os_var.o(.data)
    OSStatTaskCtrRun                         0x200000e8   Data           4  os_var.o(.data)
    OSStatTaskRdy                            0x200000ec   Data           1  os_var.o(.data)
    OSStatTaskTimeMax                        0x200000f0   Data           4  os_var.o(.data)
    OSTaskCtxSwCtr                           0x200000f4   Data           4  os_var.o(.data)
    OSTaskDbgListPtr                         0x200000f8   Data           4  os_var.o(.data)
    OSTaskQty                                0x200000fc   Data           2  os_var.o(.data)
    OSTaskRegNextAvailID                     0x200000fe   Data           1  os_var.o(.data)
    OSTickCtr                                0x20000100   Data           4  os_var.o(.data)
    OSTickTaskTimeMax                        0x20000104   Data           4  os_var.o(.data)
    OSTmrDbgListPtr                          0x20000108   Data           4  os_var.o(.data)
    OSTmrQty                                 0x2000010c   Data           2  os_var.o(.data)
    OSTmrTaskTimeMax                         0x20000110   Data           4  os_var.o(.data)
    OSTmrTickCtr                             0x20000114   Data           4  os_var.o(.data)
    OSTmrUpdateCnt                           0x20000118   Data           4  os_var.o(.data)
    OSTmrUpdateCtr                           0x2000011c   Data           4  os_var.o(.data)
    OSTCBCurPtr                              0x20000120   Data           4  os_var.o(.data)
    OSTCBHighRdyPtr                          0x20000124   Data           4  os_var.o(.data)
    OS_CPU_ExceptStkBase                     0x20000128   Data           4  os_cpu_c.o(.data)
    StartTaskTCB                             0x20000130   Data         200  main.o(.bss)
    START_TASK_STK                           0x200001f8   Data        2048  main.o(.bss)
    Led0TaskTCB                              0x200009f8   Data         200  main.o(.bss)
    LED0_TASK_STK                            0x20000ac0   Data         512  main.o(.bss)
    Led1TaskTCB                              0x20000cc0   Data         200  main.o(.bss)
    LED1_TASK_STK                            0x20000d88   Data         512  main.o(.bss)
    FloatTaskTCB                             0x20000f88   Data         200  main.o(.bss)
    FLOAT_TASK_STK                           0x20001050   Data         512  main.o(.bss)
    USART_RX_BUF                             0x20001250   Data         200  usart.o(.bss)
    CPU_Name                                 0x20001318   Data          16  cpu_core.o(.bss)
    OSCfg_IdleTaskStk                        0x20001328   Data         512  os_cfg_app.o(.bss)
    OSCfg_IntQ                               0x20001528   Data         320  os_cfg_app.o(.bss)
    OSCfg_IntQTaskStk                        0x20001668   Data         512  os_cfg_app.o(.bss)
    OSCfg_ISRStk                             0x20001868   Data         512  os_cfg_app.o(.bss)
    OSCfg_MsgPool                            0x20001a68   Data        1600  os_cfg_app.o(.bss)
    OSCfg_StatTaskStk                        0x200020a8   Data         512  os_cfg_app.o(.bss)
    OSCfg_TickTaskStk                        0x200022a8   Data         512  os_cfg_app.o(.bss)
    OSCfg_TickWheel                          0x200024a8   Data         136  os_cfg_app.o(.bss)
    OSCfg_TmrTaskStk                         0x20002530   Data         512  os_cfg_app.o(.bss)
    OSCfg_TmrWheel                           0x20002730   Data         136  os_cfg_app.o(.bss)
    OSIdleTaskTCB                            0x200027b8   Data         200  os_var.o(.bss)
    OSIntQTaskTCB                            0x20002880   Data         200  os_var.o(.bss)
    OSMsgPool                                0x20002948   Data          12  os_var.o(.bss)
    OSRdyList                                0x20002954   Data         384  os_var.o(.bss)
    OSStatTaskTCB                            0x20002ad4   Data         200  os_var.o(.bss)
    OSTickTaskTCB                            0x20002b9c   Data         200  os_var.o(.bss)
    OSTmrTaskTCB                             0x20002c64   Data         200  os_var.o(.bss)
    __libspace_start                         0x20002d2c   Data          96  libspace.o(.bss)
    __temporary_stack_top$libspace           0x20002d8c   Data           0  libspace.o(.bss)



==============================================================================

Memory Map of the image

  Image Entry point : 0x08000225

  Load Region LR_1 (Base: 0x08000000, Size: 0x0000701c, Max: 0xffffffff, ABSOLUTE, COMPRESSED[0x00006f10])

    Execution Region ER_RO (Exec base: 0x08000000, Load base: 0x08000000, Size: 0x00006ef0, Max: 0xffffffff, ABSOLUTE)

    Exec Addr    Load Addr    Size         Type   Attr      Idx    E Section Name        Object

    0x08000000   0x08000000   0x00000130   Data   RO          462    RESET               startup_stm32f10x_hd.o
    0x08000130   0x08000130   0x00000008   Code   RO         3011  * !!!main             c_w.l(__main.o)
    0x08000138   0x08000138   0x00000034   Code   RO         3251    !!!scatter          c_w.l(__scatter.o)
    0x0800016c   0x0800016c   0x0000005a   Code   RO         3249    !!dczerorl2         c_w.l(__dczerorl2.o)
    0x080001c6   0x080001c6   0x00000002   PAD
    0x080001c8   0x080001c8   0x0000001c   Code   RO         3253    !!handler_zi        c_w.l(__scatter_zi.o)
    0x080001e4   0x080001e4   0x00000000   Code   RO         3008    .ARM.Collect$$_printf_percent$$00000000  c_w.l(_printf_percent.o)
    0x080001e4   0x080001e4   0x00000006   Code   RO         3007    .ARM.Collect$$_printf_percent$$00000003  c_w.l(_printf_f.o)
    0x080001ea   0x080001ea   0x00000004   Code   RO         3034    .ARM.Collect$$_printf_percent$$00000017  c_w.l(_printf_percent_end.o)
    0x080001ee   0x080001ee   0x00000002   Code   RO         3126    .ARM.Collect$$libinit$$00000000  c_w.l(libinit.o)
    0x080001f0   0x080001f0   0x00000000   Code   RO         3128    .ARM.Collect$$libinit$$00000002  c_w.l(libinit2.o)
    0x080001f0   0x080001f0   0x00000000   Code   RO         3130    .ARM.Collect$$libinit$$00000004  c_w.l(libinit2.o)
    0x080001f0   0x080001f0   0x00000000   Code   RO         3133    .ARM.Collect$$libinit$$0000000A  c_w.l(libinit2.o)
    0x080001f0   0x080001f0   0x00000000   Code   RO         3135    .ARM.Collect$$libinit$$0000000C  c_w.l(libinit2.o)
    0x080001f0   0x080001f0   0x00000000   Code   RO         3137    .ARM.Collect$$libinit$$0000000E  c_w.l(libinit2.o)
    0x080001f0   0x080001f0   0x00000006   Code   RO         3138    .ARM.Collect$$libinit$$0000000F  c_w.l(libinit2.o)
    0x080001f6   0x080001f6   0x00000000   Code   RO         3140    .ARM.Collect$$libinit$$00000011  c_w.l(libinit2.o)
    0x080001f6   0x080001f6   0x00000000   Code   RO         3142    .ARM.Collect$$libinit$$00000013  c_w.l(libinit2.o)
    0x080001f6   0x080001f6   0x00000000   Code   RO         3144    .ARM.Collect$$libinit$$00000015  c_w.l(libinit2.o)
    0x080001f6   0x080001f6   0x0000000a   Code   RO         3145    .ARM.Collect$$libinit$$00000016  c_w.l(libinit2.o)
    0x08000200   0x08000200   0x00000000   Code   RO         3146    .ARM.Collect$$libinit$$00000017  c_w.l(libinit2.o)
    0x08000200   0x08000200   0x00000000   Code   RO         3148    .ARM.Collect$$libinit$$00000019  c_w.l(libinit2.o)
    0x08000200   0x08000200   0x00000000   Code   RO         3150    .ARM.Collect$$libinit$$0000001B  c_w.l(libinit2.o)
    0x08000200   0x08000200   0x00000000   Code   RO         3152    .ARM.Collect$$libinit$$0000001D  c_w.l(libinit2.o)
    0x08000200   0x08000200   0x00000000   Code   RO         3154    .ARM.Collect$$libinit$$0000001F  c_w.l(libinit2.o)
    0x08000200   0x08000200   0x00000000   Code   RO         3156    .ARM.Collect$$libinit$$00000021  c_w.l(libinit2.o)
    0x08000200   0x08000200   0x00000000   Code   RO         3158    .ARM.Collect$$libinit$$00000023  c_w.l(libinit2.o)
    0x08000200   0x08000200   0x00000000   Code   RO         3160    .ARM.Collect$$libinit$$00000025  c_w.l(libinit2.o)
    0x08000200   0x08000200   0x00000000   Code   RO         3164    .ARM.Collect$$libinit$$0000002C  c_w.l(libinit2.o)
    0x08000200   0x08000200   0x00000000   Code   RO         3166    .ARM.Collect$$libinit$$0000002E  c_w.l(libinit2.o)
    0x08000200   0x08000200   0x00000000   Code   RO         3168    .ARM.Collect$$libinit$$00000030  c_w.l(libinit2.o)
    0x08000200   0x08000200   0x00000000   Code   RO         3170    .ARM.Collect$$libinit$$00000032  c_w.l(libinit2.o)
    0x08000200   0x08000200   0x00000002   Code   RO         3171    .ARM.Collect$$libinit$$00000033  c_w.l(libinit2.o)
    0x08000202   0x08000202   0x00000002   Code   RO         3213    .ARM.Collect$$libshutdown$$00000000  c_w.l(libshutdown.o)
    0x08000204   0x08000204   0x00000000   Code   RO         3232    .ARM.Collect$$libshutdown$$00000002  c_w.l(libshutdown2.o)
    0x08000204   0x08000204   0x00000000   Code   RO         3234    .ARM.Collect$$libshutdown$$00000004  c_w.l(libshutdown2.o)
    0x08000204   0x08000204   0x00000000   Code   RO         3237    .ARM.Collect$$libshutdown$$00000007  c_w.l(libshutdown2.o)
    0x08000204   0x08000204   0x00000000   Code   RO         3240    .ARM.Collect$$libshutdown$$0000000A  c_w.l(libshutdown2.o)
    0x08000204   0x08000204   0x00000000   Code   RO         3242    .ARM.Collect$$libshutdown$$0000000C  c_w.l(libshutdown2.o)
    0x08000204   0x08000204   0x00000000   Code   RO         3245    .ARM.Collect$$libshutdown$$0000000F  c_w.l(libshutdown2.o)
    0x08000204   0x08000204   0x00000002   Code   RO         3246    .ARM.Collect$$libshutdown$$00000010  c_w.l(libshutdown2.o)
    0x08000206   0x08000206   0x00000000   Code   RO         3025    .ARM.Collect$$rtentry$$00000000  c_w.l(__rtentry.o)
    0x08000206   0x08000206   0x00000000   Code   RO         3043    .ARM.Collect$$rtentry$$00000002  c_w.l(__rtentry2.o)
    0x08000206   0x08000206   0x00000006   Code   RO         3055    .ARM.Collect$$rtentry$$00000004  c_w.l(__rtentry4.o)
    0x0800020c   0x0800020c   0x00000000   Code   RO         3045    .ARM.Collect$$rtentry$$00000009  c_w.l(__rtentry2.o)
    0x0800020c   0x0800020c   0x00000004   Code   RO         3046    .ARM.Collect$$rtentry$$0000000A  c_w.l(__rtentry2.o)
    0x08000210   0x08000210   0x00000000   Code   RO         3048    .ARM.Collect$$rtentry$$0000000C  c_w.l(__rtentry2.o)
    0x08000210   0x08000210   0x00000008   Code   RO         3049    .ARM.Collect$$rtentry$$0000000D  c_w.l(__rtentry2.o)
    0x08000218   0x08000218   0x00000002   Code   RO         3172    .ARM.Collect$$rtexit$$00000000  c_w.l(rtexit.o)
    0x0800021a   0x0800021a   0x00000000   Code   RO         3185    .ARM.Collect$$rtexit$$00000002  c_w.l(rtexit2.o)
    0x0800021a   0x0800021a   0x00000004   Code   RO         3186    .ARM.Collect$$rtexit$$00000003  c_w.l(rtexit2.o)
    0x0800021e   0x0800021e   0x00000006   Code   RO         3187    .ARM.Collect$$rtexit$$00000004  c_w.l(rtexit2.o)
    0x08000224   0x08000224   0x00000040   Code   RO          463  * .text               startup_stm32f10x_hd.o
    0x08000264   0x08000264   0x00000034   Code   RO         1226    .text               cpu_a.o
    0x08000298   0x08000298   0x00000002   Code   RO         2977    .text               c_w.l(use_no_semi_2.o)
    0x0800029a   0x0800029a   0x00000002   PAD
    0x0800029c   0x0800029c   0x00000018   Code   RO         2983    .text               c_w.l(noretval__2printf.o)
    0x080002b4   0x080002b4   0x0000010e   Code   RO         2995    .text               c_w.l(__printf_wp.o)
    0x080003c2   0x080003c2   0x00000006   Code   RO         3009    .text               c_w.l(heapauxi.o)
    0x080003c8   0x080003c8   0x00000002   Code   RO         3023    .text               c_w.l(use_no_semi.o)
    0x080003ca   0x080003ca   0x0000041e   Code   RO         3030    .text               c_w.l(_printf_fp_dec.o)
    0x080007e8   0x080007e8   0x00000024   Code   RO         3032    .text               c_w.l(_printf_char_file.o)
    0x0800080c   0x0800080c   0x00000008   Code   RO         3062    .text               c_w.l(rt_locale_intlibspace.o)
    0x08000814   0x08000814   0x0000008a   Code   RO         3064    .text               c_w.l(lludiv10.o)
    0x0800089e   0x0800089e   0x00000002   PAD
    0x080008a0   0x080008a0   0x00000030   Code   RO         3066    .text               c_w.l(_printf_char_common.o)
    0x080008d0   0x080008d0   0x00000080   Code   RO         3068    .text               c_w.l(_printf_fp_infnan.o)
    0x08000950   0x08000950   0x000000e4   Code   RO         3070    .text               c_w.l(bigflt0.o)
    0x08000a34   0x08000a34   0x00000008   Code   RO         3095    .text               c_w.l(ferror.o)
    0x08000a3c   0x08000a3c   0x00000008   Code   RO         3106    .text               c_w.l(libspace.o)
    0x08000a44   0x08000a44   0x0000004a   Code   RO         3109    .text               c_w.l(sys_stackheap_outer.o)
    0x08000a8e   0x08000a8e   0x00000012   Code   RO         3113    .text               c_w.l(exit.o)
    0x08000aa0   0x08000aa0   0x00000080   Code   RO         3119    .text               c_w.l(strcmpv7m.o)
    0x08000b20   0x08000b20   0x0000003e   Code   RO         3073    CL$$btod_d2e        c_w.l(btod.o)
    0x08000b5e   0x08000b5e   0x00000046   Code   RO         3075    CL$$btod_d2e_denorm_low  c_w.l(btod.o)
    0x08000ba4   0x08000ba4   0x00000060   Code   RO         3074    CL$$btod_d2e_norm_op1  c_w.l(btod.o)
    0x08000c04   0x08000c04   0x00000338   Code   RO         3083    CL$$btod_div_common  c_w.l(btod.o)
    0x08000f3c   0x08000f3c   0x000000dc   Code   RO         3080    CL$$btod_e2e        c_w.l(btod.o)
    0x08001018   0x08001018   0x0000002a   Code   RO         3077    CL$$btod_ediv       c_w.l(btod.o)
    0x08001042   0x08001042   0x0000002a   Code   RO         3076    CL$$btod_emul       c_w.l(btod.o)
    0x0800106c   0x0800106c   0x00000244   Code   RO         3082    CL$$btod_mult_common  c_w.l(btod.o)
    0x080012b0   0x080012b0   0x00000098   Code   RO         2903    CODE                os_cpu_a.o
    0x08001348   0x08001348   0x00000010   Code   RO         1021    i.BSP_CPU_ClkFreq   bsp.o
    0x08001358   0x08001358   0x00000004   Code   RO          207    i.BusFault_Handler  stm32f10x_it.o
    0x0800135c   0x0800135c   0x00000010   Code   RO         1062    i.CPU_Init          cpu_core.o
    0x0800136c   0x0800136c   0x00000084   Code   RO         1063    i.CPU_IntDisMeasInit  cpu_core.o
    0x080013f0   0x080013f0   0x0000001c   Code   RO         1064    i.CPU_IntDisMeasMaxCalc  cpu_core.o
    0x0800140c   0x0800140c   0x0000002c   Code   RO         1065    i.CPU_IntDisMeasMaxCurGet  cpu_core.o
    0x08001438   0x08001438   0x0000002c   Code   RO         1066    i.CPU_IntDisMeasMaxCurReset  cpu_core.o
    0x08001464   0x08001464   0x0000002c   Code   RO         1067    i.CPU_IntDisMeasMaxGet  cpu_core.o
    0x08001490   0x08001490   0x00000034   Code   RO         1068    i.CPU_IntDisMeasStart  cpu_core.o
    0x080014c4   0x080014c4   0x00000054   Code   RO         1069    i.CPU_IntDisMeasStop  cpu_core.o
    0x08001518   0x08001518   0x00000038   Code   RO         1070    i.CPU_NameClr       cpu_core.o
    0x08001550   0x08001550   0x00000008   Code   RO         1072    i.CPU_NameInit      cpu_core.o
    0x08001558   0x08001558   0x00000014   Code   RO         1076    i.CPU_TS_Init       cpu_core.o
    0x0800156c   0x0800156c   0x0000000c   Code   RO         1078    i.CPU_TS_TmrFreqSet  cpu_core.o
    0x08001578   0x08001578   0x00000034   Code   RO         1023    i.CPU_TS_TmrInit    bsp.o
    0x080015ac   0x080015ac   0x0000000c   Code   RO         1024    i.CPU_TS_TmrRd      bsp.o
    0x080015b8   0x080015b8   0x00000002   Code   RO          208    i.DebugMon_Handler  stm32f10x_it.o
    0x080015ba   0x080015ba   0x00000116   Code   RO          509    i.GPIO_Init         stm32f10x_gpio.o
    0x080016d0   0x080016d0   0x00000004   Code   RO          517    i.GPIO_SetBits      stm32f10x_gpio.o
    0x080016d4   0x080016d4   0x00000004   Code   RO          209    i.HardFault_Handler  stm32f10x_it.o
    0x080016d8   0x080016d8   0x0000004c   Code   RO          318    i.LED_Init          led.o
    0x08001724   0x08001724   0x00000004   Code   RO          210    i.MemManage_Handler  stm32f10x_it.o
    0x08001728   0x08001728   0x00000012   Code   RO         1418    i.Mem_Clr           lib_mem.o
    0x0800173a   0x0800173a   0x00000062   Code   RO         1435    i.Mem_Set           lib_mem.o
    0x0800179c   0x0800179c   0x00000002   Code   RO          211    i.NMI_Handler       stm32f10x_it.o
    0x0800179e   0x0800179e   0x00000002   PAD
    0x080017a0   0x080017a0   0x00000070   Code   RO          467    i.NVIC_Init         misc.o
    0x08001810   0x08001810   0x00000014   Code   RO          468    i.NVIC_PriorityGroupConfig  misc.o
    0x08001824   0x08001824   0x00000002   Code   RO         1692    i.OSCfg_Init        os_cfg_app.o
    0x08001826   0x08001826   0x00000002   PAD
    0x08001828   0x08001828   0x00000014   Code   RO         2825    i.OSIdleTaskHook    os_cpu_c.o
    0x0800183c   0x0800183c   0x0000018c   Code   RO         1715    i.OSInit            os_core.o
    0x080019c8   0x080019c8   0x00000038   Code   RO         2826    i.OSInitHook        os_cpu_c.o
    0x08001a00   0x08001a00   0x0000002c   Code   RO         1716    i.OSIntEnter        os_core.o
    0x08001a2c   0x08001a2c   0x000000e4   Code   RO         1717    i.OSIntExit         os_core.o
    0x08001b10   0x08001b10   0x000000a8   Code   RO         1718    i.OSSched           os_core.o
    0x08001bb8   0x08001bb8   0x0000007c   Code   RO         1719    i.OSSchedLock       os_core.o
    0x08001c34   0x08001c34   0x0000006c   Code   RO         1720    i.OSSchedRoundRobinCfg  os_core.o
    0x08001ca0   0x08001ca0   0x000000a0   Code   RO         1722    i.OSSchedUnlock     os_core.o
    0x08001d40   0x08001d40   0x00000068   Code   RO         1723    i.OSStart           os_core.o
    0x08001da8   0x08001da8   0x00000168   Code   RO         2433    i.OSStatReset       os_stat.o
    0x08001f10   0x08001f10   0x00000100   Code   RO         2434    i.OSStatTaskCPUUsageInit  os_stat.o
    0x08002010   0x08002010   0x00000014   Code   RO         2827    i.OSStatTaskHook    os_cpu_c.o
    0x08002024   0x08002024   0x00000294   Code   RO         2464    i.OSTaskCreate      os_task.o
    0x080022b8   0x080022b8   0x00000018   Code   RO         2828    i.OSTaskCreateHook  os_cpu_c.o
    0x080022d0   0x080022d0   0x00000208   Code   RO         2465    i.OSTaskDel         os_task.o
    0x080024d8   0x080024d8   0x00000018   Code   RO         2829    i.OSTaskDelHook     os_cpu_c.o
    0x080024f0   0x080024f0   0x00000088   Code   RO         2473    i.OSTaskResume      os_task.o
    0x08002578   0x08002578   0x00000018   Code   RO         2830    i.OSTaskReturnHook  os_cpu_c.o
    0x08002590   0x08002590   0x00000250   Code   RO         2474    i.OSTaskSemPend     os_task.o
    0x080027e0   0x080027e0   0x000000e4   Code   RO         2478    i.OSTaskStkChk      os_task.o
    0x080028c4   0x080028c4   0x000000c0   Code   RO         2831    i.OSTaskStkInit     os_cpu_c.o
    0x08002984   0x08002984   0x00000060   Code   RO         2479    i.OSTaskSuspend     os_task.o
    0x080029e4   0x080029e4   0x000000a4   Code   RO         2832    i.OSTaskSwHook      os_cpu_c.o
    0x08002a88   0x08002a88   0x00000150   Code   RO         2679    i.OSTimeDly         os_time.o
    0x08002bd8   0x08002bd8   0x0000022c   Code   RO         2680    i.OSTimeDlyHMSM     os_time.o
    0x08002e04   0x08002e04   0x00000044   Code   RO         2684    i.OSTimeTick        os_time.o
    0x08002e48   0x08002e48   0x00000014   Code   RO         2833    i.OSTimeTickHook    os_cpu_c.o
    0x08002e5c   0x08002e5c   0x000001b4   Code   RO         1961    i.OS_Dbg_Init       os_dbg.o
    0x08003010   0x08003010   0x00000018   Code   RO         1986    i.OS_FlagInit       os_flag.o
    0x08003028   0x08003028   0x0000027c   Code   RO         1987    i.OS_FlagPost       os_flag.o
    0x080032a4   0x080032a4   0x00000056   Code   RO         1988    i.OS_FlagTaskRdy    os_flag.o
    0x080032fa   0x080032fa   0x00000002   PAD
    0x080032fc   0x080032fc   0x0000004c   Code   RO         1725    i.OS_IdleTask       os_core.o
    0x08003348   0x08003348   0x00000070   Code   RO         1726    i.OS_IdleTaskInit   os_core.o
    0x080033b8   0x080033b8   0x00000104   Code   RO         2060    i.OS_IntQPost       os_int.o
    0x080034bc   0x080034bc   0x000001a4   Code   RO         2061    i.OS_IntQRePost     os_int.o
    0x08003660   0x08003660   0x000000c8   Code   RO         2062    i.OS_IntQTask       os_int.o
    0x08003728   0x08003728   0x00000128   Code   RO         2063    i.OS_IntQTaskInit   os_int.o
    0x08003850   0x08003850   0x00000018   Code   RO         2094    i.OS_MemInit        os_mem.o
    0x08003868   0x08003868   0x0000007c   Code   RO         2126    i.OS_MsgPoolInit    os_msg.o
    0x080038e4   0x080038e4   0x00000044   Code   RO         2127    i.OS_MsgQFreeAll    os_msg.o
    0x08003928   0x08003928   0x0000000e   Code   RO         2129    i.OS_MsgQInit       os_msg.o
    0x08003936   0x08003936   0x00000002   PAD
    0x08003938   0x08003938   0x00000104   Code   RO         2130    i.OS_MsgQPut        os_msg.o
    0x08003a3c   0x08003a3c   0x00000018   Code   RO         2170    i.OS_MutexInit      os_mutex.o
    0x08003a54   0x08003a54   0x00000068   Code   RO         1727    i.OS_Pend           os_core.o
    0x08003abc   0x08003abc   0x00000026   Code   RO         1730    i.OS_PendDataInit   os_core.o
    0x08003ae2   0x08003ae2   0x00000002   PAD
    0x08003ae4   0x08003ae4   0x0000005c   Code   RO         1731    i.OS_PendDbgNameAdd  os_core.o
    0x08003b40   0x08003b40   0x00000024   Code   RO         1732    i.OS_PendDbgNameRemove  os_core.o
    0x08003b64   0x08003b64   0x00000066   Code   RO         1736    i.OS_PendListInsertPrio  os_core.o
    0x08003bca   0x08003bca   0x00000030   Code   RO         1737    i.OS_PendListRemove  os_core.o
    0x08003bfa   0x08003bfa   0x00000042   Code   RO         1738    i.OS_PendListRemove1  os_core.o
    0x08003c3c   0x08003c3c   0x000000c0   Code   RO         1741    i.OS_Post           os_core.o
    0x08003cfc   0x08003cfc   0x0000002a   Code   RO         1742    i.OS_Post1          os_core.o
    0x08003d26   0x08003d26   0x00000002   PAD
    0x08003d28   0x08003d28   0x00000028   Code   RO         2252    i.OS_PrioGetHighest  os_prio.o
    0x08003d50   0x08003d50   0x00000018   Code   RO         2253    i.OS_PrioInit       os_prio.o
    0x08003d68   0x08003d68   0x00000024   Code   RO         2254    i.OS_PrioInsert     os_prio.o
    0x08003d8c   0x08003d8c   0x00000024   Code   RO         2255    i.OS_PrioRemove     os_prio.o
    0x08003db0   0x08003db0   0x00000018   Code   RO         2298    i.OS_QInit          os_q.o
    0x08003dc8   0x08003dc8   0x00000188   Code   RO         2299    i.OS_QPost          os_q.o
    0x08003f50   0x08003f50   0x00000024   Code   RO         1743    i.OS_RdyListInit    os_core.o
    0x08003f74   0x08003f74   0x0000002c   Code   RO         1744    i.OS_RdyListInsert  os_core.o
    0x08003fa0   0x08003fa0   0x00000040   Code   RO         1745    i.OS_RdyListInsertHead  os_core.o
    0x08003fe0   0x08003fe0   0x0000003c   Code   RO         1746    i.OS_RdyListInsertTail  os_core.o
    0x0800401c   0x0800401c   0x00000044   Code   RO         1747    i.OS_RdyListMoveHeadToTail  os_core.o
    0x08004060   0x08004060   0x0000005c   Code   RO         1748    i.OS_RdyListRemove  os_core.o
    0x080040bc   0x080040bc   0x0000005c   Code   RO         1749    i.OS_Sched0         os_core.o
    0x08004118   0x08004118   0x0000001c   Code   RO         1750    i.OS_SchedLockTimeMeasStart  os_core.o
    0x08004134   0x08004134   0x0000003c   Code   RO         1751    i.OS_SchedLockTimeMeasStop  os_core.o
    0x08004170   0x08004170   0x000000ec   Code   RO         1752    i.OS_SchedRoundRobin  os_core.o
    0x0800425c   0x0800425c   0x00000018   Code   RO         2370    i.OS_SemInit        os_sem.o
    0x08004274   0x08004274   0x00000198   Code   RO         2371    i.OS_SemPost        os_sem.o
    0x0800440c   0x0800440c   0x000003b8   Code   RO         2435    i.OS_StatTask       os_stat.o
    0x080047c4   0x080047c4   0x000000cc   Code   RO         2436    i.OS_StatTaskInit   os_stat.o
    0x08004890   0x08004890   0x00000038   Code   RO         1753    i.OS_TaskBlock      os_core.o
    0x080048c8   0x080048c8   0x00000030   Code   RO         2481    i.OS_TaskDbgListAdd  os_task.o
    0x080048f8   0x080048f8   0x00000044   Code   RO         2482    i.OS_TaskDbgListRemove  os_task.o
    0x0800493c   0x0800493c   0x00000020   Code   RO         2483    i.OS_TaskInit       os_task.o
    0x0800495c   0x0800495c   0x000000d0   Code   RO         2484    i.OS_TaskInitTCB    os_task.o
    0x08004a2c   0x08004a2c   0x0000026c   Code   RO         2485    i.OS_TaskQPost      os_task.o
    0x08004c98   0x08004c98   0x0000001c   Code   RO         1754    i.OS_TaskRdy        os_core.o
    0x08004cb4   0x08004cb4   0x0000017c   Code   RO         2486    i.OS_TaskResume     os_task.o
    0x08004e30   0x08004e30   0x00000018   Code   RO         2487    i.OS_TaskReturn     os_task.o
    0x08004e48   0x08004e48   0x000005a8   Code   RO         2488    i.OS_TaskSemPost    os_task.o
    0x080053f0   0x080053f0   0x00000190   Code   RO         2489    i.OS_TaskSuspend    os_task.o
    0x08005580   0x08005580   0x00000028   Code   RO         2631    i.OS_TickListInit   os_tick.o
    0x080055a8   0x080055a8   0x000001bc   Code   RO         2632    i.OS_TickListInsert  os_tick.o
    0x08005764   0x08005764   0x00000038   Code   RO         2633    i.OS_TickListRemove  os_tick.o
    0x0800579c   0x0800579c   0x00000024   Code   RO         2634    i.OS_TickListResetPeak  os_tick.o
    0x080057c0   0x080057c0   0x00000220   Code   RO         2635    i.OS_TickListUpdate  os_tick.o
    0x080059e0   0x080059e0   0x0000002c   Code   RO         2636    i.OS_TickTask       os_tick.o
    0x08005a0c   0x08005a0c   0x000000b8   Code   RO         2637    i.OS_TickTaskInit   os_tick.o
    0x08005ac4   0x08005ac4   0x00000128   Code   RO         2730    i.OS_TmrInit        os_tmr.o
    0x08005bec   0x08005bec   0x000000d0   Code   RO         2731    i.OS_TmrLink        os_tmr.o
    0x08005cbc   0x08005cbc   0x00000024   Code   RO         2732    i.OS_TmrResetPeak   os_tmr.o
    0x08005ce0   0x08005ce0   0x000000c0   Code   RO         2733    i.OS_TmrTask        os_tmr.o
    0x08005da0   0x08005da0   0x00000050   Code   RO         2734    i.OS_TmrUnlink      os_tmr.o
    0x08005df0   0x08005df0   0x00000020   Code   RO          645    i.RCC_APB2PeriphClockCmd  stm32f10x_rcc.o
    0x08005e10   0x08005e10   0x000000d4   Code   RO          653    i.RCC_GetClocksFreq  stm32f10x_rcc.o
    0x08005ee4   0x08005ee4   0x00000002   Code   RO          212    i.SVC_Handler       stm32f10x_it.o
    0x08005ee6   0x08005ee6   0x00000008   Code   RO          284    i.SetSysClock       system_stm32f10x.o
    0x08005eee   0x08005eee   0x00000002   PAD
    0x08005ef0   0x08005ef0   0x000000e0   Code   RO          285    i.SetSysClockTo72   system_stm32f10x.o
    0x08005fd0   0x08005fd0   0x00000028   Code   RO          471    i.SysTick_CLKSourceConfig  misc.o
    0x08005ff8   0x08005ff8   0x0000001c   Code   RO          330    i.SysTick_Handler   delay.o
    0x08006014   0x08006014   0x00000060   Code   RO          287    i.SystemInit        system_stm32f10x.o
    0x08006074   0x08006074   0x00000090   Code   RO          409    i.USART1_IRQHandler  usart.o
    0x08006104   0x08006104   0x00000018   Code   RO          845    i.USART_Cmd         stm32f10x_usart.o
    0x0800611c   0x0800611c   0x00000054   Code   RO          849    i.USART_GetITStatus  stm32f10x_usart.o
    0x08006170   0x08006170   0x0000004a   Code   RO          851    i.USART_ITConfig    stm32f10x_usart.o
    0x080061ba   0x080061ba   0x00000002   PAD
    0x080061bc   0x080061bc   0x000000d8   Code   RO          852    i.USART_Init        stm32f10x_usart.o
    0x08006294   0x08006294   0x0000000a   Code   RO          859    i.USART_ReceiveData  stm32f10x_usart.o
    0x0800629e   0x0800629e   0x00000004   Code   RO          213    i.UsageFault_Handler  stm32f10x_it.o
    0x080062a2   0x080062a2   0x00000028   Code   RO         3104    i.__ARM_fpclassify  m_ws.l(fpclassify.o)
    0x080062ca   0x080062ca   0x0000000e   Code   RO         2997    i._is_digit         c_w.l(__printf_wp.o)
    0x080062d8   0x080062d8   0x00000004   Code   RO          410    i._sys_exit         usart.o
    0x080062dc   0x080062dc   0x00000070   Code   RO          331    i.delay_init        delay.o
    0x0800634c   0x0800634c   0x00000050   Code   RO          332    i.delay_ms          delay.o
    0x0800639c   0x0800639c   0x0000000a   Code   RO          333    i.delay_osschedlock  delay.o
    0x080063a6   0x080063a6   0x0000000a   Code   RO          334    i.delay_osschedunlock  delay.o
    0x080063b0   0x080063b0   0x00000010   Code   RO          335    i.delay_ostimedly   delay.o
    0x080063c0   0x080063c0   0x0000005c   Code   RO          336    i.delay_us          delay.o
    0x0800641c   0x0800641c   0x00000104   Code   RO            1    i.float_task        main.o
    0x08006520   0x08006520   0x0000001c   Code   RO          411    i.fputc             usart.o
    0x0800653c   0x0800653c   0x00000044   Code   RO            2    i.led0_task         main.o
    0x08006580   0x08006580   0x00000030   Code   RO            3    i.led1_task         main.o
    0x080065b0   0x080065b0   0x00000128   Code   RO            4    i.main              main.o
    0x080066d8   0x080066d8   0x000001bc   Code   RO            5    i.start_task        main.o
    0x08006894   0x08006894   0x000000a0   Code   RO          412    i.uart_init         usart.o
    0x08006934   0x08006934   0x0000002c   Code   RO         3100    locale$$code        c_w.l(lc_numeric_c.o)
    0x08006960   0x08006960   0x0000000c   Code   RO         3035    x$fpl$dretinf       fz_ws.l(dretinf.o)
    0x0800696c   0x0800696c   0x00000056   Code   RO         3013    x$fpl$f2d           fz_ws.l(f2d.o)
    0x080069c2   0x080069c2   0x00000002   PAD
    0x080069c4   0x080069c4   0x000000c4   Code   RO         3015    x$fpl$fadd          fz_ws.l(faddsub_clz.o)
    0x08006a88   0x08006a88   0x0000008c   Code   RO         3037    x$fpl$fnaninf       fz_ws.l(fnaninf.o)
    0x08006b14   0x08006b14   0x0000000a   Code   RO         3039    x$fpl$fretinf       fz_ws.l(fretinf.o)
    0x08006b1e   0x08006b1e   0x00000002   PAD
    0x08006b20   0x08006b20   0x000000ea   Code   RO         3017    x$fpl$fsub          fz_ws.l(faddsub_clz.o)
    0x08006c0a   0x08006c0a   0x00000004   Code   RO         3021    x$fpl$printf1       fz_ws.l(printf1.o)
    0x08006c0e   0x08006c0e   0x00000000   Code   RO         3041    x$fpl$usenofp       fz_ws.l(usenofp.o)
    0x08006c0e   0x08006c0e   0x00000002   PAD
    0x08006c10   0x08006c10   0x000000a4   Data   RO         1694    .constdata          os_cfg_app.o
    0x08006cb4   0x08006cb4   0x0000016c   Data   RO         1962    .constdata          os_dbg.o
    0x08006e20   0x08006e20   0x00000094   Data   RO         3071    .constdata          c_w.l(bigflt0.o)
    0x08006eb4   0x08006eb4   0x00000020   Data   RO         3247    Region$$Table       anon$$obj.o
    0x08006ed4   0x08006ed4   0x0000001c   Data   RO         3099    locale$$data        c_w.l(lc_numeric_c.o)


    Execution Region ER_RW (Exec base: 0x20000000, Load base: 0x08006ef0, Size: 0x0000012c, Max: 0xffffffff, ABSOLUTE, COMPRESSED[0x00000020])

    Exec Addr    Load Addr    Size         Type   Attr      Idx    E Section Name        Object

    0x20000000   COMPRESSED   0x00000004   Data   RW            7    .data               main.o
    0x20000004   COMPRESSED   0x00000014   Data   RW          288    .data               system_stm32f10x.o
    0x20000018   COMPRESSED   0x00000004   Data   RW          337    .data               delay.o
    0x2000001c   COMPRESSED   0x00000006   Data   RW          414    .data               usart.o
    0x20000022   COMPRESSED   0x00000014   Data   RW          673    .data               stm32f10x_rcc.o
    0x20000036   COMPRESSED   0x00000002   PAD
    0x20000038   COMPRESSED   0x0000001c   Data   RW         1082    .data               cpu_core.o
    0x20000054   COMPRESSED   0x00000004   Data   RW         2256    .data               os_prio.o
    0x20000058   COMPRESSED   0x000000d0   Data   RW         2812    .data               os_var.o
    0x20000128   COMPRESSED   0x00000004   Data   RW         2836    .data               os_cpu_c.o


    Execution Region ER_ZI (Exec base: 0x2000012c, Load base: 0x08006f10, Size: 0x00003264, Max: 0xffffffff, ABSOLUTE)

    Exec Addr    Load Addr    Size         Type   Attr      Idx    E Section Name        Object

    0x2000012c   0x08006f10   0x00000004   PAD
    0x20000130        -       0x00001120   Zero   RW            6    .bss                main.o
    0x20001250        -       0x000000c8   Zero   RW          413    .bss                usart.o
    0x20001318        -       0x00000010   Zero   RW         1080    .bss                cpu_core.o
    0x20001328        -       0x00001490   Zero   RW         1693    .bss                os_cfg_app.o
    0x200027b8        -       0x00000574   Zero   RW         2811    .bss                os_var.o
    0x20002d2c        -       0x00000060   Zero   RW         3107    .bss                c_w.l(libspace.o)
    0x20002d8c   0x08006f10   0x00000004   PAD
    0x20002d90        -       0x00000200   Zero   RW          461    HEAP                startup_stm32f10x_hd.o
    0x20002f90        -       0x00000400   Zero   RW          460    STACK               startup_stm32f10x_hd.o


==============================================================================

Image component sizes


      Code (inc. data)   RO Data    RW Data    ZI Data      Debug   Object Name

        80         14          0          0          0       1438   bsp.o
        52          0          0          0          0        324   cpu_a.o
       540         98          0         28         16      15965   cpu_core.o
       348         44          0          4          0       3653   delay.o
        76          8          0          0          0        475   led.o
       116          0          0          0          0       1848   lib_mem.o
      1116        180          0          4       4384     277306   main.o
       172         22          0          0          0       1953   misc.o
         2          0        164          0       5264      20850   os_cfg_app.o
      3104        424          0          0          0      19696   os_core.o
       152         32          0          0          0        380   os_cpu_a.o
       544         60          0          4          0       6644   os_cpu_c.o
       436        286        364          0          0       4721   os_dbg.o
       746         28          0          0          0       2985   os_flag.o
      1176        204          0          0          0       3346   os_int.o
        24         10          0          0          0        809   os_mem.o
       466         26          0          0          0       3081   os_msg.o
        24         10          0          0          0        815   os_mutex.o
       136         16          0          4          0       2642   os_prio.o
       416         20          0          0          0       2118   os_q.o
       432         14          0          0          0       2134   os_sem.o
      1772        214          0          0          0       3911   os_stat.o
      5460        260          0          0          0      13368   os_task.o
      1348        124          0          0          0       5237   os_tick.o
       960         46          0          0          0       3001   os_time.o
       812        134          0          0          0       3964   os_tmr.o
         0          0          0        208       1396      19437   os_var.o
        64         26        304          0       1536        780   startup_stm32f10x_hd.o
       282          0          0          0          0       2423   stm32f10x_gpio.o
        22          0          0          0          0       2707   stm32f10x_it.o
       244         26          0         20          0       3765   stm32f10x_rcc.o
       408          6          0          0          0       4854   stm32f10x_usart.o
         0          0          0          0          0         32   sys.o
       328         28          0         20          0       1957   system_stm32f10x.o
       336         26          0          6        200       4028   usart.o

    ----------------------------------------------------------------------
     22210       2386        864        300      12800     442647   Object Totals
         0          0         32          0          0          0   (incl. Generated)
        16          0          0          2          4          0   (incl. Padding)

    ----------------------------------------------------------------------

      Code (inc. data)   RO Data    RW Data    ZI Data      Debug   Library Member Name

        90          0          0          0          0          0   __dczerorl2.o
         8          0          0          0          0         68   __main.o
       284          0          0          0          0        156   __printf_wp.o
         0          0          0          0          0          0   __rtentry.o
        12          0          0          0          0          0   __rtentry2.o
         6          0          0          0          0          0   __rtentry4.o
        52          8          0          0          0          0   __scatter.o
        28          0          0          0          0          0   __scatter_zi.o
        48          6          0          0          0         96   _printf_char_common.o
        36          4          0          0          0         80   _printf_char_file.o
         6          0          0          0          0          0   _printf_f.o
      1054          0          0          0          0        216   _printf_fp_dec.o
       128         16          0          0          0         84   _printf_fp_infnan.o
         0          0          0          0          0          0   _printf_percent.o
         4          0          0          0          0          0   _printf_percent_end.o
       228          4        148          0          0         96   bigflt0.o
      1936        128          0          0          0        672   btod.o
        18          0          0          0          0         80   exit.o
         8          0          0          0          0         68   ferror.o
         6          0          0          0          0        152   heapauxi.o
        44         10         28          0          0         76   lc_numeric_c.o
         2          0          0          0          0          0   libinit.o
        18          0          0          0          0          0   libinit2.o
         2          0          0          0          0          0   libshutdown.o
         2          0          0          0          0          0   libshutdown2.o
         8          4          0          0         96         68   libspace.o
       138          0          0          0          0         80   lludiv10.o
        24          4          0          0          0         84   noretval__2printf.o
         8          4          0          0          0         68   rt_locale_intlibspace.o
         2          0          0          0          0          0   rtexit.o
        10          0          0          0          0          0   rtexit2.o
       128          0          0          0          0         68   strcmpv7m.o
        74          0          0          0          0         80   sys_stackheap_outer.o
         2          0          0          0          0         68   use_no_semi.o
         2          0          0          0          0         68   use_no_semi_2.o
        12          0          0          0          0         68   dretinf.o
        86          4          0          0          0         84   f2d.o
       430          8          0          0          0        168   faddsub_clz.o
       140          4          0          0          0         84   fnaninf.o
        10          0          0          0          0         68   fretinf.o
         4          0          0          0          0         68   printf1.o
         0          0          0          0          0          0   usenofp.o
        40          0          0          0          0         68   fpclassify.o

    ----------------------------------------------------------------------
      5150        204        176          0        100       3036   Library Totals
        12          0          0          0          4          0   (incl. Padding)

    ----------------------------------------------------------------------

      Code (inc. data)   RO Data    RW Data    ZI Data      Debug   Library Name

      4416        188        176          0         96       2428   c_w.l
       682         16          0          0          0        540   fz_ws.l
        40          0          0          0          0         68   m_ws.l

    ----------------------------------------------------------------------
      5150        204        176          0        100       3036   Library Totals

    ----------------------------------------------------------------------

==============================================================================


      Code (inc. data)   RO Data    RW Data    ZI Data      Debug   

     27360       2590       1040        300      12900     436267   Grand Totals
     27360       2590       1040         32      12900     436267   ELF Image Totals (compressed)
     27360       2590       1040         32          0          0   ROM Totals

==============================================================================

    Total RO  Size (Code + RO Data)                28400 (  27.73kB)
    Total RW  Size (RW Data + ZI Data)             13200 (  12.89kB)
    Total ROM Size (Code + RO Data + RW Data)      28432 (  27.77kB)

==============================================================================

