<html>
<body>
<pre>
<h1>礦ision Build Log</h1>
<h2>Project:</h2>
D:\PDF or Files\蓝桥杯练习资料\other project\模拟赛一封装版\Project\CT117E-LCD.uvproj
Project File Date:  03/29/2020

<h2>Output:</h2>
Build target 'Target 1'
linking...
Program Size: Code=13048 RO-data=4828 RW-data=180 ZI-data=1068  
FromELF: creating hex file...
"..\Output\18851276706.axf" - 0 Error(s), 0 Warning(s).
Load "..\\Output\\18851276706.AXF" 
Set JLink Project File to "D:\PDF or Files\蓝桥杯练习资料\other project\模拟赛一封装版\Project\JLinkSettings.ini"
* JLink Info: Device "STM32F103RB" selected.
 
JLink info:
------------
DLL: V6.46 , compiled May 23 2019 17:49:56
Firmware: J-Link OB-STM32F072-CortexM compiled Jan  7 2019 14:09:37
Hardware: V1.00
Feature(s) : GDB, RDI, FlashBP, FlashDL, JFlash, RDDI 
 
* JLink Info: Found SW-DP with ID 0x1BA01477
* JLink Info: Found SW-DP with ID 0x1BA01477
* JLink Info: Scanning AP map to find all available APs
* JLink Info: AP[1]: Stopped AP scan as end of AP map has been reached
* JLink Info: AP[0]: AHB-AP (IDR: 0x14770011)
* JLink Info: Iterating through AP map to find AHB-AP to use
* JLink Info: AP[0]: Core found
* JLink Info: AP[0]: AHB-AP ROM base: 0xE00FF000
* JLink Info: CPUID register: 0x411FC231. Implementer code: 0x41 (ARM)
* JLink Info: Found Cortex-M3 r1p1, Little endian.
* JLink Info: FPUnit: 6 code (BP) slots and 2 literal slots
* JLink Info: CoreSight components:
* JLink Info: ROMTbl[0] @ E00FF000
* JLink Info: ROMTbl[0][0]: E000E000, CID: B105E00D, PID: 001BB000 SCS
* JLink Info: ROMTbl[0][1]: E0001000, CID: B105E00D, PID: 001BB002 DWT
* JLink Info: ROMTbl[0][2]: E0002000, CID: B105E00D, PID: 000BB003 FPB
* JLink Info: ROMTbl[0][3]: E0000000, CID: B105E00D, PID: 001BB001 ITM
* JLink Info: ROMTbl[0][4]: E0040000, CID: B105900D, PID: 001BB923 TPIU-Lite
ROMTableAddr = 0xE00FF000
* JLink Info: Reset: Halt core after reset via DEMCR.VC_CORERESET.
* JLink Info: Reset: Reset device via AIRCR.SYSRESETREQ.
 
Target info:
------------
Device: STM32F103RB
VTarget = 3.300V
State of Pins: 
TCK: 0, TDI: 0, TDO: 1, TMS: 1, TRES: 1, TRST: 1
Hardware-Breakpoints: 6
Software-Breakpoints: 8192
Watchpoints:          4
JTAG speed: 2000 kHz
 
Erase Done.
Programming Done.
Verify OK.
* JLink Info: Reset: Halt core after reset via DEMCR.VC_CORERESET.
* JLink Info: Reset: Reset device via AIRCR.SYSRESETREQ.
Application running ...
compiling compare.c...
..\Sre\compare.c(119): warning:  #167-D: argument of type "uint8_t *" is incompatible with parameter of type "const char *restrict"
..\Sre\compare.c(121): error:  #65: expected a ";"
..\Sre\compare.c - 1 Error(s), 1 Warning(s).
Build target 'Target 1'
compiling main.c...
..\Sre\main.c(34): error:  #20: identifier "ucTmpeValue" is undefined
..\Sre\main.c(35): error:  #20: identifier "TmpeValue" is undefined
compiling compare.c...
..\Sre\compare.c(119): warning:  #167-D: argument of type "uint8_t *" is incompatible with parameter of type "const char *restrict"
..\Sre\compare.c(121): error:  #65: expected a ";"
Target not created
Build target 'Target 1'
compiling main.c...
compiling compare.c...
..\Sre\compare.c(119): warning:  #167-D: argument of type "uint8_t *" is incompatible with parameter of type "const char *restrict"
..\Sre\compare.c(121): error:  #65: expected a ";"
Target not created
Build target 'Target 1'
compiling compare.c...
..\Sre\compare.c(119): warning:  #167-D: argument of type "uint8_t *" is incompatible with parameter of type "const char *restrict"
linking...
Program Size: Code=13200 RO-data=4828 RW-data=180 ZI-data=1068  
FromELF: creating hex file...
"..\Output\18851276706.axf" - 0 Error(s), 1 Warning(s).
Build target 'Target 1'
compiling compare.c...
linking...
Program Size: Code=13200 RO-data=4828 RW-data=180 ZI-data=1068  
FromELF: creating hex file...
"..\Output\18851276706.axf" - 0 Error(s), 0 Warning(s).
Rebuild target 'Target 1'
assembling startup_stm32f10x_md.s...
compiling core_cm3.c...
compiling system_stm32f10x.c...
compiling stm32f10x_gpio.c...
compiling stm32f10x_rcc.c...
compiling stm32f10x_adc.c...
compiling stm32f10x_exti.c...
compiling stm32f10x_usart.c...
compiling misc.c...
compiling lcd.c...
compiling adc.c...
compiling key.c...
compiling led.c...
compiling usart.c...
compiling main.c...
compiling stm32f10x_it.c...
compiling compare.c...
linking...
Program Size: Code=13200 RO-data=4828 RW-data=180 ZI-data=1068  
FromELF: creating hex file...
"..\Output\18851276706.axf" - 0 Error(s), 0 Warning(s).
Load "..\\Output\\18851276706.AXF" 
Set JLink Project File to "D:\PDF or Files\蓝桥杯练习资料\other project\模拟赛一封装版\Project\JLinkSettings.ini"
* JLink Info: Device "STM32F103RB" selected.
 
JLink info:
------------
DLL: V6.46 , compiled May 23 2019 17:49:56
Firmware: J-Link OB-STM32F072-CortexM compiled Jan  7 2019 14:09:37
Hardware: V1.00
Feature(s) : GDB, RDI, FlashBP, FlashDL, JFlash, RDDI 
 
* JLink Info: Found SW-DP with ID 0x1BA01477
* JLink Info: Found SW-DP with ID 0x1BA01477
* JLink Info: Scanning AP map to find all available APs
* JLink Info: AP[1]: Stopped AP scan as end of AP map has been reached
* JLink Info: AP[0]: AHB-AP (IDR: 0x14770011)
* JLink Info: Iterating through AP map to find AHB-AP to use
* JLink Info: AP[0]: Core found
* JLink Info: AP[0]: AHB-AP ROM base: 0xE00FF000
* JLink Info: CPUID register: 0x411FC231. Implementer code: 0x41 (ARM)
* JLink Info: Found Cortex-M3 r1p1, Little endian.
* JLink Info: FPUnit: 6 code (BP) slots and 2 literal slots
* JLink Info: CoreSight components:
* JLink Info: ROMTbl[0] @ E00FF000
* JLink Info: ROMTbl[0][0]: E000E000, CID: B105E00D, PID: 001BB000 SCS
* JLink Info: ROMTbl[0][1]: E0001000, CID: B105E00D, PID: 001BB002 DWT
* JLink Info: ROMTbl[0][2]: E0002000, CID: B105E00D, PID: 000BB003 FPB
* JLink Info: ROMTbl[0][3]: E0000000, CID: B105E00D, PID: 001BB001 ITM
* JLink Info: ROMTbl[0][4]: E0040000, CID: B105900D, PID: 001BB923 TPIU-Lite
ROMTableAddr = 0xE00FF000
* JLink Info: Reset: Halt core after reset via DEMCR.VC_CORERESET.
* JLink Info: Reset: Reset device via AIRCR.SYSRESETREQ.
 
Target info:
------------
Device: STM32F103RB
VTarget = 3.300V
State of Pins: 
TCK: 0, TDI: 0, TDO: 1, TMS: 1, TRES: 1, TRST: 1
Hardware-Breakpoints: 6
Software-Breakpoints: 8192
Watchpoints:          4
JTAG speed: 2000 kHz
 
Erase Done.
Programming Done.
Verify OK.
* JLink Info: Reset: Halt core after reset via DEMCR.VC_CORERESET.
* JLink Info: Reset: Reset device via AIRCR.SYSRESETREQ.
Application running ...
Build target 'Target 1'
compiling compare.c...
linking...
Program Size: Code=13284 RO-data=4828 RW-data=180 ZI-data=1068  
FromELF: creating hex file...
"..\Output\18851276706.axf" - 0 Error(s), 0 Warning(s).
Build target 'Target 1'
linking...
Program Size: Code=13284 RO-data=4828 RW-data=180 ZI-data=1068  
FromELF: creating hex file...
"..\Output\18851276706.axf" - 0 Error(s), 0 Warning(s).
Build target 'Target 1'
linking...
Program Size: Code=13284 RO-data=4828 RW-data=180 ZI-data=1068  
FromELF: creating hex file...
"..\Output\18851276706.axf" - 0 Error(s), 0 Warning(s).
Load "..\\Output\\18851276706.AXF" 
Set JLink Project File to "D:\PDF or Files\蓝桥杯练习资料\other project\模拟赛一封装版\Project\JLinkSettings.ini"
* JLink Info: Device "STM32F103RB" selected.
 
JLink info:
------------
DLL: V6.46 , compiled May 23 2019 17:49:56
Firmware: J-Link OB-STM32F072-CortexM compiled Jan  7 2019 14:09:37
Hardware: V1.00
Feature(s) : GDB, RDI, FlashBP, FlashDL, JFlash, RDDI 
 
* JLink Info: Found SW-DP with ID 0x1BA01477
* JLink Info: Found SW-DP with ID 0x1BA01477
* JLink Info: Scanning AP map to find all available APs
* JLink Info: AP[1]: Stopped AP scan as end of AP map has been reached
* JLink Info: AP[0]: AHB-AP (IDR: 0x14770011)
* JLink Info: Iterating through AP map to find AHB-AP to use
* JLink Info: AP[0]: Core found
* JLink Info: AP[0]: AHB-AP ROM base: 0xE00FF000
* JLink Info: CPUID register: 0x411FC231. Implementer code: 0x41 (ARM)
* JLink Info: Found Cortex-M3 r1p1, Little endian.
* JLink Info: FPUnit: 6 code (BP) slots and 2 literal slots
* JLink Info: CoreSight components:
* JLink Info: ROMTbl[0] @ E00FF000
* JLink Info: ROMTbl[0][0]: E000E000, CID: B105E00D, PID: 001BB000 SCS
* JLink Info: ROMTbl[0][1]: E0001000, CID: B105E00D, PID: 001BB002 DWT
* JLink Info: ROMTbl[0][2]: E0002000, CID: B105E00D, PID: 000BB003 FPB
* JLink Info: ROMTbl[0][3]: E0000000, CID: B105E00D, PID: 001BB001 ITM
* JLink Info: ROMTbl[0][4]: E0040000, CID: B105900D, PID: 001BB923 TPIU-Lite
ROMTableAddr = 0xE00FF000
* JLink Info: Reset: Halt core after reset via DEMCR.VC_CORERESET.
* JLink Info: Reset: Reset device via AIRCR.SYSRESETREQ.
 
Target info:
------------
Device: STM32F103RB
VTarget = 3.300V
State of Pins: 
TCK: 0, TDI: 0, TDO: 1, TMS: 1, TRES: 1, TRST: 1
Hardware-Breakpoints: 6
Software-Breakpoints: 8192
Watchpoints:          4
JTAG speed: 2000 kHz
 
Erase Done.
Programming Done.
Verify OK.
* JLink Info: Reset: Halt core after reset via DEMCR.VC_CORERESET.
* JLink Info: Reset: Reset device via AIRCR.SYSRESETREQ.
Application running ...
Build target 'Target 1'
compiling main.c...
linking...
Program Size: Code=13348 RO-data=4828 RW-data=180 ZI-data=1068  
FromELF: creating hex file...
"..\Output\18851276706.axf" - 0 Error(s), 0 Warning(s).
Load "..\\Output\\18851276706.AXF" 
Set JLink Project File to "D:\PDF or Files\蓝桥杯练习资料\other project\模拟赛一封装版\Project\JLinkSettings.ini"
* JLink Info: Device "STM32F103RB" selected.
 
JLink info:
------------
DLL: V6.46 , compiled May 23 2019 17:49:56
Firmware: J-Link OB-STM32F072-CortexM compiled Jan  7 2019 14:09:37
Hardware: V1.00
Feature(s) : GDB, RDI, FlashBP, FlashDL, JFlash, RDDI 
 
* JLink Info: Found SW-DP with ID 0x1BA01477
* JLink Info: Found SW-DP with ID 0x1BA01477
* JLink Info: Scanning AP map to find all available APs
* JLink Info: AP[1]: Stopped AP scan as end of AP map has been reached
* JLink Info: AP[0]: AHB-AP (IDR: 0x14770011)
* JLink Info: Iterating through AP map to find AHB-AP to use
* JLink Info: AP[0]: Core found
* JLink Info: AP[0]: AHB-AP ROM base: 0xE00FF000
* JLink Info: CPUID register: 0x411FC231. Implementer code: 0x41 (ARM)
* JLink Info: Found Cortex-M3 r1p1, Little endian.
* JLink Info: FPUnit: 6 code (BP) slots and 2 literal slots
* JLink Info: CoreSight components:
* JLink Info: ROMTbl[0] @ E00FF000
* JLink Info: ROMTbl[0][0]: E000E000, CID: B105E00D, PID: 001BB000 SCS
* JLink Info: ROMTbl[0][1]: E0001000, CID: B105E00D, PID: 001BB002 DWT
* JLink Info: ROMTbl[0][2]: E0002000, CID: B105E00D, PID: 000BB003 FPB
* JLink Info: ROMTbl[0][3]: E0000000, CID: B105E00D, PID: 001BB001 ITM
* JLink Info: ROMTbl[0][4]: E0040000, CID: B105900D, PID: 001BB923 TPIU-Lite
ROMTableAddr = 0xE00FF000
* JLink Info: Reset: Halt core after reset via DEMCR.VC_CORERESET.
* JLink Info: Reset: Reset device via AIRCR.SYSRESETREQ.
 
Target info:
------------
Device: STM32F103RB
VTarget = 3.300V
State of Pins: 
TCK: 0, TDI: 0, TDO: 1, TMS: 1, TRES: 1, TRST: 1
Hardware-Breakpoints: 6
Software-Breakpoints: 8192
Watchpoints:          4
JTAG speed: 2000 kHz
 
Erase Done.
Programming Done.
Verify OK.
* JLink Info: Reset: Halt core after reset via DEMCR.VC_CORERESET.
* JLink Info: Reset: Reset device via AIRCR.SYSRESETREQ.
Application running ...
Build target 'Target 1'
compiling main.c...
linking...
Program Size: Code=13364 RO-data=4828 RW-data=180 ZI-data=1068  
FromELF: creating hex file...
"..\Output\18851276706.axf" - 0 Error(s), 0 Warning(s).
Load "..\\Output\\18851276706.AXF" 
Set JLink Project File to "D:\PDF or Files\蓝桥杯练习资料\other project\模拟赛一封装版\Project\JLinkSettings.ini"
* JLink Info: Device "STM32F103RB" selected.
 
JLink info:
------------
DLL: V6.46 , compiled May 23 2019 17:49:56
Firmware: J-Link OB-STM32F072-CortexM compiled Jan  7 2019 14:09:37
Hardware: V1.00
Feature(s) : GDB, RDI, FlashBP, FlashDL, JFlash, RDDI 
 
* JLink Info: Found SW-DP with ID 0x1BA01477
* JLink Info: Found SW-DP with ID 0x1BA01477
* JLink Info: Scanning AP map to find all available APs
* JLink Info: AP[1]: Stopped AP scan as end of AP map has been reached
* JLink Info: AP[0]: AHB-AP (IDR: 0x14770011)
* JLink Info: Iterating through AP map to find AHB-AP to use
* JLink Info: AP[0]: Core found
* JLink Info: AP[0]: AHB-AP ROM base: 0xE00FF000
* JLink Info: CPUID register: 0x411FC231. Implementer code: 0x41 (ARM)
* JLink Info: Found Cortex-M3 r1p1, Little endian.
* JLink Info: FPUnit: 6 code (BP) slots and 2 literal slots
* JLink Info: CoreSight components:
* JLink Info: ROMTbl[0] @ E00FF000
* JLink Info: ROMTbl[0][0]: E000E000, CID: B105E00D, PID: 001BB000 SCS
* JLink Info: ROMTbl[0][1]: E0001000, CID: B105E00D, PID: 001BB002 DWT
* JLink Info: ROMTbl[0][2]: E0002000, CID: B105E00D, PID: 000BB003 FPB
* JLink Info: ROMTbl[0][3]: E0000000, CID: B105E00D, PID: 001BB001 ITM
* JLink Info: ROMTbl[0][4]: E0040000, CID: B105900D, PID: 001BB923 TPIU-Lite
ROMTableAddr = 0xE00FF000
* JLink Info: Reset: Halt core after reset via DEMCR.VC_CORERESET.
* JLink Info: Reset: Reset device via AIRCR.SYSRESETREQ.
 
Target info:
------------
Device: STM32F103RB
VTarget = 3.300V
State of Pins: 
TCK: 0, TDI: 0, TDO: 1, TMS: 1, TRES: 1, TRST: 1
Hardware-Breakpoints: 6
Software-Breakpoints: 8192
Watchpoints:          4
JTAG speed: 2000 kHz
 
Erase Done.
Programming Done.
Verify OK.
* JLink Info: Reset: Halt core after reset via DEMCR.VC_CORERESET.
* JLink Info: Reset: Reset device via AIRCR.SYSRESETREQ.
Application running ...
Build target 'Target 1'
compiling main.c...
linking...
Program Size: Code=13364 RO-data=4828 RW-data=180 ZI-data=1068  
FromELF: creating hex file...
"..\Output\18851276706.axf" - 0 Error(s), 0 Warning(s).
Load "..\\Output\\18851276706.AXF" 
Set JLink Project File to "D:\PDF or Files\蓝桥杯练习资料\other project\模拟赛一封装版\Project\JLinkSettings.ini"
* JLink Info: Device "STM32F103RB" selected.
 
JLink info:
------------
DLL: V6.46 , compiled May 23 2019 17:49:56
Firmware: J-Link OB-STM32F072-CortexM compiled Jan  7 2019 14:09:37
Hardware: V1.00
Feature(s) : GDB, RDI, FlashBP, FlashDL, JFlash, RDDI 
 
* JLink Info: Found SW-DP with ID 0x1BA01477
* JLink Info: Found SW-DP with ID 0x1BA01477
* JLink Info: Scanning AP map to find all available APs
* JLink Info: AP[1]: Stopped AP scan as end of AP map has been reached
* JLink Info: AP[0]: AHB-AP (IDR: 0x14770011)
* JLink Info: Iterating through AP map to find AHB-AP to use
* JLink Info: AP[0]: Core found
* JLink Info: AP[0]: AHB-AP ROM base: 0xE00FF000
* JLink Info: CPUID register: 0x411FC231. Implementer code: 0x41 (ARM)
* JLink Info: Found Cortex-M3 r1p1, Little endian.
* JLink Info: FPUnit: 6 code (BP) slots and 2 literal slots
* JLink Info: CoreSight components:
* JLink Info: ROMTbl[0] @ E00FF000
* JLink Info: ROMTbl[0][0]: E000E000, CID: B105E00D, PID: 001BB000 SCS
* JLink Info: ROMTbl[0][1]: E0001000, CID: B105E00D, PID: 001BB002 DWT
* JLink Info: ROMTbl[0][2]: E0002000, CID: B105E00D, PID: 000BB003 FPB
* JLink Info: ROMTbl[0][3]: E0000000, CID: B105E00D, PID: 001BB001 ITM
* JLink Info: ROMTbl[0][4]: E0040000, CID: B105900D, PID: 001BB923 TPIU-Lite
ROMTableAddr = 0xE00FF000
* JLink Info: Reset: Halt core after reset via DEMCR.VC_CORERESET.
* JLink Info: Reset: Reset device via AIRCR.SYSRESETREQ.
 
Target info:
------------
Device: STM32F103RB
VTarget = 3.300V
State of Pins: 
TCK: 0, TDI: 0, TDO: 1, TMS: 1, TRES: 1, TRST: 1
Hardware-Breakpoints: 6
Software-Breakpoints: 8192
Watchpoints:          4
JTAG speed: 2000 kHz
 
Erase Done.
Programming Done.
Verify OK.
* JLink Info: Reset: Halt core after reset via DEMCR.VC_CORERESET.
* JLink Info: Reset: Reset device via AIRCR.SYSRESETREQ.
Application running ...
Build target 'Target 1'
compiling main.c...
linking...
Program Size: Code=13364 RO-data=4828 RW-data=180 ZI-data=1068  
FromELF: creating hex file...
"..\Output\18851276706.axf" - 0 Error(s), 0 Warning(s).
Load "..\\Output\\18851276706.AXF" 
Set JLink Project File to "D:\PDF or Files\蓝桥杯练习资料\other project\模拟赛一封装版\Project\JLinkSettings.ini"
* JLink Info: Device "STM32F103RB" selected.
 
JLink info:
------------
DLL: V6.46 , compiled May 23 2019 17:49:56
Firmware: J-Link OB-STM32F072-CortexM compiled Jan  7 2019 14:09:37
Hardware: V1.00
Feature(s) : GDB, RDI, FlashBP, FlashDL, JFlash, RDDI 
 
* JLink Info: Found SW-DP with ID 0x1BA01477
* JLink Info: Found SW-DP with ID 0x1BA01477
* JLink Info: Scanning AP map to find all available APs
* JLink Info: AP[1]: Stopped AP scan as end of AP map has been reached
* JLink Info: AP[0]: AHB-AP (IDR: 0x14770011)
* JLink Info: Iterating through AP map to find AHB-AP to use
* JLink Info: AP[0]: Core found
* JLink Info: AP[0]: AHB-AP ROM base: 0xE00FF000
* JLink Info: CPUID register: 0x411FC231. Implementer code: 0x41 (ARM)
* JLink Info: Found Cortex-M3 r1p1, Little endian.
* JLink Info: FPUnit: 6 code (BP) slots and 2 literal slots
* JLink Info: CoreSight components:
* JLink Info: ROMTbl[0] @ E00FF000
* JLink Info: ROMTbl[0][0]: E000E000, CID: B105E00D, PID: 001BB000 SCS
* JLink Info: ROMTbl[0][1]: E0001000, CID: B105E00D, PID: 001BB002 DWT
* JLink Info: ROMTbl[0][2]: E0002000, CID: B105E00D, PID: 000BB003 FPB
* JLink Info: ROMTbl[0][3]: E0000000, CID: B105E00D, PID: 001BB001 ITM
* JLink Info: ROMTbl[0][4]: E0040000, CID: B105900D, PID: 001BB923 TPIU-Lite
ROMTableAddr = 0xE00FF000
* JLink Info: Reset: Halt core after reset via DEMCR.VC_CORERESET.
* JLink Info: Reset: Reset device via AIRCR.SYSRESETREQ.
 
Target info:
------------
Device: STM32F103RB
VTarget = 3.300V
State of Pins: 
TCK: 0, TDI: 0, TDO: 1, TMS: 1, TRES: 1, TRST: 1
Hardware-Breakpoints: 6
Software-Breakpoints: 8192
Watchpoints:          4
JTAG speed: 2000 kHz
 
Erase Done.
Programming Done.
Verify OK.
* JLink Info: Reset: Halt core after reset via DEMCR.VC_CORERESET.
* JLink Info: Reset: Reset device via AIRCR.SYSRESETREQ.
Application running ...
